stm32f7xx_hal_msp.c:67:6:HAL_MspInit	8	static
stm32f7xx_hal_msp.c:91:6:HAL_ADC_MspInit	48	static
stm32f7xx_hal_msp.c:151:6:HAL_ADC_MspDeInit	8	static
stm32f7xx_hal_msp.c:185:6:HAL_SPI_MspInit	40	static
stm32f7xx_hal_msp.c:222:6:HAL_SPI_MspDeInit	0	static
stm32f7xx_hal_msp.c:252:6:HAL_TIM_Base_MspInit	16	static
stm32f7xx_hal_msp.c:290:6:HAL_TIM_MspPostInit	48	static
stm32f7xx_hal_msp.c:335:6:HAL_TIM_Base_MspDeInit	0	static
stm32f7xx_hal_msp.c:379:6:HAL_UART_MspInit	40	static
stm32f7xx_hal_msp.c:415:6:HAL_UART_MspDeInit	0	static
stm32f7xx_hal_msp.c:444:6:HAL_PCD_MspInit	40	static
stm32f7xx_hal_msp.c:480:6:HAL_PCD_MspDeInit	0	static
