main.c:98:5:main	8	static
main.c:195:6:SystemClock_Config	216	static
main.c:256:13:MX_ADC1_Init	24	static
main.c:322:13:MX_SPI5_Init	8	static
main.c:362:13:MX_TIM1_Init	112	static
main.c:453:13:MX_TIM2_Init	56	static
main.c:509:13:MX_TIM4_Init	64	static
main.c:567:13:MX_USART3_UART_Init	8	static
main.c:602:13:MX_USB_OTG_FS_PCD_Init	8	static
main.c:635:13:MX_DMA_Init	16	static
main.c:653:13:MX_GPIO_Init	56	static
main.c:717:1:__io_putchar	16	static
main.c:726:6:HAL_ADC_ConvCpltCallback	16	static
main.c:740:6:StartDefaultTask	16	static
main.c:761:6:HAL_TIM_PeriodElapsedCallback	16	static
main.c:778:6:Error_Handler	4	static,ignoring_inline_asm
