main.c:93:5:main	8	static
main.c:187:6:SystemClock_Config	216	static
main.c:248:13:MX_ADC1_Init	24	static
main.c:314:13:MX_SPI5_Init	8	static
main.c:354:13:MX_TIM4_Init	64	static
main.c:412:13:MX_USART3_UART_Init	8	static
main.c:447:13:MX_USB_OTG_FS_PCD_Init	8	static
main.c:480:13:MX_DMA_Init	16	static
main.c:498:13:MX_GPIO_Init	56	static
main.c:562:1:__io_putchar	16	static
main.c:571:6:HAL_ADC_ConvCpltCallback	16	static
main.c:585:6:StartDefaultTask	16	static
main.c:606:6:HAL_TIM_PeriodElapsedCallback	16	static
main.c:623:6:Error_Handler	4	static,ignoring_inline_asm
