../App/Motor/Inc/current_sensor.hh:21:2:CurrentSensor::CurrentSensor(uint16_t, float, float, float)	32	static
../App/Motor/Inc/motor_driver.hh:21:2:MotorDriver::MotorDriver(float, float, uint16_t)	24	static
../App/Motor/Inc/motor.hh:40:2:Motor::Motor(Motor::MotorConfig_t, MotorDriver*, Encoder*, CurrentSensor*, PIDController*)	24	static
../App/Src/main_run.cc:31:5:int main_run()	152	static
../App/Src/main_run.cc:84:6:void ADCConvCpltCallback()	8	static
../App/Src/main_run.cc:91:6:void RunAllTests()	8	static
