16:25:29 **** Incremental Build of configuration Debug for project nucleo ****
make -j3 all 
arm-none-eabi-g++ "../App/Test/Src/test_pid_controller.cc" -mcpu=cortex-m7 -std=gnu++14 -g3 -DUSE_HAL_DRIVER -DSTM32F722xx -DDEBUG -c -I../Core/Inc -I../Drivers/STM32F7xx_HAL_Driver/Inc -I../Drivers/STM32F7xx_HAL_Driver/Inc/Legacy -I../Drivers/CMSIS/Device/ST/STM32F7xx/Include -I../Drivers/CMSIS/Include -I../Middlewares/Third_Party/FreeRTOS/Source/include -I../Middlewares/Third_Party/FreeRTOS/Source/CMSIS_RTOS_V2 -I../Middlewares/Third_Party/FreeRTOS/Source/portable/GCC/ARM_CM7/r0p1 -I../App -I../App/Encoder/Inc -I../App/Motor/Inc -I../App/Test/Inc -I../App/PIDController/Inc -O0 -ffunction-sections -fdata-sections -fno-exceptions -fno-rtti -fno-use-cxa-atexit -Wall -fstack-usage -MMD -MP -MF"App/Test/Src/test_pid_controller.d" -MT"App/Test/Src/test_pid_controller.o" --specs=nano.specs -mfpu=fpv5-sp-d16 -mfloat-abi=hard -mthumb -o "App/Test/Src/test_pid_controller.o"
../App/Test/Src/test_pid_controller.cc: In function 'bool TestPIDControllerCreate()':
../App/Test/Src/test_pid_controller.cc:73:1: warning: control reaches end of non-void function [-Wreturn-type]
 }
 ^
arm-none-eabi-g++ -o "nucleo.elf" @"objects.list"   -mcpu=cortex-m7 -T"/Users/jkailimcnelly/Box Sync/Projects/pfb-foc/firmware/nucleo/STM32F722ZETX_FLASH.ld" --specs=nosys.specs -Wl,-Map="nucleo.map" -Wl,--gc-sections -static --specs=nano.specs -mfpu=fpv5-sp-d16 -mfloat-abi=hard -mthumb -u _printf_float -Wl,--start-group -lc -lm -lstdc++ -lsupc++ -Wl,--end-group
Finished building target: nucleo.elf
 
arm-none-eabi-objdump -h -S  nucleo.elf  > "nucleo.list"
arm-none-eabi-objcopy  -O binary  nucleo.elf  "nucleo.bin"
arm-none-eabi-size   nucleo.elf 
   text	   data	    bss	    dec	    hex	filename
  56408	    492	  21924	  78824	  133e8	nucleo.elf
Finished building: default.size.stdout
Finished building: nucleo.bin
 
 
Finished building: nucleo.list
 

16:25:30 Build Finished. 0 errors, 1 warnings. (took 825ms)

