Archive member included to satisfy reference by file (symbol)

/Applications/STM32CubeIDE.app/Contents/Eclipse/plugins/com.st.stm32cube.ide.mcu.externaltools.gnu-tools-for-stm32.7-2018-q2-update.macos64_1.5.0.202011040924/tools/bin/../lib/gcc/arm-none-eabi/7.3.1/../../../../arm-none-eabi/lib/thumb/v7e-m/fpv4-sp/hard/libstdc++_nano.a(guard.o)
                              App/Src/main_run.o (__cxa_guard_acquire)
/Applications/STM32CubeIDE.app/Contents/Eclipse/plugins/com.st.stm32cube.ide.mcu.externaltools.gnu-tools-for-stm32.7-2018-q2-update.macos64_1.5.0.202011040924/tools/bin/../lib/gcc/arm-none-eabi/7.3.1/../../../../arm-none-eabi/lib/thumb/v7e-m/fpv4-sp/hard/libstdc++_nano.a(pure.o)
                              App/Encoder/Src/as5048a.o (__cxa_pure_virtual)
/Applications/STM32CubeIDE.app/Contents/Eclipse/plugins/com.st.stm32cube.ide.mcu.externaltools.gnu-tools-for-stm32.7-2018-q2-update.macos64_1.5.0.202011040924/tools/bin/../lib/gcc/arm-none-eabi/7.3.1/../../../../arm-none-eabi/lib/thumb/v7e-m/fpv4-sp/hard/libstdc++_nano.a(eh_terminate.o)
                              /Applications/STM32CubeIDE.app/Contents/Eclipse/plugins/com.st.stm32cube.ide.mcu.externaltools.gnu-tools-for-stm32.7-2018-q2-update.macos64_1.5.0.202011040924/tools/bin/../lib/gcc/arm-none-eabi/7.3.1/../../../../arm-none-eabi/lib/thumb/v7e-m/fpv4-sp/hard/libstdc++_nano.a(pure.o) (std::terminate())
/Applications/STM32CubeIDE.app/Contents/Eclipse/plugins/com.st.stm32cube.ide.mcu.externaltools.gnu-tools-for-stm32.7-2018-q2-update.macos64_1.5.0.202011040924/tools/bin/../lib/gcc/arm-none-eabi/7.3.1/../../../../arm-none-eabi/lib/thumb/v7e-m/fpv4-sp/hard/libstdc++_nano.a(eh_unex_handler.o)
                              /Applications/STM32CubeIDE.app/Contents/Eclipse/plugins/com.st.stm32cube.ide.mcu.externaltools.gnu-tools-for-stm32.7-2018-q2-update.macos64_1.5.0.202011040924/tools/bin/../lib/gcc/arm-none-eabi/7.3.1/../../../../arm-none-eabi/lib/thumb/v7e-m/fpv4-sp/hard/libstdc++_nano.a(eh_terminate.o) (__cxxabiv1::__unexpected_handler)
/Applications/STM32CubeIDE.app/Contents/Eclipse/plugins/com.st.stm32cube.ide.mcu.externaltools.gnu-tools-for-stm32.7-2018-q2-update.macos64_1.5.0.202011040924/tools/bin/../lib/gcc/arm-none-eabi/7.3.1/../../../../arm-none-eabi/lib/thumb/v7e-m/fpv4-sp/hard/libstdc++_nano.a(eh_term_handler.o)
                              /Applications/STM32CubeIDE.app/Contents/Eclipse/plugins/com.st.stm32cube.ide.mcu.externaltools.gnu-tools-for-stm32.7-2018-q2-update.macos64_1.5.0.202011040924/tools/bin/../lib/gcc/arm-none-eabi/7.3.1/../../../../arm-none-eabi/lib/thumb/v7e-m/fpv4-sp/hard/libstdc++_nano.a(eh_terminate.o) (__cxxabiv1::__terminate_handler)
/Applications/STM32CubeIDE.app/Contents/Eclipse/plugins/com.st.stm32cube.ide.mcu.externaltools.gnu-tools-for-stm32.7-2018-q2-update.macos64_1.5.0.202011040924/tools/bin/../lib/gcc/arm-none-eabi/7.3.1/../../../../arm-none-eabi/lib/thumb/v7e-m/fpv4-sp/hard/libm.a(lib_a-s_floor.o)
                              App/Encoder/Src/encoder.o (floor)
/Applications/STM32CubeIDE.app/Contents/Eclipse/plugins/com.st.stm32cube.ide.mcu.externaltools.gnu-tools-for-stm32.7-2018-q2-update.macos64_1.5.0.202011040924/tools/bin/../lib/gcc/arm-none-eabi/7.3.1/../../../../arm-none-eabi/lib/thumb/v7e-m/fpv4-sp/hard/libc_nano.a(lib_a-abort.o)
                              /Applications/STM32CubeIDE.app/Contents/Eclipse/plugins/com.st.stm32cube.ide.mcu.externaltools.gnu-tools-for-stm32.7-2018-q2-update.macos64_1.5.0.202011040924/tools/bin/../lib/gcc/arm-none-eabi/7.3.1/../../../../arm-none-eabi/lib/thumb/v7e-m/fpv4-sp/hard/libstdc++_nano.a(eh_terminate.o) (abort)
/Applications/STM32CubeIDE.app/Contents/Eclipse/plugins/com.st.stm32cube.ide.mcu.externaltools.gnu-tools-for-stm32.7-2018-q2-update.macos64_1.5.0.202011040924/tools/bin/../lib/gcc/arm-none-eabi/7.3.1/../../../../arm-none-eabi/lib/thumb/v7e-m/fpv4-sp/hard/libc_nano.a(lib_a-errno.o)
                              Core/Src/syscalls.o (__errno)
/Applications/STM32CubeIDE.app/Contents/Eclipse/plugins/com.st.stm32cube.ide.mcu.externaltools.gnu-tools-for-stm32.7-2018-q2-update.macos64_1.5.0.202011040924/tools/bin/../lib/gcc/arm-none-eabi/7.3.1/../../../../arm-none-eabi/lib/thumb/v7e-m/fpv4-sp/hard/libc_nano.a(lib_a-exit.o)
                              /Applications/STM32CubeIDE.app/Contents/Eclipse/plugins/com.st.stm32cube.ide.mcu.externaltools.gnu-tools-for-stm32.7-2018-q2-update.macos64_1.5.0.202011040924/tools/bin/../lib/gcc/arm-none-eabi/7.3.1/../../../../arm-none-eabi/lib/thumb/v7e-m/fpv4-sp/hard/crt0.o (exit)
/Applications/STM32CubeIDE.app/Contents/Eclipse/plugins/com.st.stm32cube.ide.mcu.externaltools.gnu-tools-for-stm32.7-2018-q2-update.macos64_1.5.0.202011040924/tools/bin/../lib/gcc/arm-none-eabi/7.3.1/../../../../arm-none-eabi/lib/thumb/v7e-m/fpv4-sp/hard/libc_nano.a(lib_a-impure.o)
[...]
Memory Configuration

Name             Origin             Length             Attributes
RAM              0x0000000020000000 0x0000000000040000 xrw
FLASH            0x0000000008000000 0x0000000000080000 xr
*default*        0x0000000000000000 0xffffffffffffffff

Linker script and memory map

LOAD /Applications/STM32CubeIDE.app/Contents/Eclipse/plugins/com.st.stm32cube.ide.mcu.externaltools.gnu-tools-for-stm32.7-2018-q2-update.macos64_1.5.0.202011040924/tools/bin/../lib/gcc/arm-none-eabi/7.3.1/thumb/v7e-m/fpv4-sp/hard/crti.o
LOAD /Applications/STM32CubeIDE.app/Contents/Eclipse/plugins/com.st.stm32cube.ide.mcu.externaltools.gnu-tools-for-stm32.7-2018-q2-update.macos64_1.5.0.202011040924/tools/bin/../lib/gcc/arm-none-eabi/7.3.1/thumb/v7e-m/fpv4-sp/hard/crtbegin.o
LOAD /Applications/STM32CubeIDE.app/Contents/Eclipse/plugins/com.st.stm32cube.ide.mcu.externaltools.gnu-tools-for-stm32.7-2018-q2-update.macos64_1.5.0.202011040924/tools/bin/../lib/gcc/arm-none-eabi/7.3.1/../../../../arm-none-eabi/lib/thumb/v7e-m/fpv4-sp/hard/crt0.o
LOAD App/Encoder/Src/as5048a.o
LOAD App/Encoder/Src/encoder.o
LOAD App/Motor/Src/half_bridge.o
LOAD App/Motor/Src/motor.o
LOAD App/Motor/Src/stspin830.o
LOAD App/PIDController/Src/pid_controller.o
LOAD App/Src/main_run.o
LOAD App/Test/Src/test_encoder.o
LOAD App/Test/Src/test_half_bridge.o
LOAD App/Test/Src/test_pid_controller.o
LOAD Core/Src/freertos.o
LOAD Core/Src/main.o
LOAD Core/Src/stm32f7xx_hal_msp.o
LOAD Core/Src/stm32f7xx_hal_timebase_tim.o
LOAD Core/Src/stm32f7xx_it.o
LOAD Core/Src/syscalls.o
LOAD Core/Src/sysmem.o
LOAD Core/Src/system_stm32f7xx.o
LOAD Core/Startup/startup_stm32f722zetx.o
LOAD Drivers/STM32F7xx_HAL_Driver/Src/stm32f7xx_hal.o
LOAD Drivers/STM32F7xx_HAL_Driver/Src/stm32f7xx_hal_adc.o
LOAD Drivers/STM32F7xx_HAL_Driver/Src/stm32f7xx_hal_adc_ex.o
LOAD Drivers/STM32F7xx_HAL_Driver/Src/stm32f7xx_hal_cortex.o
LOAD Drivers/STM32F7xx_HAL_Driver/Src/stm32f7xx_hal_dma.o
LOAD Drivers/STM32F7xx_HAL_Driver/Src/stm32f7xx_hal_dma_ex.o
LOAD Drivers/STM32F7xx_HAL_Driver/Src/stm32f7xx_hal_exti.o
LOAD Drivers/STM32F7xx_HAL_Driver/Src/stm32f7xx_hal_flash.o
LOAD Drivers/STM32F7xx_HAL_Driver/Src/stm32f7xx_hal_flash_ex.o
LOAD Drivers/STM32F7xx_HAL_Driver/Src/stm32f7xx_hal_gpio.o
LOAD Drivers/STM32F7xx_HAL_Driver/Src/stm32f7xx_hal_i2c.o
LOAD Drivers/STM32F7xx_HAL_Driver/Src/stm32f7xx_hal_i2c_ex.o
LOAD Drivers/STM32F7xx_HAL_Driver/Src/stm32f7xx_hal_pcd.o
LOAD Drivers/STM32F7xx_HAL_Driver/Src/stm32f7xx_hal_pcd_ex.o
LOAD Drivers/STM32F7xx_HAL_Driver/Src/stm32f7xx_hal_pwr.o
LOAD Drivers/STM32F7xx_HAL_Driver/Src/stm32f7xx_hal_pwr_ex.o
LOAD Drivers/STM32F7xx_HAL_Driver/Src/stm32f7xx_hal_rcc.o
LOAD Drivers/STM32F7xx_HAL_Driver/Src/stm32f7xx_hal_rcc_ex.o
LOAD Drivers/STM32F7xx_HAL_Driver/Src/stm32f7xx_hal_spi.o
LOAD Drivers/STM32F7xx_HAL_Driver/Src/stm32f7xx_hal_spi_ex.o
LOAD Drivers/STM32F7xx_HAL_Driver/Src/stm32f7xx_hal_tim.o
LOAD Drivers/STM32F7xx_HAL_Driver/Src/stm32f7xx_hal_tim_ex.o
LOAD Drivers/STM32F7xx_HAL_Driver/Src/stm32f7xx_hal_uart.o
LOAD Drivers/STM32F7xx_HAL_Driver/Src/stm32f7xx_hal_uart_ex.o
LOAD Drivers/STM32F7xx_HAL_Driver/Src/stm32f7xx_ll_usb.o
LOAD Middlewares/Third_Party/FreeRTOS/Source/CMSIS_RTOS_V2/cmsis_os2.o
LOAD Middlewares/Third_Party/FreeRTOS/Source/croutine.o
LOAD Middlewares/Third_Party/FreeRTOS/Source/event_groups.o
LOAD Middlewares/Third_Party/FreeRTOS/Source/list.o
LOAD Middlewares/Third_Party/FreeRTOS/Source/queue.o
LOAD Middlewares/Third_Party/FreeRTOS/Source/stream_buffer.o
LOAD Middlewares/Third_Party/FreeRTOS/Source/tasks.o
LOAD Middlewares/Third_Party/FreeRTOS/Source/timers.o
LOAD Middlewares/Third_Party/FreeRTOS/Source/portable/GCC/ARM_CM7/r0p1/port.o
LOAD Middlewares/Third_Party/FreeRTOS/Source/portable/MemMang/heap_4.o
START GROUP
LOAD /Applications/STM32CubeIDE.app/Contents/Eclipse/plugins/com.st.stm32cube.ide.mcu.externaltools.gnu-tools-for-stm32.7-2018-q2-update.macos64_1.5.0.202011040924/tools/bin/../lib/gcc/arm-none-eabi/7.3.1/../../../../arm-none-eabi/lib/thumb/v7e-m/fpv4-sp/hard/libstdc++_nano.a
LOAD /Applications/STM32CubeIDE.app/Contents/Eclipse/plugins/com.st.stm32cube.ide.mcu.externaltools.gnu-tools-for-stm32.7-2018-q2-update.macos64_1.5.0.202011040924/tools/bin/../lib/gcc/arm-none-eabi/7.3.1/../../../../arm-none-eabi/lib/thumb/v7e-m/fpv4-sp/hard/libsupc++_nano.a
END GROUP
LOAD /Applications/STM32CubeIDE.app/Contents/Eclipse/plugins/com.st.stm32cube.ide.mcu.externaltools.gnu-tools-for-stm32.7-2018-q2-update.macos64_1.5.0.202011040924/tools/bin/../lib/gcc/arm-none-eabi/7.3.1/../../../../arm-none-eabi/lib/thumb/v7e-m/fpv4-sp/hard/libstdc++_nano.a
LOAD /Applications/STM32CubeIDE.app/Contents/Eclipse/plugins/com.st.stm32cube.ide.mcu.externaltools.gnu-tools-for-stm32.7-2018-q2-update.macos64_1.5.0.202011040924/tools/bin/../lib/gcc/arm-none-eabi/7.3.1/../../../../arm-none-eabi/lib/thumb/v7e-m/fpv4-sp/hard/libm.a
LOAD /Applications/STM32CubeIDE.app/Contents/Eclipse/plugins/com.st.stm32cube.ide.mcu.externaltools.gnu-tools-for-stm32.7-2018-q2-update.macos64_1.5.0.202011040924/tools/bin/../lib/gcc/arm-none-eabi/7.3.1/../../../../arm-none-eabi/lib/thumb/v7e-m/fpv4-sp/hard/libc_nano.a
START GROUP
LOAD /Applications/STM32CubeIDE.app/Contents/Eclipse/plugins/com.st.stm32cube.ide.mcu.externaltools.gnu-tools-for-stm32.7-2018-q2-update.macos64_1.5.0.202011040924/tools/bin/../lib/gcc/arm-none-eabi/7.3.1/thumb/v7e-m/fpv4-sp/hard/libgcc.a
LOAD /Applications/STM32CubeIDE.app/Contents/Eclipse/plugins/com.st.stm32cube.ide.mcu.externaltools.gnu-tools-for-stm32.7-2018-q2-update.macos64_1.5.0.202011040924/tools/bin/../lib/gcc/arm-none-eabi/7.3.1/../../../../arm-none-eabi/lib/thumb/v7e-m/fpv4-sp/hard/libc_nano.a
END GROUP
START GROUP
LOAD /Applications/STM32CubeIDE.app/Contents/Eclipse/plugins/com.st.stm32cube.ide.mcu.externaltools.gnu-tools-for-stm32.7-2018-q2-update.macos64_1.5.0.202011040924/tools/bin/../lib/gcc/arm-none-eabi/7.3.1/thumb/v7e-m/fpv4-sp/hard/libgcc.a
LOAD /Applications/STM32CubeIDE.app/Contents/Eclipse/plugins/com.st.stm32cube.ide.mcu.externaltools.gnu-tools-for-stm32.7-2018-q2-update.macos64_1.5.0.202011040924/tools/bin/../lib/gcc/arm-none-eabi/7.3.1/../../../../arm-none-eabi/lib/thumb/v7e-m/fpv4-sp/hard/libc_nano.a
LOAD /Applications/STM32CubeIDE.app/Contents/Eclipse/plugins/com.st.stm32cube.ide.mcu.externaltools.gnu-tools-for-stm32.7-2018-q2-update.macos64_1.5.0.202011040924/tools/bin/../lib/gcc/arm-none-eabi/7.3.1/../../../../arm-none-eabi/lib/thumb/v7e-m/fpv4-sp/hard/libnosys.a
END GROUP
START GROUP
LOAD /Applications/STM32CubeIDE.app/Contents/Eclipse/plugins/com.st.stm32cube.ide.mcu.externaltools.gnu-tools-for-stm32.7-2018-q2-update.macos64_1.5.0.202011040924/tools/bin/../lib/gcc/arm-none-eabi/7.3.1/thumb/v7e-m/fpv4-sp/hard/libgcc.a
LOAD /Applications/STM32CubeIDE.app/Contents/Eclipse/plugins/com.st.stm32cube.ide.mcu.externaltools.gnu-tools-for-stm32.7-2018-q2-update.macos64_1.5.0.202011040924/tools/bin/../lib/gcc/arm-none-eabi/7.3.1/../../../../arm-none-eabi/lib/thumb/v7e-m/fpv4-sp/hard/libc_nano.a
LOAD /Applications/STM32CubeIDE.app/Contents/Eclipse/plugins/com.st.stm32cube.ide.mcu.externaltools.gnu-tools-for-stm32.7-2018-q2-update.macos64_1.5.0.202011040924/tools/bin/../lib/gcc/arm-none-eabi/7.3.1/../../../../arm-none-eabi/lib/thumb/v7e-m/fpv4-sp/hard/libnosys.a
END GROUP
LOAD /Applications/STM32CubeIDE.app/Contents/Eclipse/plugins/com.st.stm32cube.ide.mcu.externaltools.gnu-tools-for-stm32.7-2018-q2-update.macos64_1.5.0.202011040924/tools/bin/../lib/gcc/arm-none-eabi/7.3.1/thumb/v7e-m/fpv4-sp/hard/crtend.o
LOAD /Applications/STM32CubeIDE.app/Contents/Eclipse/plugins/com.st.stm32cube.ide.mcu.externaltools.gnu-tools-for-stm32.7-2018-q2-update.macos64_1.5.0.202011040924/tools/bin/../lib/gcc/arm-none-eabi/7.3.1/thumb/v7e-m/fpv4-sp/hard/crtn.o
                0x0000000020040000                _estack = (ORIGIN (RAM) + LENGTH (RAM))
                0x0000000000000200                _Min_Heap_Size = 0x200
                0x0000000000000400                _Min_Stack_Size = 0x400

.isr_vector     0x0000000008000000      0x1e0
                0x0000000008000000                . = ALIGN (0x4)
 *(.isr_vector)
 .isr_vector    0x0000000008000000      0x1e0 Core/Startup/startup_stm32f722zetx.o
                0x0000000008000000                g_pfnVectors
                0x00000000080001e0                . = ALIGN (0x4)

.text           0x00000000080001e0     0xe9c0
                0x00000000080001e0                . = ALIGN (0x4)
 *(.text)
 .text          0x00000000080001e0       0x40 /Applications/STM32CubeIDE.app/Contents/Eclipse/plugins/com.st.stm32cube.ide.mcu.externaltools.gnu-tools-for-stm32.7-2018-q2-update.macos64_1.5.0.202011040924/tools/bin/../lib/gcc/arm-none-eabi/7.3.1/thumb/v7e-m/fpv4-sp/hard/crtbegin.o
 .text          0x0000000008000220       0x10 /Applications/STM32CubeIDE.app/Contents/Eclipse/plugins/com.st.stm32cube.ide.mcu.externaltools.gnu-tools-for-stm32.7-2018-q2-update.macos64_1.5.0.202011040924/tools/bin/../lib/gcc/arm-none-eabi/7.3.1/../../../../arm-none-eabi/lib/thumb/v7e-m/fpv4-sp/hard/libc_nano.a(lib_a-strlen.o)
                0x0000000008000220                strlen
 .text          0x0000000008000230       0xa0 /Applications/STM32CubeIDE.app/Contents/Eclipse/plugins/com.st.stm32cube.ide.mcu.externaltools.gnu-tools-for-stm32.7-2018-q2-update.macos64_1.5.0.202011040924/tools/bin/../lib/gcc/arm-none-eabi/7.3.1/../../../../arm-none-eabi/lib/thumb/v7e-m/fpv4-sp/hard/libc_nano.a(lib_a-memchr.o)
                0x0000000008000230                memchr
 .text          0x00000000080002d0      0x378 /Applications/STM32CubeIDE.app/Contents/Eclipse/plugins/com.st.stm32cube.ide.mcu.externaltools.gnu-tools-for-stm32.7-2018-q2-update.macos64_1.5.0.202011040924/tools/bin/../lib/gcc/arm-none-eabi/7.3.1/thumb/v7e-m/fpv4-sp/hard/libgcc.a(_arm_addsubdf3.o)
                0x00000000080002d0                __aeabi_drsub
                0x00000000080002d8                __subdf3
                0x00000000080002d8                __aeabi_dsub
                0x00000000080002dc                __aeabi_dadd
                0x00000000080002dc                __adddf3
                0x0000000008000554                __aeabi_ui2d
                0x0000000008000554                __floatunsidf
                0x0000000008000574                __floatsidf
                0x0000000008000574                __aeabi_i2d
                0x0000000008000598                __extendsfdf2
                0x0000000008000598                __aeabi_f2d
                0x00000000080005dc                __aeabi_ul2d
                0x00000000080005dc                __floatundidf
                0x00000000080005ec                __aeabi_l2d
                0x00000000080005ec                __floatdidf
 .text          0x0000000008000648      0x424 /Applications/STM32CubeIDE.app/Contents/Eclipse/plugins/com.st.stm32cube.ide.mcu.externaltools.gnu-tools-for-stm32.7-2018-q2-update.macos64_1.5.0.202011040924/tools/bin/../lib/gcc/arm-none-eabi/7.3.1/thumb/v7e-m/fpv4-sp/hard/libgcc.a(_arm_muldivdf3.o)
                0x0000000008000648                __aeabi_dmul
                0x0000000008000648                __muldf3
                0x000000000800089c                __aeabi_ddiv
                0x000000000800089c                __divdf3
 .text          0x0000000008000a6c      0x110 /Applications/STM32CubeIDE.app/Contents/Eclipse/plugins/com.st.stm32cube.ide.mcu.externaltools.gnu-tools-for-stm32.7-2018-q2-update.macos64_1.5.0.202011040924/tools/bin/../lib/gcc/arm-none-eabi/7.3.1/thumb/v7e-m/fpv4-sp/hard/libgcc.a(_arm_cmpdf2.o)
                0x0000000008000a6c                __gedf2
                0x0000000008000a6c                __gtdf2
                0x0000000008000a74                __ledf2
                0x0000000008000a74                __ltdf2
                0x0000000008000a7c                __cmpdf2
                0x0000000008000a7c                __eqdf2
                0x0000000008000a7c                __nedf2
                0x0000000008000af8                __aeabi_cdrcmple
                0x0000000008000b08                __aeabi_cdcmple
                0x0000000008000b08                __aeabi_cdcmpeq
                0x0000000008000b18                __aeabi_dcmpeq
                0x0000000008000b2c                __aeabi_dcmplt
                0x0000000008000b40                __aeabi_dcmple
                0x0000000008000b54                __aeabi_dcmpge
                0x0000000008000b68                __aeabi_dcmpgt
 .text          0x0000000008000b7c       0x2c /Applications/STM32CubeIDE.app/Contents/Eclipse/plugins/com.st.stm32cube.ide.mcu.externaltools.gnu-tools-for-stm32.7-2018-q2-update.macos64_1.5.0.202011040924/tools/bin/../lib/gcc/arm-none-eabi/7.3.1/thumb/v7e-m/fpv4-sp/hard/libgcc.a(_arm_unorddf2.o)
                0x0000000008000b7c                __aeabi_dcmpun
                0x0000000008000b7c                __unorddf2
 .text          0x0000000008000ba8       0x50 /Applications/STM32CubeIDE.app/Contents/Eclipse/plugins/com.st.stm32cube.ide.mcu.externaltools.gnu-tools-for-stm32.7-2018-q2-update.macos64_1.5.0.202011040924/tools/bin/../lib/gcc/arm-none-eabi/7.3.1/thumb/v7e-m/fpv4-sp/hard/libgcc.a(_arm_fixdfsi.o)
                0x0000000008000ba8                __fixdfsi
                0x0000000008000ba8                __aeabi_d2iz
 .text          0x0000000008000bf8       0xa0 /Applications/STM32CubeIDE.app/Contents/Eclipse/plugins/com.st.stm32cube.ide.mcu.externaltools.gnu-tools-for-stm32.7-2018-q2-update.macos64_1.5.0.202011040924/tools/bin/../lib/gcc/arm-none-eabi/7.3.1/thumb/v7e-m/fpv4-sp/hard/libgcc.a(_arm_truncdfsf2.o)
                0x0000000008000bf8                __aeabi_d2f
                0x0000000008000bf8                __truncdfsf2
 .text          0x0000000008000c98       0x30 /Applications/STM32CubeIDE.app/Contents/Eclipse/plugins/com.st.stm32cube.ide.mcu.externaltools.gnu-tools-for-stm32.7-2018-q2-update.macos64_1.5.0.202011040924/tools/bin/../lib/gcc/arm-none-eabi/7.3.1/thumb/v7e-m/fpv4-sp/hard/libgcc.a(_aeabi_uldivmod.o)
                0x0000000008000c98                __aeabi_uldivmod
 .text          0x0000000008000cc8      0x2cc /Applications/STM32CubeIDE.app/Contents/Eclipse/plugins/com.st.stm32cube.ide.mcu.externaltools.gnu-tools-for-stm32.7-2018-q2-update.macos64_1.5.0.202011040924/tools/bin/../lib/gcc/arm-none-eabi/7.3.1/thumb/v7e-m/fpv4-sp/hard/libgcc.a(_udivmoddi4.o)
                0x0000000008000cc8                __udivmoddi4
 .text          0x0000000008000f94        0x4 /Applications/STM32CubeIDE.app/Contents/Eclipse/plugins/com.st.stm32cube.ide.mcu.externaltools.gnu-tools-for-stm32.7-2018-q2-update.macos64_1.5.0.202011040924/tools/bin/../lib/gcc/arm-none-eabi/7.3.1/thumb/v7e-m/fpv4-sp/hard/libgcc.a(_dvmd_tls.o)
                0x0000000008000f94                __aeabi_ldiv0
                0x0000000008000f94                __aeabi_idiv0
 *(.text*)
 .text._ZN7EncoderC2Ev
                0x0000000008000f98       0x30 App/Encoder/Src/as5048a.o
                0x0000000008000f98                Encoder::Encoder()
                0x0000000008000f98                Encoder::Encoder()
 .text._ZN7AS5048AC2EP19__SPI_HandleTypeDefP12GPIO_TypeDeftm
                0x0000000008000fc8       0x44 App/Encoder/Src/as5048a.o
                0x0000000008000fc8                AS5048A::AS5048A(__SPI_HandleTypeDef*, GPIO_TypeDef*, unsigned short, unsigned long)
                0x0000000008000fc8                AS5048A::AS5048A(__SPI_HandleTypeDef*, GPIO_TypeDef*, unsigned short, unsigned long)
 .text._ZN7AS5048A4InitEv
                0x000000000800100c       0x16 App/Encoder/Src/as5048a.o
                0x000000000800100c                AS5048A::Init()
 .text._ZN7AS5048A6UpdateEv
                0x0000000008001022       0x26 App/Encoder/Src/as5048a.o
                0x0000000008001022                AS5048A::Update()
 .text._ZN7AS5048A15CalcEvenParity_Et
                0x0000000008001048       0x4a App/Encoder/Src/as5048a.o
                0x0000000008001048                AS5048A::CalcEvenParity_(unsigned short)
 .text._ZN7AS5048A20CreateCommandPacket_Eth
                0x0000000008001092       0x52 App/Encoder/Src/as5048a.o
                0x0000000008001092                AS5048A::CreateCommandPacket_(unsigned short, unsigned char)
 .text._ZN7AS5048A18CreateWritePacket_Et
                0x00000000080010e4       0x38 App/Encoder/Src/as5048a.o
                0x00000000080010e4                AS5048A::CreateWritePacket_(unsigned short)
 .text._ZN7AS5048A20ParseReceivedPacket_Et
                0x000000000800111c       0x52 App/Encoder/Src/as5048a.o
                0x000000000800111c                AS5048A::ParseReceivedPacket_(unsigned short)
 *fill*         0x000000000800116e        0x2 
 .text._ZN7AS5048A10ReadAngle_Ev
                0x0000000008001170       0x94 App/Encoder/Src/as5048a.o
                0x0000000008001170                AS5048A::ReadAngle_()
 .text._ZN7AS5048A15ClearErrorFlag_Ev
                0x0000000008001204       0x48 App/Encoder/Src/as5048a.o
                0x0000000008001204                AS5048A::ClearErrorFlag_()
 .text._ZN7AS5048A14SPITransmit16_Et
                0x000000000800124c       0x54 App/Encoder/Src/as5048a.o
                0x000000000800124c                AS5048A::SPITransmit16_(unsigned short)
 .text._ZN7AS5048A21SPITransmitReceive16_Et
                0x00000000080012a0       0x7a App/Encoder/Src/as5048a.o
                0x00000000080012a0                AS5048A::SPITransmitReceive16_(unsigned short)
 *fill*         0x000000000800131a        0x2 
 .text._ZN7Encoder10WrapAngle_Ef
                0x000000000800131c       0x9c App/Encoder/Src/encoder.o
                0x000000000800131c                Encoder::WrapAngle_(float)
 .text._ZN7Encoder14set_zero_angleEf
                0x00000000080013b8       0x28 App/Encoder/Src/encoder.o
                0x00000000080013b8                Encoder::set_zero_angle(float)
 .text._ZN7Encoder9get_angleEv
                0x00000000080013e0       0x30 App/Encoder/Src/encoder.o
                0x00000000080013e0                Encoder::get_angle()
 .text._ZN7Encoder9set_angleEf
                0x0000000008001410       0x28 App/Encoder/Src/encoder.o
                0x0000000008001410                Encoder::set_angle(float)
 .text._ZN10HalfBridge18set_target_currentEf
                0x0000000008001438       0x1e App/Motor/Src/half_bridge.o
                0x0000000008001438                HalfBridge::set_target_current(float)
 .text._ZN10HalfBridge18get_target_currentEv
                0x0000000008001456       0x1e App/Motor/Src/half_bridge.o
                0x0000000008001456                HalfBridge::get_target_current()
 .text._ZN10HalfBridge11get_op_modeEv
                0x0000000008001474       0x18 App/Motor/Src/half_bridge.o
                0x0000000008001474                HalfBridge::get_op_mode()
 .text._Z13GetTickMicrosv
                0x000000000800148c       0x38 App/Motor/Src/stspin830.o
                0x000000000800148c                GetTickMicros()
 .text._ZN9STSPIN8304InitEv
                0x00000000080014c4       0x42 App/Motor/Src/stspin830.o
                0x00000000080014c4                STSPIN830::Init()
 *fill*         0x0000000008001506        0x2 
 .text._ZN9STSPIN8306UpdateEv
                0x0000000008001508      0x210 App/Motor/Src/stspin830.o
                0x0000000008001508                STSPIN830::Update()
 .text._ZN13PIDControllerC2EfffRKf
                0x0000000008001718       0x7c App/PIDController/Src/pid_controller.o
                0x0000000008001718                PIDController::PIDController(float, float, float, float const&)
                0x0000000008001718                PIDController::PIDController(float, float, float, float const&)
 .text._ZN13PIDController6UpdateEf
                0x0000000008001794      0x13e App/PIDController/Src/pid_controller.o
                0x0000000008001794                PIDController::Update(float)
 *fill*         0x00000000080018d2        0x2 
 .text._ZN13PIDController5ResetEv
                0x00000000080018d4       0x50 App/PIDController/Src/pid_controller.o
                0x00000000080018d4                PIDController::Reset()
 .text._ZN13PIDController10get_outputEv
                0x0000000008001924       0x20 App/PIDController/Src/pid_controller.o
                0x0000000008001924                PIDController::get_output()
 .text._ZN10HalfBridgeC2Ev
                0x0000000008001944       0x38 App/Src/main_run.o
                0x0000000008001944                HalfBridge::HalfBridge()
                0x0000000008001944                HalfBridge::HalfBridge()
 .text._ZN9STSPIN830C2EP17TIM_HandleTypeDefmRVKt
                0x000000000800197c       0x8c App/Src/main_run.o
                0x000000000800197c                STSPIN830::STSPIN830(TIM_HandleTypeDef*, unsigned long, unsigned short const volatile&)
                0x000000000800197c                STSPIN830::STSPIN830(TIM_HandleTypeDef*, unsigned long, unsigned short const volatile&)
 .text.main_run
                0x0000000008001a08       0xc8 App/Src/main_run.o
                0x0000000008001a08                main_run
 .text._Z10startTask1Pv
                0x0000000008001ad0       0x88 App/Src/main_run.o
                0x0000000008001ad0                startTask1(void*)
 .text._Z21StartMotorControlTaskPv
                0x0000000008001b58       0x44 App/Src/main_run.o
                0x0000000008001b58                StartMotorControlTask(void*)
 .text._Z11RunAllTestsv
                0x0000000008001b9c       0x14 App/Src/main_run.o
                0x0000000008001b9c                RunAllTests()
 .text._Z17TestEncoderCreatev
                0x0000000008001bb0       0x6c App/Test/Src/test_encoder.o
                0x0000000008001bb0                TestEncoderCreate()
 .text._Z15TestEncoderZerov
                0x0000000008001c1c      0x108 App/Test/Src/test_encoder.o
                0x0000000008001c1c                TestEncoderZero()
 .text._Z16TestEncoderAnglev
                0x0000000008001d24      0x10c App/Test/Src/test_encoder.o
                0x0000000008001d24                TestEncoderAngle()
 .text._Z17TestAS5048AParityv
                0x0000000008001e30      0x114 App/Test/Src/test_encoder.o
                0x0000000008001e30                TestAS5048AParity()
 .text._Z18TestAS5048APacketsv
                0x0000000008001f44      0x1ec App/Test/Src/test_encoder.o
                0x0000000008001f44                TestAS5048APackets()
 .text._Z14TestEncoderAllv
                0x0000000008002130       0xd8 App/Test/Src/test_encoder.o
                0x0000000008002130                TestEncoderAll()
 .text._Z20TestHalfBridgeCreatev
                0x0000000008002208       0x58 App/Test/Src/test_half_bridge.o
                0x0000000008002208                TestHalfBridgeCreate()
 .text._Z17TestHalfBridgeAllv
                0x0000000008002260       0x54 App/Test/Src/test_half_bridge.o
                0x0000000008002260                TestHalfBridgeAll()
 .text._Z23TestPIDControllerCreatev
                0x00000000080022b4      0x1e0 App/Test/Src/test_pid_controller.o
                0x00000000080022b4                TestPIDControllerCreate()
 *fill*         0x0000000008002494        0x4 
 .text._Z25TestPIDControllerResponsev
                0x0000000008002498      0x518 App/Test/Src/test_pid_controller.o
                0x0000000008002498                TestPIDControllerResponse()
 .text._Z20TestPIDControllerAllv
                0x00000000080029b0       0x6c App/Test/Src/test_pid_controller.o
                0x00000000080029b0                TestPIDControllerAll()
 .text._Z10CheckCloseIfEbT_S0_S0_
                0x0000000008002a1c       0x58 App/Test/Src/test_pid_controller.o
                0x0000000008002a1c                bool CheckClose<float>(float, float, float)
 .text.main     0x0000000008002a74       0xb4 Core/Src/main.o
                0x0000000008002a74                main
 .text.SystemClock_Config
                0x0000000008002b28      0x12c Core/Src/main.o
                0x0000000008002b28                SystemClock_Config
 .text.MX_ADC1_Init
                0x0000000008002c54       0xdc Core/Src/main.o
 .text.MX_SPI5_Init
                0x0000000008002d30       0x7c Core/Src/main.o
 .text.MX_TIM1_Init
                0x0000000008002dac      0x194 Core/Src/main.o
 .text.MX_TIM2_Init
                0x0000000008002f40       0xd8 Core/Src/main.o
 .text.MX_TIM4_Init
                0x0000000008003018       0xec Core/Src/main.o
 .text.MX_USART3_UART_Init
                0x0000000008003104       0x60 Core/Src/main.o
 .text.MX_USB_OTG_FS_PCD_Init
                0x0000000008003164       0x5c Core/Src/main.o
 .text.MX_DMA_Init
                0x00000000080031c0       0x3c Core/Src/main.o
 .text.MX_GPIO_Init
                0x00000000080031fc      0x16c Core/Src/main.o
 .text.__io_putchar
                0x0000000008003368       0x28 Core/Src/main.o
                0x0000000008003368                __io_putchar
 .text.HAL_ADC_ConvCpltCallback
                0x0000000008003390       0x4c Core/Src/main.o
                0x0000000008003390                HAL_ADC_ConvCpltCallback
 .text.StartDefaultTask
                0x00000000080033dc       0x16 Core/Src/main.o
                0x00000000080033dc                StartDefaultTask
 *fill*         0x00000000080033f2        0x2 
 .text.HAL_TIM_PeriodElapsedCallback
                0x00000000080033f4       0x24 Core/Src/main.o
                0x00000000080033f4                HAL_TIM_PeriodElapsedCallback
 .text.Error_Handler
                0x0000000008003418        0x8 Core/Src/main.o
                0x0000000008003418                Error_Handler
 .text.HAL_MspInit
                0x0000000008003420       0x50 Core/Src/stm32f7xx_hal_msp.o
                0x0000000008003420                HAL_MspInit
 .text.HAL_ADC_MspInit
                0x0000000008003470      0x11c Core/Src/stm32f7xx_hal_msp.o
                0x0000000008003470                HAL_ADC_MspInit
 .text.HAL_SPI_MspInit
                0x000000000800358c       0x88 Core/Src/stm32f7xx_hal_msp.o
                0x000000000800358c                HAL_SPI_MspInit
 .text.HAL_TIM_Base_MspInit
                0x0000000008003614       0x8c Core/Src/stm32f7xx_hal_msp.o
                0x0000000008003614                HAL_TIM_Base_MspInit
 .text.HAL_TIM_MspPostInit
                0x00000000080036a0       0xb0 Core/Src/stm32f7xx_hal_msp.o
                0x00000000080036a0                HAL_TIM_MspPostInit
 .text.HAL_UART_MspInit
                0x0000000008003750       0x88 Core/Src/stm32f7xx_hal_msp.o
                0x0000000008003750                HAL_UART_MspInit
 .text.HAL_PCD_MspInit
                0x00000000080037d8       0x9c Core/Src/stm32f7xx_hal_msp.o
                0x00000000080037d8                HAL_PCD_MspInit
 .text.HAL_InitTick
                0x0000000008003874       0xb0 Core/Src/stm32f7xx_hal_timebase_tim.o
                0x0000000008003874                HAL_InitTick
 .text.NMI_Handler
                0x0000000008003924        0x6 Core/Src/stm32f7xx_it.o
                0x0000000008003924                NMI_Handler
 .text.HardFault_Handler
                0x000000000800392a        0x6 Core/Src/stm32f7xx_it.o
                0x000000000800392a                HardFault_Handler
 .text.MemManage_Handler
                0x0000000008003930        0x6 Core/Src/stm32f7xx_it.o
                0x0000000008003930                MemManage_Handler
 .text.BusFault_Handler
                0x0000000008003936        0x6 Core/Src/stm32f7xx_it.o
                0x0000000008003936                BusFault_Handler
 .text.UsageFault_Handler
                0x000000000800393c        0x6 Core/Src/stm32f7xx_it.o
                0x000000000800393c                UsageFault_Handler
 .text.DebugMon_Handler
                0x0000000008003942        0xe Core/Src/stm32f7xx_it.o
                0x0000000008003942                DebugMon_Handler
 .text.TIM6_DAC_IRQHandler
                0x0000000008003950       0x14 Core/Src/stm32f7xx_it.o
                0x0000000008003950                TIM6_DAC_IRQHandler
 .text.DMA2_Stream0_IRQHandler
                0x0000000008003964       0x14 Core/Src/stm32f7xx_it.o
                0x0000000008003964                DMA2_Stream0_IRQHandler
 .text._getpid  0x0000000008003978       0x10 Core/Src/syscalls.o
                0x0000000008003978                _getpid
 .text._kill    0x0000000008003988       0x20 Core/Src/syscalls.o
                0x0000000008003988                _kill
 .text._exit    0x00000000080039a8       0x14 Core/Src/syscalls.o
                0x00000000080039a8                _exit
 .text._read    0x00000000080039bc       0x3a Core/Src/syscalls.o
                0x00000000080039bc                _read
 .text._write   0x00000000080039f6       0x38 Core/Src/syscalls.o
                0x00000000080039f6                _write
 .text._close   0x0000000008003a2e       0x18 Core/Src/syscalls.o
                0x0000000008003a2e                _close
 .text._fstat   0x0000000008003a46       0x20 Core/Src/syscalls.o
                0x0000000008003a46                _fstat
 .text._isatty  0x0000000008003a66       0x16 Core/Src/syscalls.o
                0x0000000008003a66                _isatty
 .text._lseek   0x0000000008003a7c       0x1a Core/Src/syscalls.o
                0x0000000008003a7c                _lseek
 *fill*         0x0000000008003a96        0x2 
 .text._sbrk    0x0000000008003a98       0x6c Core/Src/sysmem.o
                0x0000000008003a98                _sbrk
 .text.SystemInit
                0x0000000008003b04       0x2c Core/Src/system_stm32f7xx.o
                0x0000000008003b04                SystemInit
 .text.Reset_Handler
                0x0000000008003b30       0x50 Core/Startup/startup_stm32f722zetx.o
                0x0000000008003b30                Reset_Handler
 .text.Default_Handler
                0x0000000008003b80        0x2 Core/Startup/startup_stm32f722zetx.o
                0x0000000008003b80                DMA1_Stream3_IRQHandler
                0x0000000008003b80                EXTI2_IRQHandler
                0x0000000008003b80                TIM8_CC_IRQHandler
                0x0000000008003b80                UART8_IRQHandler
                0x0000000008003b80                SPI4_IRQHandler
                0x0000000008003b80                TIM1_CC_IRQHandler
                0x0000000008003b80                DMA2_Stream5_IRQHandler
                0x0000000008003b80                DMA1_Stream5_IRQHandler
                0x0000000008003b80                PVD_IRQHandler
                0x0000000008003b80                TAMP_STAMP_IRQHandler
                0x0000000008003b80                EXTI3_IRQHandler
                0x0000000008003b80                TIM8_TRG_COM_TIM14_IRQHandler
                0x0000000008003b80                TIM1_UP_TIM10_IRQHandler
                0x0000000008003b80                TIM8_UP_TIM13_IRQHandler
                0x0000000008003b80                I2C3_ER_IRQHandler
                0x0000000008003b80                EXTI0_IRQHandler
                0x0000000008003b80                I2C2_EV_IRQHandler
                0x0000000008003b80                DMA1_Stream2_IRQHandler
                0x0000000008003b80                CAN1_RX0_IRQHandler
                0x0000000008003b80                FPU_IRQHandler
                0x0000000008003b80                OTG_HS_WKUP_IRQHandler
                0x0000000008003b80                DMA2_Stream2_IRQHandler
                0x0000000008003b80                SPI1_IRQHandler
                0x0000000008003b80                TIM1_BRK_TIM9_IRQHandler
                0x0000000008003b80                DMA2_Stream3_IRQHandler
                0x0000000008003b80                SAI2_IRQHandler
                0x0000000008003b80                USART6_IRQHandler
                0x0000000008003b80                USART3_IRQHandler
                0x0000000008003b80                CAN1_RX1_IRQHandler
                0x0000000008003b80                UART5_IRQHandler
                0x0000000008003b80                TIM4_IRQHandler
                0x0000000008003b80                QUADSPI_IRQHandler
                0x0000000008003b80                I2C1_EV_IRQHandler
                0x0000000008003b80                DMA1_Stream6_IRQHandler
                0x0000000008003b80                DMA1_Stream1_IRQHandler
                0x0000000008003b80                UART4_IRQHandler
                0x0000000008003b80                TIM3_IRQHandler
                0x0000000008003b80                RCC_IRQHandler
                0x0000000008003b80                TIM8_BRK_TIM12_IRQHandler
                0x0000000008003b80                Default_Handler
                0x0000000008003b80                EXTI15_10_IRQHandler
                0x0000000008003b80                ADC_IRQHandler
                0x0000000008003b80                DMA1_Stream7_IRQHandler
                0x0000000008003b80                SPI5_IRQHandler
                0x0000000008003b80                TIM7_IRQHandler
                0x0000000008003b80                SDMMC1_IRQHandler
                0x0000000008003b80                TIM5_IRQHandler
                0x0000000008003b80                DMA2_Stream7_IRQHandler
                0x0000000008003b80                I2C3_EV_IRQHandler
                0x0000000008003b80                EXTI9_5_IRQHandler
                0x0000000008003b80                RTC_WKUP_IRQHandler
                0x0000000008003b80                SPI2_IRQHandler
                0x0000000008003b80                OTG_HS_EP1_IN_IRQHandler
                0x0000000008003b80                DMA1_Stream0_IRQHandler
                0x0000000008003b80                CAN1_TX_IRQHandler
                0x0000000008003b80                EXTI4_IRQHandler
                0x0000000008003b80                RNG_IRQHandler
                0x0000000008003b80                OTG_HS_EP1_OUT_IRQHandler
                0x0000000008003b80                WWDG_IRQHandler
                0x0000000008003b80                TIM2_IRQHandler
                0x0000000008003b80                OTG_FS_WKUP_IRQHandler
                0x0000000008003b80                TIM1_TRG_COM_TIM11_IRQHandler
                0x0000000008003b80                OTG_HS_IRQHandler
                0x0000000008003b80                EXTI1_IRQHandler
                0x0000000008003b80                SDMMC2_IRQHandler
                0x0000000008003b80                UART7_IRQHandler
                0x0000000008003b80                USART2_IRQHandler
                0x0000000008003b80                I2C2_ER_IRQHandler
                0x0000000008003b80                DMA2_Stream1_IRQHandler
                0x0000000008003b80                CAN1_SCE_IRQHandler
                0x0000000008003b80                FLASH_IRQHandler
                0x0000000008003b80                DMA2_Stream4_IRQHandler
                0x0000000008003b80                USART1_IRQHandler
                0x0000000008003b80                OTG_FS_IRQHandler
                0x0000000008003b80                SPI3_IRQHandler
                0x0000000008003b80                DMA1_Stream4_IRQHandler
                0x0000000008003b80                I2C1_ER_IRQHandler
                0x0000000008003b80                FMC_IRQHandler
                0x0000000008003b80                LPTIM1_IRQHandler
                0x0000000008003b80                DMA2_Stream6_IRQHandler
                0x0000000008003b80                SAI1_IRQHandler
                0x0000000008003b80                RTC_Alarm_IRQHandler
 .text.HAL_Init
                0x0000000008003b82       0x1a Drivers/STM32F7xx_HAL_Driver/Src/stm32f7xx_hal.o
                0x0000000008003b82                HAL_Init
 .text.HAL_IncTick
                0x0000000008003b9c       0x28 Drivers/STM32F7xx_HAL_Driver/Src/stm32f7xx_hal.o
                0x0000000008003b9c                HAL_IncTick
 .text.HAL_GetTick
                0x0000000008003bc4       0x18 Drivers/STM32F7xx_HAL_Driver/Src/stm32f7xx_hal.o
                0x0000000008003bc4                HAL_GetTick
 .text.HAL_Delay
                0x0000000008003bdc       0x44 Drivers/STM32F7xx_HAL_Driver/Src/stm32f7xx_hal.o
                0x0000000008003bdc                HAL_Delay
 .text.HAL_ADC_Init
                0x0000000008003c20       0x88 Drivers/STM32F7xx_HAL_Driver/Src/stm32f7xx_hal_adc.o
                0x0000000008003c20                HAL_ADC_Init
 .text.HAL_ADC_Start_DMA
                0x0000000008003ca8      0x1dc Drivers/STM32F7xx_HAL_Driver/Src/stm32f7xx_hal_adc.o
                0x0000000008003ca8                HAL_ADC_Start_DMA
 .text.HAL_ADC_ConvHalfCpltCallback
                0x0000000008003e84       0x14 Drivers/STM32F7xx_HAL_Driver/Src/stm32f7xx_hal_adc.o
                0x0000000008003e84                HAL_ADC_ConvHalfCpltCallback
 .text.HAL_ADC_ErrorCallback
                0x0000000008003e98       0x14 Drivers/STM32F7xx_HAL_Driver/Src/stm32f7xx_hal_adc.o
                0x0000000008003e98                HAL_ADC_ErrorCallback
 .text.HAL_ADC_ConfigChannel
                0x0000000008003eac      0x294 Drivers/STM32F7xx_HAL_Driver/Src/stm32f7xx_hal_adc.o
                0x0000000008003eac                HAL_ADC_ConfigChannel
 .text.ADC_Init
                0x0000000008004140      0x1f4 Drivers/STM32F7xx_HAL_Driver/Src/stm32f7xx_hal_adc.o
 .text.ADC_DMAConvCplt
                0x0000000008004334       0xba Drivers/STM32F7xx_HAL_Driver/Src/stm32f7xx_hal_adc.o
 .text.ADC_DMAHalfConvCplt
                0x00000000080043ee       0x1c Drivers/STM32F7xx_HAL_Driver/Src/stm32f7xx_hal_adc.o
 .text.ADC_DMAError
                0x000000000800440a       0x2e Drivers/STM32F7xx_HAL_Driver/Src/stm32f7xx_hal_adc.o
 .text.__NVIC_SetPriorityGrouping
                0x0000000008004438       0x48 Drivers/STM32F7xx_HAL_Driver/Src/stm32f7xx_hal_cortex.o
 .text.__NVIC_GetPriorityGrouping
                0x0000000008004480       0x1c Drivers/STM32F7xx_HAL_Driver/Src/stm32f7xx_hal_cortex.o
 .text.__NVIC_EnableIRQ
                0x000000000800449c       0x3c Drivers/STM32F7xx_HAL_Driver/Src/stm32f7xx_hal_cortex.o
 .text.__NVIC_SetPriority
                0x00000000080044d8       0x54 Drivers/STM32F7xx_HAL_Driver/Src/stm32f7xx_hal_cortex.o
 .text.NVIC_EncodePriority
                0x000000000800452c       0x66 Drivers/STM32F7xx_HAL_Driver/Src/stm32f7xx_hal_cortex.o
 .text.HAL_NVIC_SetPriorityGrouping
                0x0000000008004592       0x16 Drivers/STM32F7xx_HAL_Driver/Src/stm32f7xx_hal_cortex.o
                0x0000000008004592                HAL_NVIC_SetPriorityGrouping
 .text.HAL_NVIC_SetPriority
                0x00000000080045a8       0x38 Drivers/STM32F7xx_HAL_Driver/Src/stm32f7xx_hal_cortex.o
                0x00000000080045a8                HAL_NVIC_SetPriority
 .text.HAL_NVIC_EnableIRQ
                0x00000000080045e0       0x1c Drivers/STM32F7xx_HAL_Driver/Src/stm32f7xx_hal_cortex.o
                0x00000000080045e0                HAL_NVIC_EnableIRQ
 .text.HAL_DMA_Init
                0x00000000080045fc      0x15c Drivers/STM32F7xx_HAL_Driver/Src/stm32f7xx_hal_dma.o
                0x00000000080045fc                HAL_DMA_Init
 .text.HAL_DMA_Start_IT
                0x0000000008004758       0xc0 Drivers/STM32F7xx_HAL_Driver/Src/stm32f7xx_hal_dma.o
                0x0000000008004758                HAL_DMA_Start_IT
 .text.HAL_DMA_IRQHandler
                0x0000000008004818      0x314 Drivers/STM32F7xx_HAL_Driver/Src/stm32f7xx_hal_dma.o
                0x0000000008004818                HAL_DMA_IRQHandler
 .text.DMA_SetConfig
                0x0000000008004b2c       0x5c Drivers/STM32F7xx_HAL_Driver/Src/stm32f7xx_hal_dma.o
 .text.DMA_CalcBaseAndBitshift
                0x0000000008004b88       0x6c Drivers/STM32F7xx_HAL_Driver/Src/stm32f7xx_hal_dma.o
 .text.DMA_CheckFifoParam
                0x0000000008004bf4       0xf4 Drivers/STM32F7xx_HAL_Driver/Src/stm32f7xx_hal_dma.o
 .text.HAL_GPIO_Init
                0x0000000008004ce8      0x334 Drivers/STM32F7xx_HAL_Driver/Src/stm32f7xx_hal_gpio.o
                0x0000000008004ce8                HAL_GPIO_Init
 .text.HAL_GPIO_WritePin
                0x000000000800501c       0x32 Drivers/STM32F7xx_HAL_Driver/Src/stm32f7xx_hal_gpio.o
                0x000000000800501c                HAL_GPIO_WritePin
 .text.HAL_GPIO_TogglePin
                0x000000000800504e       0x34 Drivers/STM32F7xx_HAL_Driver/Src/stm32f7xx_hal_gpio.o
                0x000000000800504e                HAL_GPIO_TogglePin
 .text.HAL_PCD_Init
                0x0000000008005082      0x248 Drivers/STM32F7xx_HAL_Driver/Src/stm32f7xx_hal_pcd.o
                0x0000000008005082                HAL_PCD_Init
 *fill*         0x00000000080052ca        0x2 
 .text.HAL_PCDEx_ActivateLPM
                0x00000000080052cc       0x48 Drivers/STM32F7xx_HAL_Driver/Src/stm32f7xx_hal_pcd_ex.o
                0x00000000080052cc                HAL_PCDEx_ActivateLPM
 .text.HAL_PWR_EnableBkUpAccess
                0x0000000008005314       0x20 Drivers/STM32F7xx_HAL_Driver/Src/stm32f7xx_hal_pwr.o
                0x0000000008005314                HAL_PWR_EnableBkUpAccess
 .text.HAL_PWREx_EnableOverDrive
                0x0000000008005334       0xa0 Drivers/STM32F7xx_HAL_Driver/Src/stm32f7xx_hal_pwr_ex.o
                0x0000000008005334                HAL_PWREx_EnableOverDrive
 .text.HAL_RCC_OscConfig
                0x00000000080053d4      0x548 Drivers/STM32F7xx_HAL_Driver/Src/stm32f7xx_hal_rcc.o
                0x00000000080053d4                HAL_RCC_OscConfig
 .text.HAL_RCC_ClockConfig
                0x000000000800591c      0x1d8 Drivers/STM32F7xx_HAL_Driver/Src/stm32f7xx_hal_rcc.o
                0x000000000800591c                HAL_RCC_ClockConfig
 .text.HAL_RCC_GetSysClockFreq
                0x0000000008005af4      0x1b0 Drivers/STM32F7xx_HAL_Driver/Src/stm32f7xx_hal_rcc.o
                0x0000000008005af4                HAL_RCC_GetSysClockFreq
 .text.HAL_RCC_GetHCLKFreq
                0x0000000008005ca4       0x18 Drivers/STM32F7xx_HAL_Driver/Src/stm32f7xx_hal_rcc.o
                0x0000000008005ca4                HAL_RCC_GetHCLKFreq
 .text.HAL_RCC_GetPCLK1Freq
                0x0000000008005cbc       0x28 Drivers/STM32F7xx_HAL_Driver/Src/stm32f7xx_hal_rcc.o
                0x0000000008005cbc                HAL_RCC_GetPCLK1Freq
 .text.HAL_RCC_GetPCLK2Freq
                0x0000000008005ce4       0x28 Drivers/STM32F7xx_HAL_Driver/Src/stm32f7xx_hal_rcc.o
                0x0000000008005ce4                HAL_RCC_GetPCLK2Freq
 .text.HAL_RCC_GetClockConfig
                0x0000000008005d0c       0x64 Drivers/STM32F7xx_HAL_Driver/Src/stm32f7xx_hal_rcc.o
                0x0000000008005d0c                HAL_RCC_GetClockConfig
 .text.HAL_RCCEx_PeriphCLKConfig
                0x0000000008005d70      0x690 Drivers/STM32F7xx_HAL_Driver/Src/stm32f7xx_hal_rcc_ex.o
                0x0000000008005d70                HAL_RCCEx_PeriphCLKConfig
 .text.HAL_SPI_Init
                0x0000000008006400      0x124 Drivers/STM32F7xx_HAL_Driver/Src/stm32f7xx_hal_spi.o
                0x0000000008006400                HAL_SPI_Init
 .text.HAL_SPI_Transmit
                0x0000000008006524      0x2cc Drivers/STM32F7xx_HAL_Driver/Src/stm32f7xx_hal_spi.o
                0x0000000008006524                HAL_SPI_Transmit
 .text.HAL_SPI_TransmitReceive
                0x00000000080067f0      0x426 Drivers/STM32F7xx_HAL_Driver/Src/stm32f7xx_hal_spi.o
                0x00000000080067f0                HAL_SPI_TransmitReceive
 .text.SPI_WaitFlagStateUntilTimeout
                0x0000000008006c16       0xd4 Drivers/STM32F7xx_HAL_Driver/Src/stm32f7xx_hal_spi.o
 .text.SPI_WaitFifoStateUntilTimeout
                0x0000000008006cea       0xda Drivers/STM32F7xx_HAL_Driver/Src/stm32f7xx_hal_spi.o
 .text.SPI_EndRxTxTransaction
                0x0000000008006dc4       0x8c Drivers/STM32F7xx_HAL_Driver/Src/stm32f7xx_hal_spi.o
 .text.HAL_TIM_Base_Init
                0x0000000008006e50       0x56 Drivers/STM32F7xx_HAL_Driver/Src/stm32f7xx_hal_tim.o
                0x0000000008006e50                HAL_TIM_Base_Init
 *fill*         0x0000000008006ea6        0x2 
 .text.HAL_TIM_Base_Start_IT
                0x0000000008006ea8       0x54 Drivers/STM32F7xx_HAL_Driver/Src/stm32f7xx_hal_tim.o
                0x0000000008006ea8                HAL_TIM_Base_Start_IT
 .text.HAL_TIM_OC_Init
                0x0000000008006efc       0x56 Drivers/STM32F7xx_HAL_Driver/Src/stm32f7xx_hal_tim.o
                0x0000000008006efc                HAL_TIM_OC_Init
 .text.HAL_TIM_OC_MspInit
                0x0000000008006f52       0x14 Drivers/STM32F7xx_HAL_Driver/Src/stm32f7xx_hal_tim.o
                0x0000000008006f52                HAL_TIM_OC_MspInit
 .text.HAL_TIM_PWM_Init
                0x0000000008006f66       0x56 Drivers/STM32F7xx_HAL_Driver/Src/stm32f7xx_hal_tim.o
                0x0000000008006f66                HAL_TIM_PWM_Init
 .text.HAL_TIM_PWM_MspInit
                0x0000000008006fbc       0x14 Drivers/STM32F7xx_HAL_Driver/Src/stm32f7xx_hal_tim.o
                0x0000000008006fbc                HAL_TIM_PWM_MspInit
 .text.HAL_TIM_PWM_Start
                0x0000000008006fd0       0x88 Drivers/STM32F7xx_HAL_Driver/Src/stm32f7xx_hal_tim.o
                0x0000000008006fd0                HAL_TIM_PWM_Start
 .text.HAL_TIM_OnePulse_Init
                0x0000000008007058       0x78 Drivers/STM32F7xx_HAL_Driver/Src/stm32f7xx_hal_tim.o
                0x0000000008007058                HAL_TIM_OnePulse_Init
 .text.HAL_TIM_OnePulse_MspInit
                0x00000000080070d0       0x14 Drivers/STM32F7xx_HAL_Driver/Src/stm32f7xx_hal_tim.o
                0x00000000080070d0                HAL_TIM_OnePulse_MspInit
 .text.HAL_TIM_IRQHandler
                0x00000000080070e4      0x23e Drivers/STM32F7xx_HAL_Driver/Src/stm32f7xx_hal_tim.o
                0x00000000080070e4                HAL_TIM_IRQHandler
 *fill*         0x0000000008007322        0x2 
 .text.HAL_TIM_OC_ConfigChannel
                0x0000000008007324       0xfc Drivers/STM32F7xx_HAL_Driver/Src/stm32f7xx_hal_tim.o
                0x0000000008007324                HAL_TIM_OC_ConfigChannel
 .text.HAL_TIM_PWM_ConfigChannel
                0x0000000008007420      0x230 Drivers/STM32F7xx_HAL_Driver/Src/stm32f7xx_hal_tim.o
                0x0000000008007420                HAL_TIM_PWM_ConfigChannel
 .text.HAL_TIM_ConfigClockSource
                0x0000000008007650      0x174 Drivers/STM32F7xx_HAL_Driver/Src/stm32f7xx_hal_tim.o
                0x0000000008007650                HAL_TIM_ConfigClockSource
 .text.HAL_TIM_SlaveConfigSynchro
                0x00000000080077c4       0x84 Drivers/STM32F7xx_HAL_Driver/Src/stm32f7xx_hal_tim.o
                0x00000000080077c4                HAL_TIM_SlaveConfigSynchro
 .text.HAL_TIM_OC_DelayElapsedCallback
                0x0000000008007848       0x14 Drivers/STM32F7xx_HAL_Driver/Src/stm32f7xx_hal_tim.o
                0x0000000008007848                HAL_TIM_OC_DelayElapsedCallback
 .text.HAL_TIM_IC_CaptureCallback
                0x000000000800785c       0x14 Drivers/STM32F7xx_HAL_Driver/Src/stm32f7xx_hal_tim.o
                0x000000000800785c                HAL_TIM_IC_CaptureCallback
 .text.HAL_TIM_PWM_PulseFinishedCallback
                0x0000000008007870       0x14 Drivers/STM32F7xx_HAL_Driver/Src/stm32f7xx_hal_tim.o
                0x0000000008007870                HAL_TIM_PWM_PulseFinishedCallback
 .text.HAL_TIM_TriggerCallback
                0x0000000008007884       0x14 Drivers/STM32F7xx_HAL_Driver/Src/stm32f7xx_hal_tim.o
                0x0000000008007884                HAL_TIM_TriggerCallback
 .text.TIM_Base_SetConfig
                0x0000000008007898      0x140 Drivers/STM32F7xx_HAL_Driver/Src/stm32f7xx_hal_tim.o
                0x0000000008007898                TIM_Base_SetConfig
 .text.TIM_OC1_SetConfig
                0x00000000080079d8       0xe4 Drivers/STM32F7xx_HAL_Driver/Src/stm32f7xx_hal_tim.o
 .text.TIM_OC2_SetConfig
                0x0000000008007abc       0xf0 Drivers/STM32F7xx_HAL_Driver/Src/stm32f7xx_hal_tim.o
                0x0000000008007abc                TIM_OC2_SetConfig
 .text.TIM_OC3_SetConfig
                0x0000000008007bac       0xec Drivers/STM32F7xx_HAL_Driver/Src/stm32f7xx_hal_tim.o
 .text.TIM_OC4_SetConfig
                0x0000000008007c98       0xb0 Drivers/STM32F7xx_HAL_Driver/Src/stm32f7xx_hal_tim.o
 .text.TIM_OC5_SetConfig
                0x0000000008007d48       0xa4 Drivers/STM32F7xx_HAL_Driver/Src/stm32f7xx_hal_tim.o
 .text.TIM_OC6_SetConfig
                0x0000000008007dec       0xa8 Drivers/STM32F7xx_HAL_Driver/Src/stm32f7xx_hal_tim.o
 .text.TIM_SlaveTimer_SetConfig
                0x0000000008007e94      0x110 Drivers/STM32F7xx_HAL_Driver/Src/stm32f7xx_hal_tim.o
 .text.TIM_TI1_ConfigInputStage
                0x0000000008007fa4       0x5e Drivers/STM32F7xx_HAL_Driver/Src/stm32f7xx_hal_tim.o
 .text.TIM_TI2_ConfigInputStage
                0x0000000008008002       0x60 Drivers/STM32F7xx_HAL_Driver/Src/stm32f7xx_hal_tim.o
 .text.TIM_ITRx_SetConfig
                0x0000000008008062       0x36 Drivers/STM32F7xx_HAL_Driver/Src/stm32f7xx_hal_tim.o
 .text.TIM_ETR_SetConfig
                0x0000000008008098       0x40 Drivers/STM32F7xx_HAL_Driver/Src/stm32f7xx_hal_tim.o
                0x0000000008008098                TIM_ETR_SetConfig
 .text.TIM_CCxChannelCmd
                0x00000000080080d8       0x4a Drivers/STM32F7xx_HAL_Driver/Src/stm32f7xx_hal_tim.o
                0x00000000080080d8                TIM_CCxChannelCmd
 *fill*         0x0000000008008122        0x2 
 .text.HAL_TIMEx_PWMN_Start
                0x0000000008008124       0x60 Drivers/STM32F7xx_HAL_Driver/Src/stm32f7xx_hal_tim_ex.o
                0x0000000008008124                HAL_TIMEx_PWMN_Start
 .text.HAL_TIMEx_MasterConfigSynchronization
                0x0000000008008184      0x11c Drivers/STM32F7xx_HAL_Driver/Src/stm32f7xx_hal_tim_ex.o
                0x0000000008008184                HAL_TIMEx_MasterConfigSynchronization
 .text.HAL_TIMEx_ConfigBreakDeadTime
                0x00000000080082a0       0xfc Drivers/STM32F7xx_HAL_Driver/Src/stm32f7xx_hal_tim_ex.o
                0x00000000080082a0                HAL_TIMEx_ConfigBreakDeadTime
 .text.HAL_TIMEx_CommutCallback
                0x000000000800839c       0x14 Drivers/STM32F7xx_HAL_Driver/Src/stm32f7xx_hal_tim_ex.o
                0x000000000800839c                HAL_TIMEx_CommutCallback
 .text.HAL_TIMEx_BreakCallback
                0x00000000080083b0       0x14 Drivers/STM32F7xx_HAL_Driver/Src/stm32f7xx_hal_tim_ex.o
                0x00000000080083b0                HAL_TIMEx_BreakCallback
 .text.HAL_TIMEx_Break2Callback
                0x00000000080083c4       0x14 Drivers/STM32F7xx_HAL_Driver/Src/stm32f7xx_hal_tim_ex.o
                0x00000000080083c4                HAL_TIMEx_Break2Callback
 .text.TIM_CCxNChannelCmd
                0x00000000080083d8       0x4a Drivers/STM32F7xx_HAL_Driver/Src/stm32f7xx_hal_tim_ex.o
 .text.HAL_UART_Init
                0x0000000008008422       0x9c Drivers/STM32F7xx_HAL_Driver/Src/stm32f7xx_hal_uart.o
                0x0000000008008422                HAL_UART_Init
 .text.HAL_UART_Transmit
                0x00000000080084be      0x122 Drivers/STM32F7xx_HAL_Driver/Src/stm32f7xx_hal_uart.o
                0x00000000080084be                HAL_UART_Transmit
 .text.UART_SetConfig
                0x00000000080085e0      0x554 Drivers/STM32F7xx_HAL_Driver/Src/stm32f7xx_hal_uart.o
                0x00000000080085e0                UART_SetConfig
 .text.UART_AdvFeatureConfig
                0x0000000008008b34      0x144 Drivers/STM32F7xx_HAL_Driver/Src/stm32f7xx_hal_uart.o
                0x0000000008008b34                UART_AdvFeatureConfig
 .text.UART_CheckIdleState
                0x0000000008008c78       0x5e Drivers/STM32F7xx_HAL_Driver/Src/stm32f7xx_hal_uart.o
                0x0000000008008c78                UART_CheckIdleState
 .text.UART_WaitOnFlagUntilTimeout
                0x0000000008008cd6       0xf6 Drivers/STM32F7xx_HAL_Driver/Src/stm32f7xx_hal_uart.o
                0x0000000008008cd6                UART_WaitOnFlagUntilTimeout
 .text.USB_CoreInit
                0x0000000008008dcc       0xbc Drivers/STM32F7xx_HAL_Driver/Src/stm32f7xx_ll_usb.o
                0x0000000008008dcc                USB_CoreInit
 .text.USB_DisableGlobalInt
                0x0000000008008e88       0x22 Drivers/STM32F7xx_HAL_Driver/Src/stm32f7xx_ll_usb.o
                0x0000000008008e88                USB_DisableGlobalInt
 .text.USB_SetCurrentMode
                0x0000000008008eaa       0x54 Drivers/STM32F7xx_HAL_Driver/Src/stm32f7xx_ll_usb.o
                0x0000000008008eaa                USB_SetCurrentMode
 *fill*         0x0000000008008efe        0x2 
 .text.USB_DevInit
                0x0000000008008f00      0x2dc Drivers/STM32F7xx_HAL_Driver/Src/stm32f7xx_ll_usb.o
                0x0000000008008f00                USB_DevInit
 .text.USB_FlushTxFifo
                0x00000000080091dc       0x4c Drivers/STM32F7xx_HAL_Driver/Src/stm32f7xx_ll_usb.o
                0x00000000080091dc                USB_FlushTxFifo
 .text.USB_FlushRxFifo
                0x0000000008009228       0x44 Drivers/STM32F7xx_HAL_Driver/Src/stm32f7xx_ll_usb.o
                0x0000000008009228                USB_FlushRxFifo
 .text.USB_SetDevSpeed
                0x000000000800926c       0x32 Drivers/STM32F7xx_HAL_Driver/Src/stm32f7xx_ll_usb.o
                0x000000000800926c                USB_SetDevSpeed
 .text.USB_DevDisconnect
                0x000000000800929e       0x30 Drivers/STM32F7xx_HAL_Driver/Src/stm32f7xx_ll_usb.o
                0x000000000800929e                USB_DevDisconnect
 *fill*         0x00000000080092ce        0x2 
 .text.USB_CoreReset
                0x00000000080092d0       0x68 Drivers/STM32F7xx_HAL_Driver/Src/stm32f7xx_ll_usb.o
 .text.SVC_Setup
                0x0000000008009338        0xe Middlewares/Third_Party/FreeRTOS/Source/CMSIS_RTOS_V2/cmsis_os2.o
 *fill*         0x0000000008009346        0x2 
 .text.osKernelInitialize
                0x0000000008009348       0x68 Middlewares/Third_Party/FreeRTOS/Source/CMSIS_RTOS_V2/cmsis_os2.o
                0x0000000008009348                osKernelInitialize
 .text.osKernelStart
                0x00000000080093b0       0x6c Middlewares/Third_Party/FreeRTOS/Source/CMSIS_RTOS_V2/cmsis_os2.o
                0x00000000080093b0                osKernelStart
 .text.osKernelGetTickCount
                0x000000000800941c       0x50 Middlewares/Third_Party/FreeRTOS/Source/CMSIS_RTOS_V2/cmsis_os2.o
                0x000000000800941c                osKernelGetTickCount
 .text.osKernelGetTickFreq
                0x000000000800946c       0x12 Middlewares/Third_Party/FreeRTOS/Source/CMSIS_RTOS_V2/cmsis_os2.o
                0x000000000800946c                osKernelGetTickFreq
 *fill*         0x000000000800947e        0x2 
 .text.osThreadNew
                0x0000000008009480      0x14c Middlewares/Third_Party/FreeRTOS/Source/CMSIS_RTOS_V2/cmsis_os2.o
                0x0000000008009480                osThreadNew
 .text.osDelay  0x00000000080095cc       0x5c Middlewares/Third_Party/FreeRTOS/Source/CMSIS_RTOS_V2/cmsis_os2.o
                0x00000000080095cc                osDelay
 .text.osDelayUntil
                0x0000000008009628       0x80 Middlewares/Third_Party/FreeRTOS/Source/CMSIS_RTOS_V2/cmsis_os2.o
                0x0000000008009628                osDelayUntil
 .text.vApplicationGetIdleTaskMemory
                0x00000000080096a8       0x34 Middlewares/Third_Party/FreeRTOS/Source/CMSIS_RTOS_V2/cmsis_os2.o
                0x00000000080096a8                vApplicationGetIdleTaskMemory
 .text.vApplicationGetTimerTaskMemory
                0x00000000080096dc       0x34 Middlewares/Third_Party/FreeRTOS/Source/CMSIS_RTOS_V2/cmsis_os2.o
                0x00000000080096dc                vApplicationGetTimerTaskMemory
 .text.vListInitialise
                0x0000000008009710       0x40 Middlewares/Third_Party/FreeRTOS/Source/list.o
                0x0000000008009710                vListInitialise
 .text.vListInitialiseItem
                0x0000000008009750       0x1a Middlewares/Third_Party/FreeRTOS/Source/list.o
                0x0000000008009750                vListInitialiseItem
 .text.vListInsertEnd
                0x000000000800976a       0x48 Middlewares/Third_Party/FreeRTOS/Source/list.o
                0x000000000800976a                vListInsertEnd
 .text.vListInsert
                0x00000000080097b2       0x72 Middlewares/Third_Party/FreeRTOS/Source/list.o
                0x00000000080097b2                vListInsert
 .text.uxListRemove
                0x0000000008009824       0x54 Middlewares/Third_Party/FreeRTOS/Source/list.o
                0x0000000008009824                uxListRemove
 .text.xQueueGenericReset
                0x0000000008009878       0xd4 Middlewares/Third_Party/FreeRTOS/Source/queue.o
                0x0000000008009878                xQueueGenericReset
 .text.xQueueGenericCreateStatic
                0x000000000800994c       0xfa Middlewares/Third_Party/FreeRTOS/Source/queue.o
                0x000000000800994c                xQueueGenericCreateStatic
 .text.prvInitialiseNewQueue
                0x0000000008009a46       0x46 Middlewares/Third_Party/FreeRTOS/Source/queue.o
 .text.xQueueGenericSend
                0x0000000008009a8c      0x204 Middlewares/Third_Party/FreeRTOS/Source/queue.o
                0x0000000008009a8c                xQueueGenericSend
 .text.xQueueGenericSendFromISR
                0x0000000008009c90      0x138 Middlewares/Third_Party/FreeRTOS/Source/queue.o
                0x0000000008009c90                xQueueGenericSendFromISR
 .text.xQueueReceive
                0x0000000008009dc8      0x1c4 Middlewares/Third_Party/FreeRTOS/Source/queue.o
                0x0000000008009dc8                xQueueReceive
 .text.prvCopyDataToQueue
                0x0000000008009f8c       0xd4 Middlewares/Third_Party/FreeRTOS/Source/queue.o
 .text.prvCopyDataFromQueue
                0x000000000800a060       0x4c Middlewares/Third_Party/FreeRTOS/Source/queue.o
 .text.prvUnlockQueue
                0x000000000800a0ac       0xa4 Middlewares/Third_Party/FreeRTOS/Source/queue.o
 .text.prvIsQueueEmpty
                0x000000000800a150       0x2c Middlewares/Third_Party/FreeRTOS/Source/queue.o
 .text.prvIsQueueFull
                0x000000000800a17c       0x30 Middlewares/Third_Party/FreeRTOS/Source/queue.o
 .text.vQueueAddToRegistry
                0x000000000800a1ac       0x50 Middlewares/Third_Party/FreeRTOS/Source/queue.o
                0x000000000800a1ac                vQueueAddToRegistry
 .text.vQueueWaitForMessageRestricted
                0x000000000800a1fc       0x68 Middlewares/Third_Party/FreeRTOS/Source/queue.o
                0x000000000800a1fc                vQueueWaitForMessageRestricted
 .text.xTaskCreateStatic
                0x000000000800a264       0xc0 Middlewares/Third_Party/FreeRTOS/Source/tasks.o
                0x000000000800a264                xTaskCreateStatic
 .text.xTaskCreate
                0x000000000800a324       0x8a Middlewares/Third_Party/FreeRTOS/Source/tasks.o
                0x000000000800a324                xTaskCreate
 .text.prvInitialiseNewTask
                0x000000000800a3ae      0x120 Middlewares/Third_Party/FreeRTOS/Source/tasks.o
 *fill*         0x000000000800a4ce        0x2 
 .text.prvAddNewTaskToReadyList
                0x000000000800a4d0       0xe0 Middlewares/Third_Party/FreeRTOS/Source/tasks.o
 .text.vTaskDelayUntil
                0x000000000800a5b0      0x100 Middlewares/Third_Party/FreeRTOS/Source/tasks.o
                0x000000000800a5b0                vTaskDelayUntil
 .text.vTaskDelay
                0x000000000800a6b0       0x6c Middlewares/Third_Party/FreeRTOS/Source/tasks.o
                0x000000000800a6b0                vTaskDelay
 .text.vTaskStartScheduler
                0x000000000800a71c       0xd0 Middlewares/Third_Party/FreeRTOS/Source/tasks.o
                0x000000000800a71c                vTaskStartScheduler
 .text.vTaskSuspendAll
                0x000000000800a7ec       0x1c Middlewares/Third_Party/FreeRTOS/Source/tasks.o
                0x000000000800a7ec                vTaskSuspendAll
 .text.xTaskResumeAll
                0x000000000800a808      0x13c Middlewares/Third_Party/FreeRTOS/Source/tasks.o
                0x000000000800a808                xTaskResumeAll
 .text.xTaskGetTickCount
                0x000000000800a944       0x20 Middlewares/Third_Party/FreeRTOS/Source/tasks.o
                0x000000000800a944                xTaskGetTickCount
 .text.xTaskGetTickCountFromISR
                0x000000000800a964       0x24 Middlewares/Third_Party/FreeRTOS/Source/tasks.o
                0x000000000800a964                xTaskGetTickCountFromISR
 .text.xTaskIncrementTick
                0x000000000800a988      0x174 Middlewares/Third_Party/FreeRTOS/Source/tasks.o
                0x000000000800a988                xTaskIncrementTick
 .text.vTaskSwitchContext
                0x000000000800aafc       0xbc Middlewares/Third_Party/FreeRTOS/Source/tasks.o
                0x000000000800aafc                vTaskSwitchContext
 .text.vTaskPlaceOnEventList
                0x000000000800abb8       0x4c Middlewares/Third_Party/FreeRTOS/Source/tasks.o
                0x000000000800abb8                vTaskPlaceOnEventList
 .text.vTaskPlaceOnEventListRestricted
                0x000000000800ac04       0x58 Middlewares/Third_Party/FreeRTOS/Source/tasks.o
                0x000000000800ac04                vTaskPlaceOnEventListRestricted
 .text.xTaskRemoveFromEventList
                0x000000000800ac5c       0xc8 Middlewares/Third_Party/FreeRTOS/Source/tasks.o
                0x000000000800ac5c                xTaskRemoveFromEventList
 .text.vTaskInternalSetTimeOutState
                0x000000000800ad24       0x2c Middlewares/Third_Party/FreeRTOS/Source/tasks.o
                0x000000000800ad24                vTaskInternalSetTimeOutState
 .text.xTaskCheckForTimeOut
                0x000000000800ad50       0xc8 Middlewares/Third_Party/FreeRTOS/Source/tasks.o
                0x000000000800ad50                xTaskCheckForTimeOut
 .text.vTaskMissedYield
                0x000000000800ae18       0x18 Middlewares/Third_Party/FreeRTOS/Source/tasks.o
                0x000000000800ae18                vTaskMissedYield
 .text.prvIdleTask
                0x000000000800ae30       0x30 Middlewares/Third_Party/FreeRTOS/Source/tasks.o
 .text.prvInitialiseTaskLists
                0x000000000800ae60       0x80 Middlewares/Third_Party/FreeRTOS/Source/tasks.o
 .text.prvCheckTasksWaitingTermination
                0x000000000800aee0       0x58 Middlewares/Third_Party/FreeRTOS/Source/tasks.o
 .text.prvDeleteTCB
                0x000000000800af38       0x60 Middlewares/Third_Party/FreeRTOS/Source/tasks.o
 .text.prvResetNextTaskUnblockTime
                0x000000000800af98       0x40 Middlewares/Third_Party/FreeRTOS/Source/tasks.o
 .text.xTaskGetSchedulerState
                0x000000000800afd8       0x3c Middlewares/Third_Party/FreeRTOS/Source/tasks.o
                0x000000000800afd8                xTaskGetSchedulerState
 .text.xTaskPriorityDisinherit
                0x000000000800b014       0xe0 Middlewares/Third_Party/FreeRTOS/Source/tasks.o
                0x000000000800b014                xTaskPriorityDisinherit
 .text.ulTaskNotifyTake
                0x000000000800b0f4       0x90 Middlewares/Third_Party/FreeRTOS/Source/tasks.o
                0x000000000800b0f4                ulTaskNotifyTake
 .text.vTaskNotifyGiveFromISR
                0x000000000800b184      0x12c Middlewares/Third_Party/FreeRTOS/Source/tasks.o
                0x000000000800b184                vTaskNotifyGiveFromISR
 .text.prvAddCurrentTaskToDelayedList
                0x000000000800b2b0       0xa8 Middlewares/Third_Party/FreeRTOS/Source/tasks.o
 .text.xTimerCreateTimerTask
                0x000000000800b358       0x94 Middlewares/Third_Party/FreeRTOS/Source/timers.o
                0x000000000800b358                xTimerCreateTimerTask
 .text.xTimerGenericCommand
                0x000000000800b3ec       0x9c Middlewares/Third_Party/FreeRTOS/Source/timers.o
                0x000000000800b3ec                xTimerGenericCommand
 .text.prvProcessExpiredTimer
                0x000000000800b488       0x9c Middlewares/Third_Party/FreeRTOS/Source/timers.o
 .text.prvTimerTask
                0x000000000800b524       0x24 Middlewares/Third_Party/FreeRTOS/Source/timers.o
 .text.prvProcessTimerOrBlockTask
                0x000000000800b548       0x9c Middlewares/Third_Party/FreeRTOS/Source/timers.o
 .text.prvGetNextExpireTime
                0x000000000800b5e4       0x48 Middlewares/Third_Party/FreeRTOS/Source/timers.o
 .text.prvSampleTimeNow
                0x000000000800b62c       0x40 Middlewares/Third_Party/FreeRTOS/Source/timers.o
 .text.prvInsertTimerInActiveList
                0x000000000800b66c       0x84 Middlewares/Third_Party/FreeRTOS/Source/timers.o
 .text.prvProcessReceivedCommands
                0x000000000800b6f0      0x1c4 Middlewares/Third_Party/FreeRTOS/Source/timers.o
 .text.prvSwitchTimerLists
                0x000000000800b8b4       0xcc Middlewares/Third_Party/FreeRTOS/Source/timers.o
 .text.prvCheckForValidListAndQueue
                0x000000000800b980       0x80 Middlewares/Third_Party/FreeRTOS/Source/timers.o
 .text.pxPortInitialiseStack
                0x000000000800ba00       0x68 Middlewares/Third_Party/FreeRTOS/Source/portable/GCC/ARM_CM7/r0p1/port.o
                0x000000000800ba00                pxPortInitialiseStack
 .text.prvTaskExitError
                0x000000000800ba68       0x5c Middlewares/Third_Party/FreeRTOS/Source/portable/GCC/ARM_CM7/r0p1/port.o
 *fill*         0x000000000800bac4        0xc 
 .text.SVC_Handler
                0x000000000800bad0       0x28 Middlewares/Third_Party/FreeRTOS/Source/portable/GCC/ARM_CM7/r0p1/port.o
                0x000000000800bad0                SVC_Handler
 .text.prvPortStartFirstTask
                0x000000000800baf8       0x28 Middlewares/Third_Party/FreeRTOS/Source/portable/GCC/ARM_CM7/r0p1/port.o
 .text.xPortStartScheduler
                0x000000000800bb20       0xf8 Middlewares/Third_Party/FreeRTOS/Source/portable/GCC/ARM_CM7/r0p1/port.o
                0x000000000800bb20                xPortStartScheduler
 .text.vPortEnterCritical
                0x000000000800bc18       0x64 Middlewares/Third_Party/FreeRTOS/Source/portable/GCC/ARM_CM7/r0p1/port.o
                0x000000000800bc18                vPortEnterCritical
 .text.vPortExitCritical
                0x000000000800bc7c       0x54 Middlewares/Third_Party/FreeRTOS/Source/portable/GCC/ARM_CM7/r0p1/port.o
                0x000000000800bc7c                vPortExitCritical
 .text.PendSV_Handler
                0x000000000800bcd0       0x68 Middlewares/Third_Party/FreeRTOS/Source/portable/GCC/ARM_CM7/r0p1/port.o
                0x000000000800bcd0                PendSV_Handler
 .text.SysTick_Handler
                0x000000000800bd38       0x44 Middlewares/Third_Party/FreeRTOS/Source/portable/GCC/ARM_CM7/r0p1/port.o
                0x000000000800bd38                SysTick_Handler
 .text.vPortSetupTimerInterrupt
                0x000000000800bd7c       0x48 Middlewares/Third_Party/FreeRTOS/Source/portable/GCC/ARM_CM7/r0p1/port.o
                0x000000000800bd7c                vPortSetupTimerInterrupt
 .text.vPortEnableVFP
                0x000000000800bdc4       0x14 Middlewares/Third_Party/FreeRTOS/Source/portable/GCC/ARM_CM7/r0p1/port.o
 .text.vPortValidateInterruptPriority
                0x000000000800bdd8       0x84 Middlewares/Third_Party/FreeRTOS/Source/portable/GCC/ARM_CM7/r0p1/port.o
                0x000000000800bdd8                vPortValidateInterruptPriority
 .text.pvPortMalloc
                0x000000000800be5c      0x190 Middlewares/Third_Party/FreeRTOS/Source/portable/MemMang/heap_4.o
                0x000000000800be5c                pvPortMalloc
 .text.vPortFree
                0x000000000800bfec       0xb8 Middlewares/Third_Party/FreeRTOS/Source/portable/MemMang/heap_4.o
                0x000000000800bfec                vPortFree
 .text.prvHeapInit
                0x000000000800c0a4       0xc4 Middlewares/Third_Party/FreeRTOS/Source/portable/MemMang/heap_4.o
 .text.prvInsertBlockIntoFreeList
                0x000000000800c168       0xb4 Middlewares/Third_Party/FreeRTOS/Source/portable/MemMang/heap_4.o
 .text.__cxa_guard_acquire
                0x000000000800c21c       0x18 /Applications/STM32CubeIDE.app/Contents/Eclipse/plugins/com.st.stm32cube.ide.mcu.externaltools.gnu-tools-for-stm32.7-2018-q2-update.macos64_1.5.0.202011040924/tools/bin/../lib/gcc/arm-none-eabi/7.3.1/../../../../arm-none-eabi/lib/thumb/v7e-m/fpv4-sp/hard/libstdc++_nano.a(guard.o)
                0x000000000800c21c                __cxa_guard_acquire
 .text.__cxa_guard_release
                0x000000000800c234        0x6 /Applications/STM32CubeIDE.app/Contents/Eclipse/plugins/com.st.stm32cube.ide.mcu.externaltools.gnu-tools-for-stm32.7-2018-q2-update.macos64_1.5.0.202011040924/tools/bin/../lib/gcc/arm-none-eabi/7.3.1/../../../../arm-none-eabi/lib/thumb/v7e-m/fpv4-sp/hard/libstdc++_nano.a(guard.o)
                0x000000000800c234                __cxa_guard_release
 .text.__cxa_pure_virtual
                0x000000000800c23a        0x6 /Applications/STM32CubeIDE.app/Contents/Eclipse/plugins/com.st.stm32cube.ide.mcu.externaltools.gnu-tools-for-stm32.7-2018-q2-update.macos64_1.5.0.202011040924/tools/bin/../lib/gcc/arm-none-eabi/7.3.1/../../../../arm-none-eabi/lib/thumb/v7e-m/fpv4-sp/hard/libstdc++_nano.a(pure.o)
                0x000000000800c23a                __cxa_pure_virtual
 .text._ZN10__cxxabiv111__terminateEPFvvE
                0x000000000800c240        0x8 /Applications/STM32CubeIDE.app/Contents/Eclipse/plugins/com.st.stm32cube.ide.mcu.externaltools.gnu-tools-for-stm32.7-2018-q2-update.macos64_1.5.0.202011040924/tools/bin/../lib/gcc/arm-none-eabi/7.3.1/../../../../arm-none-eabi/lib/thumb/v7e-m/fpv4-sp/hard/libstdc++_nano.a(eh_terminate.o)
                0x000000000800c240                __cxxabiv1::__terminate(void (*)())
 .text._ZSt13get_terminatev
                0x000000000800c248       0x10 /Applications/STM32CubeIDE.app/Contents/Eclipse/plugins/com.st.stm32cube.ide.mcu.externaltools.gnu-tools-for-stm32.7-2018-q2-update.macos64_1.5.0.202011040924/tools/bin/../lib/gcc/arm-none-eabi/7.3.1/../../../../arm-none-eabi/lib/thumb/v7e-m/fpv4-sp/hard/libstdc++_nano.a(eh_terminate.o)
                0x000000000800c248                std::get_terminate()
 .text._ZSt9terminatev
                0x000000000800c258        0xa /Applications/STM32CubeIDE.app/Contents/Eclipse/plugins/com.st.stm32cube.ide.mcu.externaltools.gnu-tools-for-stm32.7-2018-q2-update.macos64_1.5.0.202011040924/tools/bin/../lib/gcc/arm-none-eabi/7.3.1/../../../../arm-none-eabi/lib/thumb/v7e-m/fpv4-sp/hard/libstdc++_nano.a(eh_terminate.o)
                0x000000000800c258                std::terminate()
 *fill*         0x000000000800c262        0x6 
 .text.floor    0x000000000800c268      0x108 /Applications/STM32CubeIDE.app/Contents/Eclipse/plugins/com.st.stm32cube.ide.mcu.externaltools.gnu-tools-for-stm32.7-2018-q2-update.macos64_1.5.0.202011040924/tools/bin/../lib/gcc/arm-none-eabi/7.3.1/../../../../arm-none-eabi/lib/thumb/v7e-m/fpv4-sp/hard/libm.a(lib_a-s_floor.o)
                0x000000000800c268                floor
 .text.abort    0x000000000800c370        0xe /Applications/STM32CubeIDE.app/Contents/Eclipse/plugins/com.st.stm32cube.ide.mcu.externaltools.gnu-tools-for-stm32.7-2018-q2-update.macos64_1.5.0.202011040924/tools/bin/../lib/gcc/arm-none-eabi/7.3.1/../../../../arm-none-eabi/lib/thumb/v7e-m/fpv4-sp/hard/libc_nano.a(lib_a-abort.o)
                0x000000000800c370                abort
 *fill*         0x000000000800c37e        0x2 
 .text.__errno  0x000000000800c380        0xc /Applications/STM32CubeIDE.app/Contents/Eclipse/plugins/com.st.stm32cube.ide.mcu.externaltools.gnu-tools-for-stm32.7-2018-q2-update.macos64_1.5.0.202011040924/tools/bin/../lib/gcc/arm-none-eabi/7.3.1/../../../../arm-none-eabi/lib/thumb/v7e-m/fpv4-sp/hard/libc_nano.a(lib_a-errno.o)
                0x000000000800c380                __errno
 .text.__libc_init_array
                0x000000000800c38c       0x48 /Applications/STM32CubeIDE.app/Contents/Eclipse/plugins/com.st.stm32cube.ide.mcu.externaltools.gnu-tools-for-stm32.7-2018-q2-update.macos64_1.5.0.202011040924/tools/bin/../lib/gcc/arm-none-eabi/7.3.1/../../../../arm-none-eabi/lib/thumb/v7e-m/fpv4-sp/hard/libc_nano.a(lib_a-init.o)
                0x000000000800c38c                __libc_init_array
 .text.memcpy   0x000000000800c3d4       0x16 /Applications/STM32CubeIDE.app/Contents/Eclipse/plugins/com.st.stm32cube.ide.mcu.externaltools.gnu-tools-for-stm32.7-2018-q2-update.macos64_1.5.0.202011040924/tools/bin/../lib/gcc/arm-none-eabi/7.3.1/../../../../arm-none-eabi/lib/thumb/v7e-m/fpv4-sp/hard/libc_nano.a(lib_a-memcpy-stub.o)
                0x000000000800c3d4                memcpy
 .text.memset   0x000000000800c3ea       0x10 /Applications/STM32CubeIDE.app/Contents/Eclipse/plugins/com.st.stm32cube.ide.mcu.externaltools.gnu-tools-for-stm32.7-2018-q2-update.macos64_1.5.0.202011040924/tools/bin/../lib/gcc/arm-none-eabi/7.3.1/../../../../arm-none-eabi/lib/thumb/v7e-m/fpv4-sp/hard/libc_nano.a(lib_a-memset.o)
                0x000000000800c3ea                memset
 .text.__cvt    0x000000000800c3fa       0xc2 /Applications/STM32CubeIDE.app/Contents/Eclipse/plugins/com.st.stm32cube.ide.mcu.externaltools.gnu-tools-for-stm32.7-2018-q2-update.macos64_1.5.0.202011040924/tools/bin/../lib/gcc/arm-none-eabi/7.3.1/../../../../arm-none-eabi/lib/thumb/v7e-m/fpv4-sp/hard/libc_nano.a(lib_a-nano-vfprintf_float.o)
                0x000000000800c3fa                __cvt
 .text.__exponent
                0x000000000800c4bc       0x66 /Applications/STM32CubeIDE.app/Contents/Eclipse/plugins/com.st.stm32cube.ide.mcu.externaltools.gnu-tools-for-stm32.7-2018-q2-update.macos64_1.5.0.202011040924/tools/bin/../lib/gcc/arm-none-eabi/7.3.1/../../../../arm-none-eabi/lib/thumb/v7e-m/fpv4-sp/hard/libc_nano.a(lib_a-nano-vfprintf_float.o)
                0x000000000800c4bc                __exponent
 *fill*         0x000000000800c522        0x2 
 .text._printf_float
                0x000000000800c524      0x480 /Applications/STM32CubeIDE.app/Contents/Eclipse/plugins/com.st.stm32cube.ide.mcu.externaltools.gnu-tools-for-stm32.7-2018-q2-update.macos64_1.5.0.202011040924/tools/bin/../lib/gcc/arm-none-eabi/7.3.1/../../../../arm-none-eabi/lib/thumb/v7e-m/fpv4-sp/hard/libc_nano.a(lib_a-nano-vfprintf_float.o)
                0x000000000800c524                _printf_float
 .text._printf_common
                0x000000000800c9a4       0xea /Applications/STM32CubeIDE.app/Contents/Eclipse/plugins/com.st.stm32cube.ide.mcu.externaltools.gnu-tools-for-stm32.7-2018-q2-update.macos64_1.5.0.202011040924/tools/bin/../lib/gcc/arm-none-eabi/7.3.1/../../../../arm-none-eabi/lib/thumb/v7e-m/fpv4-sp/hard/libc_nano.a(lib_a-nano-vfprintf_i.o)
                0x000000000800c9a4                _printf_common
 *fill*         0x000000000800ca8e        0x2 
 .text._printf_i
                0x000000000800ca90      0x224 /Applications/STM32CubeIDE.app/Contents/Eclipse/plugins/com.st.stm32cube.ide.mcu.externaltools.gnu-tools-for-stm32.7-2018-q2-update.macos64_1.5.0.202011040924/tools/bin/../lib/gcc/arm-none-eabi/7.3.1/../../../../arm-none-eabi/lib/thumb/v7e-m/fpv4-sp/hard/libc_nano.a(lib_a-nano-vfprintf_i.o)
                0x000000000800ca90                _printf_i
 .text.printf   0x000000000800ccb4       0x30 /Applications/STM32CubeIDE.app/Contents/Eclipse/plugins/com.st.stm32cube.ide.mcu.externaltools.gnu-tools-for-stm32.7-2018-q2-update.macos64_1.5.0.202011040924/tools/bin/../lib/gcc/arm-none-eabi/7.3.1/../../../../arm-none-eabi/lib/thumb/v7e-m/fpv4-sp/hard/libc_nano.a(lib_a-printf.o)
                0x000000000800ccb4                printf
                0x000000000800ccb4                iprintf
 .text._puts_r  0x000000000800cce4       0xb8 /Applications/STM32CubeIDE.app/Contents/Eclipse/plugins/com.st.stm32cube.ide.mcu.externaltools.gnu-tools-for-stm32.7-2018-q2-update.macos64_1.5.0.202011040924/tools/bin/../lib/gcc/arm-none-eabi/7.3.1/../../../../arm-none-eabi/lib/thumb/v7e-m/fpv4-sp/hard/libc_nano.a(lib_a-puts.o)
                0x000000000800cce4                _puts_r
 .text.puts     0x000000000800cd9c       0x10 /Applications/STM32CubeIDE.app/Contents/Eclipse/plugins/com.st.stm32cube.ide.mcu.externaltools.gnu-tools-for-stm32.7-2018-q2-update.macos64_1.5.0.202011040924/tools/bin/../lib/gcc/arm-none-eabi/7.3.1/../../../../arm-none-eabi/lib/thumb/v7e-m/fpv4-sp/hard/libc_nano.a(lib_a-puts.o)
                0x000000000800cd9c                puts
 .text._raise_r
                0x000000000800cdac       0x50 /Applications/STM32CubeIDE.app/Contents/Eclipse/plugins/com.st.stm32cube.ide.mcu.externaltools.gnu-tools-for-stm32.7-2018-q2-update.macos64_1.5.0.202011040924/tools/bin/../lib/gcc/arm-none-eabi/7.3.1/../../../../arm-none-eabi/lib/thumb/v7e-m/fpv4-sp/hard/libc_nano.a(lib_a-signal.o)
                0x000000000800cdac                _raise_r
 .text.raise    0x000000000800cdfc       0x10 /Applications/STM32CubeIDE.app/Contents/Eclipse/plugins/com.st.stm32cube.ide.mcu.externaltools.gnu-tools-for-stm32.7-2018-q2-update.macos64_1.5.0.202011040924/tools/bin/../lib/gcc/arm-none-eabi/7.3.1/../../../../arm-none-eabi/lib/thumb/v7e-m/fpv4-sp/hard/libc_nano.a(lib_a-signal.o)
                0x000000000800cdfc                raise
 .text._kill_r  0x000000000800ce0c       0x24 /Applications/STM32CubeIDE.app/Contents/Eclipse/plugins/com.st.stm32cube.ide.mcu.externaltools.gnu-tools-for-stm32.7-2018-q2-update.macos64_1.5.0.202011040924/tools/bin/../lib/gcc/arm-none-eabi/7.3.1/../../../../arm-none-eabi/lib/thumb/v7e-m/fpv4-sp/hard/libc_nano.a(lib_a-signalr.o)
                0x000000000800ce0c                _kill_r
 .text._getpid_r
                0x000000000800ce30        0x4 /Applications/STM32CubeIDE.app/Contents/Eclipse/plugins/com.st.stm32cube.ide.mcu.externaltools.gnu-tools-for-stm32.7-2018-q2-update.macos64_1.5.0.202011040924/tools/bin/../lib/gcc/arm-none-eabi/7.3.1/../../../../arm-none-eabi/lib/thumb/v7e-m/fpv4-sp/hard/libc_nano.a(lib_a-signalr.o)
                0x000000000800ce30                _getpid_r
 .text.__swbuf_r
                0x000000000800ce34       0xa4 /Applications/STM32CubeIDE.app/Contents/Eclipse/plugins/com.st.stm32cube.ide.mcu.externaltools.gnu-tools-for-stm32.7-2018-q2-update.macos64_1.5.0.202011040924/tools/bin/../lib/gcc/arm-none-eabi/7.3.1/../../../../arm-none-eabi/lib/thumb/v7e-m/fpv4-sp/hard/libc_nano.a(lib_a-wbuf.o)
                0x000000000800ce34                __swbuf_r
 .text.__swsetup_r
                0x000000000800ced8       0xdc /Applications/STM32CubeIDE.app/Contents/Eclipse/plugins/com.st.stm32cube.ide.mcu.externaltools.gnu-tools-for-stm32.7-2018-q2-update.macos64_1.5.0.202011040924/tools/bin/../lib/gcc/arm-none-eabi/7.3.1/../../../../arm-none-eabi/lib/thumb/v7e-m/fpv4-sp/hard/libc_nano.a(lib_a-wsetup.o)
                0x000000000800ced8                __swsetup_r
 .text.quorem   0x000000000800cfb4      0x118 /Applications/STM32CubeIDE.app/Contents/Eclipse/plugins/com.st.stm32cube.ide.mcu.externaltools.gnu-tools-for-stm32.7-2018-q2-update.macos64_1.5.0.202011040924/tools/bin/../lib/gcc/arm-none-eabi/7.3.1/../../../../arm-none-eabi/lib/thumb/v7e-m/fpv4-sp/hard/libc_nano.a(lib_a-dtoa.o)
 *fill*         0x000000000800d0cc        0x4 
 .text._dtoa_r  0x000000000800d0d0      0xb70 /Applications/STM32CubeIDE.app/Contents/Eclipse/plugins/com.st.stm32cube.ide.mcu.externaltools.gnu-tools-for-stm32.7-2018-q2-update.macos64_1.5.0.202011040924/tools/bin/../lib/gcc/arm-none-eabi/7.3.1/../../../../arm-none-eabi/lib/thumb/v7e-m/fpv4-sp/hard/libc_nano.a(lib_a-dtoa.o)
                0x000000000800d0d0                _dtoa_r
 .text.__sflush_r
                0x000000000800dc40      0x10c /Applications/STM32CubeIDE.app/Contents/Eclipse/plugins/com.st.stm32cube.ide.mcu.externaltools.gnu-tools-for-stm32.7-2018-q2-update.macos64_1.5.0.202011040924/tools/bin/../lib/gcc/arm-none-eabi/7.3.1/../../../../arm-none-eabi/lib/thumb/v7e-m/fpv4-sp/hard/libc_nano.a(lib_a-fflush.o)
                0x000000000800dc40                __sflush_r
 .text._fflush_r
                0x000000000800dd4c       0x54 /Applications/STM32CubeIDE.app/Contents/Eclipse/plugins/com.st.stm32cube.ide.mcu.externaltools.gnu-tools-for-stm32.7-2018-q2-update.macos64_1.5.0.202011040924/tools/bin/../lib/gcc/arm-none-eabi/7.3.1/../../../../arm-none-eabi/lib/thumb/v7e-m/fpv4-sp/hard/libc_nano.a(lib_a-fflush.o)
                0x000000000800dd4c                _fflush_r
 .text.std      0x000000000800dda0       0x48 /Applications/STM32CubeIDE.app/Contents/Eclipse/plugins/com.st.stm32cube.ide.mcu.externaltools.gnu-tools-for-stm32.7-2018-q2-update.macos64_1.5.0.202011040924/tools/bin/../lib/gcc/arm-none-eabi/7.3.1/../../../../arm-none-eabi/lib/thumb/v7e-m/fpv4-sp/hard/libc_nano.a(lib_a-findfp.o)
 .text._cleanup_r
                0x000000000800dde8        0xc /Applications/STM32CubeIDE.app/Contents/Eclipse/plugins/com.st.stm32cube.ide.mcu.externaltools.gnu-tools-for-stm32.7-2018-q2-update.macos64_1.5.0.202011040924/tools/bin/../lib/gcc/arm-none-eabi/7.3.1/../../../../arm-none-eabi/lib/thumb/v7e-m/fpv4-sp/hard/libc_nano.a(lib_a-findfp.o)
                0x000000000800dde8                _cleanup_r
 .text.__sfmoreglue
                0x000000000800ddf4       0x2c /Applications/STM32CubeIDE.app/Contents/Eclipse/plugins/com.st.stm32cube.ide.mcu.externaltools.gnu-tools-for-stm32.7-2018-q2-update.macos64_1.5.0.202011040924/tools/bin/../lib/gcc/arm-none-eabi/7.3.1/../../../../arm-none-eabi/lib/thumb/v7e-m/fpv4-sp/hard/libc_nano.a(lib_a-findfp.o)
                0x000000000800ddf4                __sfmoreglue
 .text.__sinit  0x000000000800de20       0x60 /Applications/STM32CubeIDE.app/Contents/Eclipse/plugins/com.st.stm32cube.ide.mcu.externaltools.gnu-tools-for-stm32.7-2018-q2-update.macos64_1.5.0.202011040924/tools/bin/../lib/gcc/arm-none-eabi/7.3.1/../../../../arm-none-eabi/lib/thumb/v7e-m/fpv4-sp/hard/libc_nano.a(lib_a-findfp.o)
                0x000000000800de20                __sinit
 .text.__sfp    0x000000000800de80       0x78 /Applications/STM32CubeIDE.app/Contents/Eclipse/plugins/com.st.stm32cube.ide.mcu.externaltools.gnu-tools-for-stm32.7-2018-q2-update.macos64_1.5.0.202011040924/tools/bin/../lib/gcc/arm-none-eabi/7.3.1/../../../../arm-none-eabi/lib/thumb/v7e-m/fpv4-sp/hard/libc_nano.a(lib_a-findfp.o)
                0x000000000800de80                __sfp
 .text._fwalk_reent
                0x000000000800def8       0x3c /Applications/STM32CubeIDE.app/Contents/Eclipse/plugins/com.st.stm32cube.ide.mcu.externaltools.gnu-tools-for-stm32.7-2018-q2-update.macos64_1.5.0.202011040924/tools/bin/../lib/gcc/arm-none-eabi/7.3.1/../../../../arm-none-eabi/lib/thumb/v7e-m/fpv4-sp/hard/libc_nano.a(lib_a-fwalk.o)
                0x000000000800def8                _fwalk_reent
 .text._localeconv_r
                0x000000000800df34       0x1c /Applications/STM32CubeIDE.app/Contents/Eclipse/plugins/com.st.stm32cube.ide.mcu.externaltools.gnu-tools-for-stm32.7-2018-q2-update.macos64_1.5.0.202011040924/tools/bin/../lib/gcc/arm-none-eabi/7.3.1/../../../../arm-none-eabi/lib/thumb/v7e-m/fpv4-sp/hard/libc_nano.a(lib_a-localeconv.o)
                0x000000000800df34                _localeconv_r
 .text.__swhatbuf_r
                0x000000000800df50       0x48 /Applications/STM32CubeIDE.app/Contents/Eclipse/plugins/com.st.stm32cube.ide.mcu.externaltools.gnu-tools-for-stm32.7-2018-q2-update.macos64_1.5.0.202011040924/tools/bin/../lib/gcc/arm-none-eabi/7.3.1/../../../../arm-none-eabi/lib/thumb/v7e-m/fpv4-sp/hard/libc_nano.a(lib_a-makebuf.o)
                0x000000000800df50                __swhatbuf_r
 .text.__smakebuf_r
                0x000000000800df98       0x80 /Applications/STM32CubeIDE.app/Contents/Eclipse/plugins/com.st.stm32cube.ide.mcu.externaltools.gnu-tools-for-stm32.7-2018-q2-update.macos64_1.5.0.202011040924/tools/bin/../lib/gcc/arm-none-eabi/7.3.1/../../../../arm-none-eabi/lib/thumb/v7e-m/fpv4-sp/hard/libc_nano.a(lib_a-makebuf.o)
                0x000000000800df98                __smakebuf_r
 .text.malloc   0x000000000800e018       0x10 /Applications/STM32CubeIDE.app/Contents/Eclipse/plugins/com.st.stm32cube.ide.mcu.externaltools.gnu-tools-for-stm32.7-2018-q2-update.macos64_1.5.0.202011040924/tools/bin/../lib/gcc/arm-none-eabi/7.3.1/../../../../arm-none-eabi/lib/thumb/v7e-m/fpv4-sp/hard/libc_nano.a(lib_a-malloc.o)
                0x000000000800e018                malloc
 .text._Balloc  0x000000000800e028       0x68 /Applications/STM32CubeIDE.app/Contents/Eclipse/plugins/com.st.stm32cube.ide.mcu.externaltools.gnu-tools-for-stm32.7-2018-q2-update.macos64_1.5.0.202011040924/tools/bin/../lib/gcc/arm-none-eabi/7.3.1/../../../../arm-none-eabi/lib/thumb/v7e-m/fpv4-sp/hard/libc_nano.a(lib_a-mprec.o)
                0x000000000800e028                _Balloc
 .text._Bfree   0x000000000800e090       0x2e /Applications/STM32CubeIDE.app/Contents/Eclipse/plugins/com.st.stm32cube.ide.mcu.externaltools.gnu-tools-for-stm32.7-2018-q2-update.macos64_1.5.0.202011040924/tools/bin/../lib/gcc/arm-none-eabi/7.3.1/../../../../arm-none-eabi/lib/thumb/v7e-m/fpv4-sp/hard/libc_nano.a(lib_a-mprec.o)
                0x000000000800e090                _Bfree
 .text.__multadd
                0x000000000800e0be       0x76 /Applications/STM32CubeIDE.app/Contents/Eclipse/plugins/com.st.stm32cube.ide.mcu.externaltools.gnu-tools-for-stm32.7-2018-q2-update.macos64_1.5.0.202011040924/tools/bin/../lib/gcc/arm-none-eabi/7.3.1/../../../../arm-none-eabi/lib/thumb/v7e-m/fpv4-sp/hard/libc_nano.a(lib_a-mprec.o)
                0x000000000800e0be                __multadd
 .text.__hi0bits
                0x000000000800e134       0x3e /Applications/STM32CubeIDE.app/Contents/Eclipse/plugins/com.st.stm32cube.ide.mcu.externaltools.gnu-tools-for-stm32.7-2018-q2-update.macos64_1.5.0.202011040924/tools/bin/../lib/gcc/arm-none-eabi/7.3.1/../../../../arm-none-eabi/lib/thumb/v7e-m/fpv4-sp/hard/libc_nano.a(lib_a-mprec.o)
                0x000000000800e134                __hi0bits
 .text.__lo0bits
                0x000000000800e172       0x5e /Applications/STM32CubeIDE.app/Contents/Eclipse/plugins/com.st.stm32cube.ide.mcu.externaltools.gnu-tools-for-stm32.7-2018-q2-update.macos64_1.5.0.202011040924/tools/bin/../lib/gcc/arm-none-eabi/7.3.1/../../../../arm-none-eabi/lib/thumb/v7e-m/fpv4-sp/hard/libc_nano.a(lib_a-mprec.o)
                0x000000000800e172                __lo0bits
 .text.__i2b    0x000000000800e1d0       0x12 /Applications/STM32CubeIDE.app/Contents/Eclipse/plugins/com.st.stm32cube.ide.mcu.externaltools.gnu-tools-for-stm32.7-2018-q2-update.macos64_1.5.0.202011040924/tools/bin/../lib/gcc/arm-none-eabi/7.3.1/../../../../arm-none-eabi/lib/thumb/v7e-m/fpv4-sp/hard/libc_nano.a(lib_a-mprec.o)
                0x000000000800e1d0                __i2b
 .text.__multiply
                0x000000000800e1e2      0x12c /Applications/STM32CubeIDE.app/Contents/Eclipse/plugins/com.st.stm32cube.ide.mcu.externaltools.gnu-tools-for-stm32.7-2018-q2-update.macos64_1.5.0.202011040924/tools/bin/../lib/gcc/arm-none-eabi/7.3.1/../../../../arm-none-eabi/lib/thumb/v7e-m/fpv4-sp/hard/libc_nano.a(lib_a-mprec.o)
                0x000000000800e1e2                __multiply
 *fill*         0x000000000800e30e        0x2 
 .text.__pow5mult
                0x000000000800e310       0x9c /Applications/STM32CubeIDE.app/Contents/Eclipse/plugins/com.st.stm32cube.ide.mcu.externaltools.gnu-tools-for-stm32.7-2018-q2-update.macos64_1.5.0.202011040924/tools/bin/../lib/gcc/arm-none-eabi/7.3.1/../../../../arm-none-eabi/lib/thumb/v7e-m/fpv4-sp/hard/libc_nano.a(lib_a-mprec.o)
                0x000000000800e310                __pow5mult
 .text.__lshift
                0x000000000800e3ac       0xa8 /Applications/STM32CubeIDE.app/Contents/Eclipse/plugins/com.st.stm32cube.ide.mcu.externaltools.gnu-tools-for-stm32.7-2018-q2-update.macos64_1.5.0.202011040924/tools/bin/../lib/gcc/arm-none-eabi/7.3.1/../../../../arm-none-eabi/lib/thumb/v7e-m/fpv4-sp/hard/libc_nano.a(lib_a-mprec.o)
                0x000000000800e3ac                __lshift
 .text.__mcmp   0x000000000800e454       0x34 /Applications/STM32CubeIDE.app/Contents/Eclipse/plugins/com.st.stm32cube.ide.mcu.externaltools.gnu-tools-for-stm32.7-2018-q2-update.macos64_1.5.0.202011040924/tools/bin/../lib/gcc/arm-none-eabi/7.3.1/../../../../arm-none-eabi/lib/thumb/v7e-m/fpv4-sp/hard/libc_nano.a(lib_a-mprec.o)
                0x000000000800e454                __mcmp
 .text.__mdiff  0x000000000800e488       0xba /Applications/STM32CubeIDE.app/Contents/Eclipse/plugins/com.st.stm32cube.ide.mcu.externaltools.gnu-tools-for-stm32.7-2018-q2-update.macos64_1.5.0.202011040924/tools/bin/../lib/gcc/arm-none-eabi/7.3.1/../../../../arm-none-eabi/lib/thumb/v7e-m/fpv4-sp/hard/libc_nano.a(lib_a-mprec.o)
                0x000000000800e488                __mdiff
 .text.__d2b    0x000000000800e542       0x9e /Applications/STM32CubeIDE.app/Contents/Eclipse/plugins/com.st.stm32cube.ide.mcu.externaltools.gnu-tools-for-stm32.7-2018-q2-update.macos64_1.5.0.202011040924/tools/bin/../lib/gcc/arm-none-eabi/7.3.1/../../../../arm-none-eabi/lib/thumb/v7e-m/fpv4-sp/hard/libc_nano.a(lib_a-mprec.o)
                0x000000000800e542                __d2b
 .text._calloc_r
                0x000000000800e5e0       0x1c /Applications/STM32CubeIDE.app/Contents/Eclipse/plugins/com.st.stm32cube.ide.mcu.externaltools.gnu-tools-for-stm32.7-2018-q2-update.macos64_1.5.0.202011040924/tools/bin/../lib/gcc/arm-none-eabi/7.3.1/../../../../arm-none-eabi/lib/thumb/v7e-m/fpv4-sp/hard/libc_nano.a(lib_a-nano-callocr.o)
                0x000000000800e5e0                _calloc_r
 .text._free_r  0x000000000800e5fc       0x9c /Applications/STM32CubeIDE.app/Contents/Eclipse/plugins/com.st.stm32cube.ide.mcu.externaltools.gnu-tools-for-stm32.7-2018-q2-update.macos64_1.5.0.202011040924/tools/bin/../lib/gcc/arm-none-eabi/7.3.1/../../../../arm-none-eabi/lib/thumb/v7e-m/fpv4-sp/hard/libc_nano.a(lib_a-nano-freer.o)
                0x000000000800e5fc                _free_r
 .text._malloc_r
                0x000000000800e698       0xb4 /Applications/STM32CubeIDE.app/Contents/Eclipse/plugins/com.st.stm32cube.ide.mcu.externaltools.gnu-tools-for-stm32.7-2018-q2-update.macos64_1.5.0.202011040924/tools/bin/../lib/gcc/arm-none-eabi/7.3.1/../../../../arm-none-eabi/lib/thumb/v7e-m/fpv4-sp/hard/libc_nano.a(lib_a-nano-mallocr.o)
                0x000000000800e698                _malloc_r
 .text.__sfputc_r
                0x000000000800e74c       0x2e /Applications/STM32CubeIDE.app/Contents/Eclipse/plugins/com.st.stm32cube.ide.mcu.externaltools.gnu-tools-for-stm32.7-2018-q2-update.macos64_1.5.0.202011040924/tools/bin/../lib/gcc/arm-none-eabi/7.3.1/../../../../arm-none-eabi/lib/thumb/v7e-m/fpv4-sp/hard/libc_nano.a(lib_a-nano-vfprintf.o)
 .text.__sfputs_r
                0x000000000800e77a       0x24 /Applications/STM32CubeIDE.app/Contents/Eclipse/plugins/com.st.stm32cube.ide.mcu.externaltools.gnu-tools-for-stm32.7-2018-q2-update.macos64_1.5.0.202011040924/tools/bin/../lib/gcc/arm-none-eabi/7.3.1/../../../../arm-none-eabi/lib/thumb/v7e-m/fpv4-sp/hard/libc_nano.a(lib_a-nano-vfprintf.o)
                0x000000000800e77a                __sfputs_r
 *fill*         0x000000000800e79e        0x2 
 .text._vfprintf_r
                0x000000000800e7a0      0x22c /Applications/STM32CubeIDE.app/Contents/Eclipse/plugins/com.st.stm32cube.ide.mcu.externaltools.gnu-tools-for-stm32.7-2018-q2-update.macos64_1.5.0.202011040924/tools/bin/../lib/gcc/arm-none-eabi/7.3.1/../../../../arm-none-eabi/lib/thumb/v7e-m/fpv4-sp/hard/libc_nano.a(lib_a-nano-vfprintf.o)
                0x000000000800e7a0                _vfiprintf_r
                0x000000000800e7a0                _vfprintf_r
 .text._sbrk_r  0x000000000800e9cc       0x20 /Applications/STM32CubeIDE.app/Contents/Eclipse/plugins/com.st.stm32cube.ide.mcu.externaltools.gnu-tools-for-stm32.7-2018-q2-update.macos64_1.5.0.202011040924/tools/bin/../lib/gcc/arm-none-eabi/7.3.1/../../../../arm-none-eabi/lib/thumb/v7e-m/fpv4-sp/hard/libc_nano.a(lib_a-sbrkr.o)
                0x000000000800e9cc                _sbrk_r
 .text.__sread  0x000000000800e9ec       0x22 /Applications/STM32CubeIDE.app/Contents/Eclipse/plugins/com.st.stm32cube.ide.mcu.externaltools.gnu-tools-for-stm32.7-2018-q2-update.macos64_1.5.0.202011040924/tools/bin/../lib/gcc/arm-none-eabi/7.3.1/../../../../arm-none-eabi/lib/thumb/v7e-m/fpv4-sp/hard/libc_nano.a(lib_a-stdio.o)
                0x000000000800e9ec                __sread
 .text.__swrite
                0x000000000800ea0e       0x38 /Applications/STM32CubeIDE.app/Contents/Eclipse/plugins/com.st.stm32cube.ide.mcu.externaltools.gnu-tools-for-stm32.7-2018-q2-update.macos64_1.5.0.202011040924/tools/bin/../lib/gcc/arm-none-eabi/7.3.1/../../../../arm-none-eabi/lib/thumb/v7e-m/fpv4-sp/hard/libc_nano.a(lib_a-stdio.o)
                0x000000000800ea0e                __swrite
 .text.__sseek  0x000000000800ea46       0x24 /Applications/STM32CubeIDE.app/Contents/Eclipse/plugins/com.st.stm32cube.ide.mcu.externaltools.gnu-tools-for-stm32.7-2018-q2-update.macos64_1.5.0.202011040924/tools/bin/../lib/gcc/arm-none-eabi/7.3.1/../../../../arm-none-eabi/lib/thumb/v7e-m/fpv4-sp/hard/libc_nano.a(lib_a-stdio.o)
                0x000000000800ea46                __sseek
 .text.__sclose
                0x000000000800ea6a        0x8 /Applications/STM32CubeIDE.app/Contents/Eclipse/plugins/com.st.stm32cube.ide.mcu.externaltools.gnu-tools-for-stm32.7-2018-q2-update.macos64_1.5.0.202011040924/tools/bin/../lib/gcc/arm-none-eabi/7.3.1/../../../../arm-none-eabi/lib/thumb/v7e-m/fpv4-sp/hard/libc_nano.a(lib_a-stdio.o)
                0x000000000800ea6a                __sclose
 *fill*         0x000000000800ea72        0x2 
 .text._write_r
                0x000000000800ea74       0x24 /Applications/STM32CubeIDE.app/Contents/Eclipse/plugins/com.st.stm32cube.ide.mcu.externaltools.gnu-tools-for-stm32.7-2018-q2-update.macos64_1.5.0.202011040924/tools/bin/../lib/gcc/arm-none-eabi/7.3.1/../../../../arm-none-eabi/lib/thumb/v7e-m/fpv4-sp/hard/libc_nano.a(lib_a-writer.o)
                0x000000000800ea74                _write_r