Archive member included to satisfy reference by file (symbol)

../CMSIS/Lib/libarm_cortexM7lfsp_math.a(arm_sin_f32.o)
                              App/Src/main_run.o (arm_sin_f32)
../CMSIS/Lib/libarm_cortexM7lfsp_math.a(arm_common_tables.o)
                              ../CMSIS/Lib/libarm_cortexM7lfsp_math.a(arm_sin_f32.o) (sinTable_f32)
/Applications/STM32CubeIDE.app/Contents/Eclipse/plugins/com.st.stm32cube.ide.mcu.externaltools.gnu-tools-for-stm32.7-2018-q2-update.macos64_1.5.0.202011040924/tools/bin/../lib/gcc/arm-none-eabi/7.3.1/../../../../arm-none-eabi/lib/thumb/v7e-m/fpv4-sp/hard/libstdc++_nano.a(guard.o)
                              App/Src/main_run.o (__cxa_guard_acquire)
/Applications/STM32CubeIDE.app/Contents/Eclipse/plugins/com.st.stm32cube.ide.mcu.externaltools.gnu-tools-for-stm32.7-2018-q2-update.macos64_1.5.0.202011040924/tools/bin/../lib/gcc/arm-none-eabi/7.3.1/../../../../arm-none-eabi/lib/thumb/v7e-m/fpv4-sp/hard/libstdc++_nano.a(pure.o)
                              App/Encoder/Src/as5048a.o (__cxa_pure_virtual)
/Applications/STM32CubeIDE.app/Contents/Eclipse/plugins/com.st.stm32cube.ide.mcu.externaltools.gnu-tools-for-stm32.7-2018-q2-update.macos64_1.5.0.202011040924/tools/bin/../lib/gcc/arm-none-eabi/7.3.1/../../../../arm-none-eabi/lib/thumb/v7e-m/fpv4-sp/hard/libstdc++_nano.a(eh_terminate.o)
                              /Applications/STM32CubeIDE.app/Contents/Eclipse/plugins/com.st.stm32cube.ide.mcu.externaltools.gnu-tools-for-stm32.7-2018-q2-update.macos64_1.5.0.202011040924/tools/bin/../lib/gcc/arm-none-eabi/7.3.1/../../../../arm-none-eabi/lib/thumb/v7e-m/fpv4-sp/hard/libstdc++_nano.a(pure.o) (std::terminate())
/Applications/STM32CubeIDE.app/Contents/Eclipse/plugins/com.st.stm32cube.ide.mcu.externaltools.gnu-tools-for-stm32.7-2018-q2-update.macos64_1.5.0.202011040924/tools/bin/../lib/gcc/arm-none-eabi/7.3.1/../../../../arm-none-eabi/lib/thumb/v7e-m/fpv4-sp/hard/libstdc++_nano.a(eh_unex_handler.o)
                              /Applications/STM32CubeIDE.app/Contents/Eclipse/plugins/com.st.stm32cube.ide.mcu.externaltools.gnu-tools-for-stm32.7-2018-q2-update.macos64_1.5.0.202011040924/tools/bin/../lib/gcc/arm-none-eabi/7.3.1/../../../../arm-none-eabi/lib/thumb/v7e-m/fpv4-sp/hard/libstdc++_nano.a(eh_terminate.o) (__cxxabiv1::__unexpected_handler)
/Applications/STM32CubeIDE.app/Contents/Eclipse/plugins/com.st.stm32cube.ide.mcu.externaltools.gnu-tools-for-stm32.7-2018-q2-update.macos64_1.5.0.202011040924/tools/bin/../lib/gcc/arm-none-eabi/7.3.1/../../../../arm-none-eabi/lib/thumb/v7e-m/fpv4-sp/hard/libstdc++_nano.a(eh_term_handler.o)
                              /Applications/STM32CubeIDE.app/Contents/Eclipse/plugins/com.st.stm32cube.ide.mcu.externaltools.gnu-tools-for-stm32.7-2018-q2-update.macos64_1.5.0.202011040924/tools/bin/../lib/gcc/arm-none-eabi/7.3.1/../../../../arm-none-eabi/lib/thumb/v7e-m/fpv4-sp/hard/libstdc++_nano.a(eh_terminate.o) (__cxxabiv1::__terminate_handler)
/Applications/STM32CubeIDE.app/Contents/Eclipse/plugins/com.st.stm32cube.ide.mcu.externaltools.gnu-tools-for-stm32.7-2018-q2-update.macos64_1.5.0.202011040924/tools/bin/../lib/gcc/arm-none-eabi/7.3.1/../../../../arm-none-eabi/lib/thumb/v7e-m/fpv4-sp/hard/libm.a(lib_a-s_floor.o)
                              App/Encoder/Src/encoder.o (floor)
/Applications/STM32CubeIDE.app/Contents/Eclipse/plugins/com.st.stm32cube.ide.mcu.externaltools.gnu-tools-for-stm32.7-2018-q2-update.macos64_1.5.0.202011040924/tools/bin/../lib/gcc/arm-none-eabi/7.3.1/../../../../arm-none-eabi/lib/thumb/v7e-m/fpv4-sp/hard/libc_nano.a(lib_a-abort.o)
                              /Applications/STM32CubeIDE.app/Contents/Eclipse/plugins/com.st.stm32cube.ide.mcu.externaltools.gnu-tools-for-stm32.7-2018-q2-update.macos64_1.5.0.202011040924/tools/bin/../lib/gcc/arm-none-eabi/7.3.1/../../../../arm-none-eabi/lib/thumb/v7e-m/fpv4-sp/hard/libstdc++_nano.a(eh_terminate.o) (abort)
/Applications/STM32CubeIDE.app/Contents/Eclipse/plugins/com.st.stm32cube.ide.mcu.externaltools.gnu-tools-for-stm32.7-2018-q2-update.macos64_1.5.0.202011040924/tools/bin/../lib/gcc/arm-none-eabi/7.3.1/../../../../arm-none-eabi/lib/thumb/v7e-m/fpv4-sp/hard/libc_nano.a(lib_a-errno.o)
                              Core/Src/syscalls.o (__errno)
/Applications/STM32CubeIDE.app/Contents/Eclipse/plugins/com.st.stm32cube.ide.mcu.externaltools.gnu-tools-for-stm32.7-2018-q2-update.macos64_1.5.0.202011040924/tools/bin/../lib/gcc/arm-none-eabi/7.3.1/../../../../arm-none-eabi/lib/thumb/v7e-m/fpv4-sp/hard/libc_nano.a(lib_a-exit.o)
                              /Applications/STM32CubeIDE.app/Contents/Eclipse/plugins/com.st.stm32cube.ide.mcu.externaltools.gnu-tools-for-stm32.7-2018-q2-update.macos64_1.5.0.202011040924/tools/bin/../lib/gcc/arm-none-eabi/7.3.1/../../../../arm-none-eabi/lib/thumb/v7e-m/fpv4-sp/hard/crt0.o (exit)
[...]
Memory Configuration

Name             Origin             Length             Attributes
RAM              0x0000000020000000 0x0000000000040000 xrw
FLASH            0x0000000008000000 0x0000000000080000 xr
*default*        0x0000000000000000 0xffffffffffffffff

Linker script and memory map

LOAD /Applications/STM32CubeIDE.app/Contents/Eclipse/plugins/com.st.stm32cube.ide.mcu.externaltools.gnu-tools-for-stm32.7-2018-q2-update.macos64_1.5.0.202011040924/tools/bin/../lib/gcc/arm-none-eabi/7.3.1/thumb/v7e-m/fpv4-sp/hard/crti.o
LOAD /Applications/STM32CubeIDE.app/Contents/Eclipse/plugins/com.st.stm32cube.ide.mcu.externaltools.gnu-tools-for-stm32.7-2018-q2-update.macos64_1.5.0.202011040924/tools/bin/../lib/gcc/arm-none-eabi/7.3.1/thumb/v7e-m/fpv4-sp/hard/crtbegin.o
LOAD /Applications/STM32CubeIDE.app/Contents/Eclipse/plugins/com.st.stm32cube.ide.mcu.externaltools.gnu-tools-for-stm32.7-2018-q2-update.macos64_1.5.0.202011040924/tools/bin/../lib/gcc/arm-none-eabi/7.3.1/../../../../arm-none-eabi/lib/thumb/v7e-m/fpv4-sp/hard/crt0.o
LOAD App/Encoder/Src/as5048a.o
LOAD App/Encoder/Src/encoder.o
LOAD App/Motor/Src/half_bridge.o
LOAD App/Motor/Src/motor.o
LOAD App/Motor/Src/stspin830.o
LOAD App/PIDController/Src/pid_controller.o
LOAD App/Src/main_run.o
LOAD App/Test/Src/test_encoder.o
LOAD App/Test/Src/test_half_bridge.o
LOAD App/Test/Src/test_pid_controller.o
LOAD Core/Src/freertos.o
LOAD Core/Src/main.o
LOAD Core/Src/stm32f7xx_hal_msp.o
LOAD Core/Src/stm32f7xx_hal_timebase_tim.o
LOAD Core/Src/stm32f7xx_it.o
LOAD Core/Src/syscalls.o
LOAD Core/Src/sysmem.o
LOAD Core/Src/system_stm32f7xx.o
LOAD Core/Startup/startup_stm32f722zetx.o
LOAD Drivers/STM32F7xx_HAL_Driver/Src/stm32f7xx_hal.o
LOAD Drivers/STM32F7xx_HAL_Driver/Src/stm32f7xx_hal_adc.o
LOAD Drivers/STM32F7xx_HAL_Driver/Src/stm32f7xx_hal_adc_ex.o
LOAD Drivers/STM32F7xx_HAL_Driver/Src/stm32f7xx_hal_cortex.o
LOAD Drivers/STM32F7xx_HAL_Driver/Src/stm32f7xx_hal_dma.o
LOAD Drivers/STM32F7xx_HAL_Driver/Src/stm32f7xx_hal_dma_ex.o
LOAD Drivers/STM32F7xx_HAL_Driver/Src/stm32f7xx_hal_exti.o
LOAD Drivers/STM32F7xx_HAL_Driver/Src/stm32f7xx_hal_flash.o
LOAD Drivers/STM32F7xx_HAL_Driver/Src/stm32f7xx_hal_flash_ex.o
LOAD Drivers/STM32F7xx_HAL_Driver/Src/stm32f7xx_hal_gpio.o
LOAD Drivers/STM32F7xx_HAL_Driver/Src/stm32f7xx_hal_i2c.o
LOAD Drivers/STM32F7xx_HAL_Driver/Src/stm32f7xx_hal_i2c_ex.o
LOAD Drivers/STM32F7xx_HAL_Driver/Src/stm32f7xx_hal_pcd.o
LOAD Drivers/STM32F7xx_HAL_Driver/Src/stm32f7xx_hal_pcd_ex.o
LOAD Drivers/STM32F7xx_HAL_Driver/Src/stm32f7xx_hal_pwr.o
LOAD Drivers/STM32F7xx_HAL_Driver/Src/stm32f7xx_hal_pwr_ex.o
LOAD Drivers/STM32F7xx_HAL_Driver/Src/stm32f7xx_hal_rcc.o
LOAD Drivers/STM32F7xx_HAL_Driver/Src/stm32f7xx_hal_rcc_ex.o
LOAD Drivers/STM32F7xx_HAL_Driver/Src/stm32f7xx_hal_spi.o
LOAD Drivers/STM32F7xx_HAL_Driver/Src/stm32f7xx_hal_spi_ex.o
LOAD Drivers/STM32F7xx_HAL_Driver/Src/stm32f7xx_hal_tim.o
LOAD Drivers/STM32F7xx_HAL_Driver/Src/stm32f7xx_hal_tim_ex.o
LOAD Drivers/STM32F7xx_HAL_Driver/Src/stm32f7xx_hal_uart.o
LOAD Drivers/STM32F7xx_HAL_Driver/Src/stm32f7xx_hal_uart_ex.o
LOAD Drivers/STM32F7xx_HAL_Driver/Src/stm32f7xx_ll_usb.o
LOAD Middlewares/Third_Party/FreeRTOS/Source/CMSIS_RTOS_V2/cmsis_os2.o
LOAD Middlewares/Third_Party/FreeRTOS/Source/croutine.o
LOAD Middlewares/Third_Party/FreeRTOS/Source/event_groups.o
LOAD Middlewares/Third_Party/FreeRTOS/Source/list.o
LOAD Middlewares/Third_Party/FreeRTOS/Source/queue.o
LOAD Middlewares/Third_Party/FreeRTOS/Source/stream_buffer.o
LOAD Middlewares/Third_Party/FreeRTOS/Source/tasks.o
LOAD Middlewares/Third_Party/FreeRTOS/Source/timers.o
LOAD Middlewares/Third_Party/FreeRTOS/Source/portable/GCC/ARM_CM7/r0p1/port.o
LOAD Middlewares/Third_Party/FreeRTOS/Source/portable/MemMang/heap_4.o
LOAD ../CMSIS/Lib/libarm_cortexM7lfsp_math.a
START GROUP
LOAD /Applications/STM32CubeIDE.app/Contents/Eclipse/plugins/com.st.stm32cube.ide.mcu.externaltools.gnu-tools-for-stm32.7-2018-q2-update.macos64_1.5.0.202011040924/tools/bin/../lib/gcc/arm-none-eabi/7.3.1/../../../../arm-none-eabi/lib/thumb/v7e-m/fpv4-sp/hard/libstdc++_nano.a
LOAD /Applications/STM32CubeIDE.app/Contents/Eclipse/plugins/com.st.stm32cube.ide.mcu.externaltools.gnu-tools-for-stm32.7-2018-q2-update.macos64_1.5.0.202011040924/tools/bin/../lib/gcc/arm-none-eabi/7.3.1/../../../../arm-none-eabi/lib/thumb/v7e-m/fpv4-sp/hard/libsupc++_nano.a
END GROUP
LOAD /Applications/STM32CubeIDE.app/Contents/Eclipse/plugins/com.st.stm32cube.ide.mcu.externaltools.gnu-tools-for-stm32.7-2018-q2-update.macos64_1.5.0.202011040924/tools/bin/../lib/gcc/arm-none-eabi/7.3.1/../../../../arm-none-eabi/lib/thumb/v7e-m/fpv4-sp/hard/libstdc++_nano.a
LOAD /Applications/STM32CubeIDE.app/Contents/Eclipse/plugins/com.st.stm32cube.ide.mcu.externaltools.gnu-tools-for-stm32.7-2018-q2-update.macos64_1.5.0.202011040924/tools/bin/../lib/gcc/arm-none-eabi/7.3.1/../../../../arm-none-eabi/lib/thumb/v7e-m/fpv4-sp/hard/libm.a
LOAD /Applications/STM32CubeIDE.app/Contents/Eclipse/plugins/com.st.stm32cube.ide.mcu.externaltools.gnu-tools-for-stm32.7-2018-q2-update.macos64_1.5.0.202011040924/tools/bin/../lib/gcc/arm-none-eabi/7.3.1/../../../../arm-none-eabi/lib/thumb/v7e-m/fpv4-sp/hard/libc_nano.a
START GROUP
LOAD /Applications/STM32CubeIDE.app/Contents/Eclipse/plugins/com.st.stm32cube.ide.mcu.externaltools.gnu-tools-for-stm32.7-2018-q2-update.macos64_1.5.0.202011040924/tools/bin/../lib/gcc/arm-none-eabi/7.3.1/thumb/v7e-m/fpv4-sp/hard/libgcc.a
LOAD /Applications/STM32CubeIDE.app/Contents/Eclipse/plugins/com.st.stm32cube.ide.mcu.externaltools.gnu-tools-for-stm32.7-2018-q2-update.macos64_1.5.0.202011040924/tools/bin/../lib/gcc/arm-none-eabi/7.3.1/../../../../arm-none-eabi/lib/thumb/v7e-m/fpv4-sp/hard/libc_nano.a
END GROUP
START GROUP
LOAD /Applications/STM32CubeIDE.app/Contents/Eclipse/plugins/com.st.stm32cube.ide.mcu.externaltools.gnu-tools-for-stm32.7-2018-q2-update.macos64_1.5.0.202011040924/tools/bin/../lib/gcc/arm-none-eabi/7.3.1/thumb/v7e-m/fpv4-sp/hard/libgcc.a
LOAD /Applications/STM32CubeIDE.app/Contents/Eclipse/plugins/com.st.stm32cube.ide.mcu.externaltools.gnu-tools-for-stm32.7-2018-q2-update.macos64_1.5.0.202011040924/tools/bin/../lib/gcc/arm-none-eabi/7.3.1/../../../../arm-none-eabi/lib/thumb/v7e-m/fpv4-sp/hard/libc_nano.a
LOAD /Applications/STM32CubeIDE.app/Contents/Eclipse/plugins/com.st.stm32cube.ide.mcu.externaltools.gnu-tools-for-stm32.7-2018-q2-update.macos64_1.5.0.202011040924/tools/bin/../lib/gcc/arm-none-eabi/7.3.1/../../../../arm-none-eabi/lib/thumb/v7e-m/fpv4-sp/hard/libnosys.a
END GROUP
START GROUP
LOAD /Applications/STM32CubeIDE.app/Contents/Eclipse/plugins/com.st.stm32cube.ide.mcu.externaltools.gnu-tools-for-stm32.7-2018-q2-update.macos64_1.5.0.202011040924/tools/bin/../lib/gcc/arm-none-eabi/7.3.1/thumb/v7e-m/fpv4-sp/hard/libgcc.a
LOAD /Applications/STM32CubeIDE.app/Contents/Eclipse/plugins/com.st.stm32cube.ide.mcu.externaltools.gnu-tools-for-stm32.7-2018-q2-update.macos64_1.5.0.202011040924/tools/bin/../lib/gcc/arm-none-eabi/7.3.1/../../../../arm-none-eabi/lib/thumb/v7e-m/fpv4-sp/hard/libc_nano.a
LOAD /Applications/STM32CubeIDE.app/Contents/Eclipse/plugins/com.st.stm32cube.ide.mcu.externaltools.gnu-tools-for-stm32.7-2018-q2-update.macos64_1.5.0.202011040924/tools/bin/../lib/gcc/arm-none-eabi/7.3.1/../../../../arm-none-eabi/lib/thumb/v7e-m/fpv4-sp/hard/libnosys.a
END GROUP
LOAD /Applications/STM32CubeIDE.app/Contents/Eclipse/plugins/com.st.stm32cube.ide.mcu.externaltools.gnu-tools-for-stm32.7-2018-q2-update.macos64_1.5.0.202011040924/tools/bin/../lib/gcc/arm-none-eabi/7.3.1/thumb/v7e-m/fpv4-sp/hard/crtend.o
LOAD /Applications/STM32CubeIDE.app/Contents/Eclipse/plugins/com.st.stm32cube.ide.mcu.externaltools.gnu-tools-for-stm32.7-2018-q2-update.macos64_1.5.0.202011040924/tools/bin/../lib/gcc/arm-none-eabi/7.3.1/thumb/v7e-m/fpv4-sp/hard/crtn.o
                0x0000000020040000                _estack = (ORIGIN (RAM) + LENGTH (RAM))
                0x0000000000000200                _Min_Heap_Size = 0x200
                0x0000000000000400                _Min_Stack_Size = 0x400

.isr_vector     0x0000000008000000      0x1e0
                0x0000000008000000                . = ALIGN (0x4)
 *(.isr_vector)
 .isr_vector    0x0000000008000000      0x1e0 Core/Startup/startup_stm32f722zetx.o
                0x0000000008000000                g_pfnVectors
                0x00000000080001e0                . = ALIGN (0x4)

.text           0x00000000080001e0     0xeb78
                0x00000000080001e0                . = ALIGN (0x4)
 *(.text)
 .text          0x00000000080001e0       0x40 /Applications/STM32CubeIDE.app/Contents/Eclipse/plugins/com.st.stm32cube.ide.mcu.externaltools.gnu-tools-for-stm32.7-2018-q2-update.macos64_1.5.0.202011040924/tools/bin/../lib/gcc/arm-none-eabi/7.3.1/thumb/v7e-m/fpv4-sp/hard/crtbegin.o
 .text          0x0000000008000220       0x10 /Applications/STM32CubeIDE.app/Contents/Eclipse/plugins/com.st.stm32cube.ide.mcu.externaltools.gnu-tools-for-stm32.7-2018-q2-update.macos64_1.5.0.202011040924/tools/bin/../lib/gcc/arm-none-eabi/7.3.1/../../../../arm-none-eabi/lib/thumb/v7e-m/fpv4-sp/hard/libc_nano.a(lib_a-strlen.o)
                0x0000000008000220                strlen
 .text          0x0000000008000230       0xa0 /Applications/STM32CubeIDE.app/Contents/Eclipse/plugins/com.st.stm32cube.ide.mcu.externaltools.gnu-tools-for-stm32.7-2018-q2-update.macos64_1.5.0.202011040924/tools/bin/../lib/gcc/arm-none-eabi/7.3.1/../../../../arm-none-eabi/lib/thumb/v7e-m/fpv4-sp/hard/libc_nano.a(lib_a-memchr.o)
                0x0000000008000230                memchr
 .text          0x00000000080002d0      0x378 /Applications/STM32CubeIDE.app/Contents/Eclipse/plugins/com.st.stm32cube.ide.mcu.externaltools.gnu-tools-for-stm32.7-2018-q2-update.macos64_1.5.0.202011040924/tools/bin/../lib/gcc/arm-none-eabi/7.3.1/thumb/v7e-m/fpv4-sp/hard/libgcc.a(_arm_addsubdf3.o)
                0x00000000080002d0                __aeabi_drsub
                0x00000000080002d8                __subdf3
                0x00000000080002d8                __aeabi_dsub
                0x00000000080002dc                __aeabi_dadd
                0x00000000080002dc                __adddf3
                0x0000000008000554                __aeabi_ui2d
                0x0000000008000554                __floatunsidf
                0x0000000008000574                __floatsidf
                0x0000000008000574                __aeabi_i2d
                0x0000000008000598                __extendsfdf2
                0x0000000008000598                __aeabi_f2d
                0x00000000080005dc                __aeabi_ul2d
                0x00000000080005dc                __floatundidf
                0x00000000080005ec                __aeabi_l2d
                0x00000000080005ec                __floatdidf
 .text          0x0000000008000648      0x424 /Applications/STM32CubeIDE.app/Contents/Eclipse/plugins/com.st.stm32cube.ide.mcu.externaltools.gnu-tools-for-stm32.7-2018-q2-update.macos64_1.5.0.202011040924/tools/bin/../lib/gcc/arm-none-eabi/7.3.1/thumb/v7e-m/fpv4-sp/hard/libgcc.a(_arm_muldivdf3.o)
                0x0000000008000648                __aeabi_dmul
                0x0000000008000648                __muldf3
                0x000000000800089c                __aeabi_ddiv
                0x000000000800089c                __divdf3
 .text          0x0000000008000a6c      0x110 /Applications/STM32CubeIDE.app/Contents/Eclipse/plugins/com.st.stm32cube.ide.mcu.externaltools.gnu-tools-for-stm32.7-2018-q2-update.macos64_1.5.0.202011040924/tools/bin/../lib/gcc/arm-none-eabi/7.3.1/thumb/v7e-m/fpv4-sp/hard/libgcc.a(_arm_cmpdf2.o)
                0x0000000008000a6c                __gedf2
                0x0000000008000a6c                __gtdf2
                0x0000000008000a74                __ledf2
                0x0000000008000a74                __ltdf2
                0x0000000008000a7c                __cmpdf2
                0x0000000008000a7c                __eqdf2
                0x0000000008000a7c                __nedf2
                0x0000000008000af8                __aeabi_cdrcmple
                0x0000000008000b08                __aeabi_cdcmple
                0x0000000008000b08                __aeabi_cdcmpeq
                0x0000000008000b18                __aeabi_dcmpeq
                0x0000000008000b2c                __aeabi_dcmplt
                0x0000000008000b40                __aeabi_dcmple
                0x0000000008000b54                __aeabi_dcmpge
                0x0000000008000b68                __aeabi_dcmpgt
 .text          0x0000000008000b7c       0x2c /Applications/STM32CubeIDE.app/Contents/Eclipse/plugins/com.st.stm32cube.ide.mcu.externaltools.gnu-tools-for-stm32.7-2018-q2-update.macos64_1.5.0.202011040924/tools/bin/../lib/gcc/arm-none-eabi/7.3.1/thumb/v7e-m/fpv4-sp/hard/libgcc.a(_arm_unorddf2.o)
                0x0000000008000b7c                __aeabi_dcmpun
                0x0000000008000b7c                __unorddf2
 .text          0x0000000008000ba8       0x50 /Applications/STM32CubeIDE.app/Contents/Eclipse/plugins/com.st.stm32cube.ide.mcu.externaltools.gnu-tools-for-stm32.7-2018-q2-update.macos64_1.5.0.202011040924/tools/bin/../lib/gcc/arm-none-eabi/7.3.1/thumb/v7e-m/fpv4-sp/hard/libgcc.a(_arm_fixdfsi.o)
                0x0000000008000ba8                __fixdfsi
                0x0000000008000ba8                __aeabi_d2iz
 .text          0x0000000008000bf8       0xa0 /Applications/STM32CubeIDE.app/Contents/Eclipse/plugins/com.st.stm32cube.ide.mcu.externaltools.gnu-tools-for-stm32.7-2018-q2-update.macos64_1.5.0.202011040924/tools/bin/../lib/gcc/arm-none-eabi/7.3.1/thumb/v7e-m/fpv4-sp/hard/libgcc.a(_arm_truncdfsf2.o)
                0x0000000008000bf8                __aeabi_d2f
                0x0000000008000bf8                __truncdfsf2
 .text          0x0000000008000c98       0x30 /Applications/STM32CubeIDE.app/Contents/Eclipse/plugins/com.st.stm32cube.ide.mcu.externaltools.gnu-tools-for-stm32.7-2018-q2-update.macos64_1.5.0.202011040924/tools/bin/../lib/gcc/arm-none-eabi/7.3.1/thumb/v7e-m/fpv4-sp/hard/libgcc.a(_aeabi_uldivmod.o)
                0x0000000008000c98                __aeabi_uldivmod
 .text          0x0000000008000cc8      0x2cc /Applications/STM32CubeIDE.app/Contents/Eclipse/plugins/com.st.stm32cube.ide.mcu.externaltools.gnu-tools-for-stm32.7-2018-q2-update.macos64_1.5.0.202011040924/tools/bin/../lib/gcc/arm-none-eabi/7.3.1/thumb/v7e-m/fpv4-sp/hard/libgcc.a(_udivmoddi4.o)
                0x0000000008000cc8                __udivmoddi4
 .text          0x0000000008000f94        0x4 /Applications/STM32CubeIDE.app/Contents/Eclipse/plugins/com.st.stm32cube.ide.mcu.externaltools.gnu-tools-for-stm32.7-2018-q2-update.macos64_1.5.0.202011040924/tools/bin/../lib/gcc/arm-none-eabi/7.3.1/thumb/v7e-m/fpv4-sp/hard/libgcc.a(_dvmd_tls.o)
                0x0000000008000f94                __aeabi_ldiv0
                0x0000000008000f94                __aeabi_idiv0
 *(.text*)
 .text._ZN7EncoderC2Ev
                0x0000000008000f98       0x30 App/Encoder/Src/as5048a.o
                0x0000000008000f98                Encoder::Encoder()
                0x0000000008000f98                Encoder::Encoder()
 .text._ZN7AS5048AC2EP19__SPI_HandleTypeDefP12GPIO_TypeDeftm
                0x0000000008000fc8       0x44 App/Encoder/Src/as5048a.o
                0x0000000008000fc8                AS5048A::AS5048A(__SPI_HandleTypeDef*, GPIO_TypeDef*, unsigned short, unsigned long)
                0x0000000008000fc8                AS5048A::AS5048A(__SPI_HandleTypeDef*, GPIO_TypeDef*, unsigned short, unsigned long)
 .text._ZN7AS5048A4InitEv
                0x000000000800100c       0x16 App/Encoder/Src/as5048a.o
                0x000000000800100c                AS5048A::Init()
 .text._ZN7AS5048A6UpdateEv
                0x0000000008001022       0x26 App/Encoder/Src/as5048a.o
                0x0000000008001022                AS5048A::Update()
 .text._ZN7AS5048A15CalcEvenParity_Et
                0x0000000008001048       0x4a App/Encoder/Src/as5048a.o
                0x0000000008001048                AS5048A::CalcEvenParity_(unsigned short)
 .text._ZN7AS5048A20CreateCommandPacket_Eth
                0x0000000008001092       0x52 App/Encoder/Src/as5048a.o
                0x0000000008001092                AS5048A::CreateCommandPacket_(unsigned short, unsigned char)
 .text._ZN7AS5048A18CreateWritePacket_Et
                0x00000000080010e4       0x38 App/Encoder/Src/as5048a.o
                0x00000000080010e4                AS5048A::CreateWritePacket_(unsigned short)
 .text._ZN7AS5048A20ParseReceivedPacket_Et
                0x000000000800111c       0x52 App/Encoder/Src/as5048a.o
                0x000000000800111c                AS5048A::ParseReceivedPacket_(unsigned short)
 *fill*         0x000000000800116e        0x2 
 .text._ZN7AS5048A10ReadAngle_Ev
                0x0000000008001170       0x94 App/Encoder/Src/as5048a.o
                0x0000000008001170                AS5048A::ReadAngle_()
 .text._ZN7AS5048A15ClearErrorFlag_Ev
                0x0000000008001204       0x48 App/Encoder/Src/as5048a.o
                0x0000000008001204                AS5048A::ClearErrorFlag_()
 .text._ZN7AS5048A14SPITransmit16_Et
                0x000000000800124c       0x54 App/Encoder/Src/as5048a.o
                0x000000000800124c                AS5048A::SPITransmit16_(unsigned short)
 .text._ZN7AS5048A21SPITransmitReceive16_Et
                0x00000000080012a0       0x7a App/Encoder/Src/as5048a.o
                0x00000000080012a0                AS5048A::SPITransmitReceive16_(unsigned short)
 *fill*         0x000000000800131a        0x2 
 .text._ZN7Encoder10WrapAngle_Ef
                0x000000000800131c       0x9c App/Encoder/Src/encoder.o
                0x000000000800131c                Encoder::WrapAngle_(float)
 .text._ZN7Encoder14set_zero_angleEf
                0x00000000080013b8       0x28 App/Encoder/Src/encoder.o
                0x00000000080013b8                Encoder::set_zero_angle(float)
 .text._ZN7Encoder9get_angleEv
                0x00000000080013e0       0x30 App/Encoder/Src/encoder.o
                0x00000000080013e0                Encoder::get_angle()
 .text._ZN7Encoder9set_angleEf
                0x0000000008001410       0x28 App/Encoder/Src/encoder.o
                0x0000000008001410                Encoder::set_angle(float)
 .text._ZN10HalfBridge18set_target_currentEf
                0x0000000008001438       0x1e App/Motor/Src/half_bridge.o
                0x0000000008001438                HalfBridge::set_target_current(float)
 .text._ZN10HalfBridge11get_op_modeEv
                0x0000000008001456       0x18 App/Motor/Src/half_bridge.o
                0x0000000008001456                HalfBridge::get_op_mode()
 *fill*         0x000000000800146e        0x2 
 .text._Z13GetTickMicrosv
                0x0000000008001470       0x38 App/Motor/Src/stspin830.o
                0x0000000008001470                GetTickMicros()
 .text._ZN9STSPIN8304InitEv
                0x00000000080014a8       0x42 App/Motor/Src/stspin830.o
                0x00000000080014a8                STSPIN830::Init()
 *fill*         0x00000000080014ea        0x2 
 .text._ZN9STSPIN8306UpdateEv
                0x00000000080014ec      0x214 App/Motor/Src/stspin830.o
                0x00000000080014ec                STSPIN830::Update()
 .text._ZN13PIDControllerC2EfffRKf
                0x0000000008001700       0x6a App/PIDController/Src/pid_controller.o
                0x0000000008001700                PIDController::PIDController(float, float, float, float const&)
                0x0000000008001700                PIDController::PIDController(float, float, float, float const&)
 .text._ZN13PIDController6UpdateEf
                0x000000000800176a      0x130 App/PIDController/Src/pid_controller.o
                0x000000000800176a                PIDController::Update(float)
 *fill*         0x000000000800189a        0x2 
 .text._ZN13PIDController5ResetEv
                0x000000000800189c       0x4c App/PIDController/Src/pid_controller.o
                0x000000000800189c                PIDController::Reset()
 .text._ZN13PIDController10get_outputEv
                0x00000000080018e8       0x1e App/PIDController/Src/pid_controller.o
                0x00000000080018e8                PIDController::get_output()
 *fill*         0x0000000008001906        0x2 
 .text._ZN10HalfBridgeC2Ev
                0x0000000008001908       0x38 App/Src/main_run.o
                0x0000000008001908                HalfBridge::HalfBridge()
                0x0000000008001908                HalfBridge::HalfBridge()
 .text._ZN9STSPIN830C2EP17TIM_HandleTypeDefmRVKt
                0x0000000008001940       0x88 App/Src/main_run.o
                0x0000000008001940                STSPIN830::STSPIN830(TIM_HandleTypeDef*, unsigned long, unsigned short const volatile&)
                0x0000000008001940                STSPIN830::STSPIN830(TIM_HandleTypeDef*, unsigned long, unsigned short const volatile&)
 .text.main_run
                0x00000000080019c8      0x190 App/Src/main_run.o
                0x00000000080019c8                main_run
 .text._Z9WrapAnglef
                0x0000000008001b58       0x64 App/Src/main_run.o
                0x0000000008001b58                WrapAngle(float)
 .text._Z10startTask1Pv
                0x0000000008001bbc      0x160 App/Src/main_run.o
                0x0000000008001bbc                startTask1(void*)
 .text._Z21StartMotorControlTaskPv
                0x0000000008001d1c       0x70 App/Src/main_run.o
                0x0000000008001d1c                StartMotorControlTask(void*)
 .text._Z11RunAllTestsv
                0x0000000008001d8c       0x14 App/Src/main_run.o
                0x0000000008001d8c                RunAllTests()
 .text._Z17TestEncoderCreatev
                0x0000000008001da0       0x6c App/Test/Src/test_encoder.o
                0x0000000008001da0                TestEncoderCreate()
 .text._Z15TestEncoderZerov
                0x0000000008001e0c      0x108 App/Test/Src/test_encoder.o
                0x0000000008001e0c                TestEncoderZero()
 .text._Z16TestEncoderAnglev
                0x0000000008001f14      0x10c App/Test/Src/test_encoder.o
                0x0000000008001f14                TestEncoderAngle()
 .text._Z17TestAS5048AParityv
                0x0000000008002020      0x114 App/Test/Src/test_encoder.o
                0x0000000008002020                TestAS5048AParity()
 .text._Z18TestAS5048APacketsv
                0x0000000008002134      0x1ec App/Test/Src/test_encoder.o
                0x0000000008002134                TestAS5048APackets()
 .text._Z14TestEncoderAllv
                0x0000000008002320       0xd8 App/Test/Src/test_encoder.o
                0x0000000008002320                TestEncoderAll()
 .text._Z20TestHalfBridgeCreatev
                0x00000000080023f8       0x4c App/Test/Src/test_half_bridge.o
                0x00000000080023f8                TestHalfBridgeCreate()
 .text._Z17TestHalfBridgeAllv
                0x0000000008002444       0x54 App/Test/Src/test_half_bridge.o
                0x0000000008002444                TestHalfBridgeAll()
 .text._Z23TestPIDControllerCreatev
                0x0000000008002498      0x1a8 App/Test/Src/test_pid_controller.o
                0x0000000008002498                TestPIDControllerCreate()
 .text._Z25TestPIDControllerResponsev
                0x0000000008002640      0x4b0 App/Test/Src/test_pid_controller.o
                0x0000000008002640                TestPIDControllerResponse()
 .text._Z20TestPIDControllerAllv
                0x0000000008002af0       0x6c App/Test/Src/test_pid_controller.o
                0x0000000008002af0                TestPIDControllerAll()
 .text._Z10CheckCloseIfEbT_S0_S0_
                0x0000000008002b5c       0x58 App/Test/Src/test_pid_controller.o
                0x0000000008002b5c                bool CheckClose<float>(float, float, float)
 .text.main     0x0000000008002bb4       0xb4 Core/Src/main.o
                0x0000000008002bb4                main
 .text.SystemClock_Config
                0x0000000008002c68      0x12c Core/Src/main.o
                0x0000000008002c68                SystemClock_Config
 .text.MX_ADC1_Init
                0x0000000008002d94       0xdc Core/Src/main.o
 .text.MX_SPI5_Init
                0x0000000008002e70       0x7c Core/Src/main.o
 .text.MX_TIM1_Init
                0x0000000008002eec      0x188 Core/Src/main.o
 .text.MX_TIM2_Init
                0x0000000008003074       0xd8 Core/Src/main.o
 .text.MX_TIM4_Init
                0x000000000800314c       0xec Core/Src/main.o
 .text.MX_USART3_UART_Init
                0x0000000008003238       0x60 Core/Src/main.o
 .text.MX_USB_OTG_FS_PCD_Init
                0x0000000008003298       0x5c Core/Src/main.o
 .text.MX_DMA_Init
                0x00000000080032f4       0x3c Core/Src/main.o
 .text.MX_GPIO_Init
                0x0000000008003330      0x16c Core/Src/main.o
 .text.__io_putchar
                0x000000000800349c       0x28 Core/Src/main.o
                0x000000000800349c                __io_putchar
 .text.HAL_ADC_ConvCpltCallback
                0x00000000080034c4       0x4c Core/Src/main.o
                0x00000000080034c4                HAL_ADC_ConvCpltCallback
 .text.StartDefaultTask
                0x0000000008003510       0x16 Core/Src/main.o
                0x0000000008003510                StartDefaultTask
 *fill*         0x0000000008003526        0x2 
 .text.HAL_TIM_PeriodElapsedCallback
                0x0000000008003528       0x24 Core/Src/main.o
                0x0000000008003528                HAL_TIM_PeriodElapsedCallback
 .text.Error_Handler
                0x000000000800354c        0x8 Core/Src/main.o
                0x000000000800354c                Error_Handler
 .text.HAL_MspInit
                0x0000000008003554       0x50 Core/Src/stm32f7xx_hal_msp.o
                0x0000000008003554                HAL_MspInit
 .text.HAL_ADC_MspInit
                0x00000000080035a4      0x11c Core/Src/stm32f7xx_hal_msp.o
                0x00000000080035a4                HAL_ADC_MspInit
 .text.HAL_SPI_MspInit
                0x00000000080036c0       0x88 Core/Src/stm32f7xx_hal_msp.o
                0x00000000080036c0                HAL_SPI_MspInit
 .text.HAL_TIM_Base_MspInit
                0x0000000008003748       0x8c Core/Src/stm32f7xx_hal_msp.o
                0x0000000008003748                HAL_TIM_Base_MspInit
 .text.HAL_TIM_MspPostInit
                0x00000000080037d4       0xb0 Core/Src/stm32f7xx_hal_msp.o
                0x00000000080037d4                HAL_TIM_MspPostInit
 .text.HAL_UART_MspInit
                0x0000000008003884       0x88 Core/Src/stm32f7xx_hal_msp.o
                0x0000000008003884                HAL_UART_MspInit
 .text.HAL_PCD_MspInit
                0x000000000800390c       0x9c Core/Src/stm32f7xx_hal_msp.o
                0x000000000800390c                HAL_PCD_MspInit
 .text.HAL_InitTick
                0x00000000080039a8       0xb0 Core/Src/stm32f7xx_hal_timebase_tim.o
                0x00000000080039a8                HAL_InitTick
 .text.NMI_Handler
                0x0000000008003a58        0x6 Core/Src/stm32f7xx_it.o
                0x0000000008003a58                NMI_Handler
 .text.HardFault_Handler
                0x0000000008003a5e        0x6 Core/Src/stm32f7xx_it.o
                0x0000000008003a5e                HardFault_Handler
 .text.MemManage_Handler
                0x0000000008003a64        0x6 Core/Src/stm32f7xx_it.o
                0x0000000008003a64                MemManage_Handler
 .text.BusFault_Handler
                0x0000000008003a6a        0x6 Core/Src/stm32f7xx_it.o
                0x0000000008003a6a                BusFault_Handler
 .text.UsageFault_Handler
                0x0000000008003a70        0x6 Core/Src/stm32f7xx_it.o
                0x0000000008003a70                UsageFault_Handler
 .text.DebugMon_Handler
                0x0000000008003a76        0xe Core/Src/stm32f7xx_it.o
                0x0000000008003a76                DebugMon_Handler
 .text.TIM6_DAC_IRQHandler
                0x0000000008003a84       0x14 Core/Src/stm32f7xx_it.o
                0x0000000008003a84                TIM6_DAC_IRQHandler
 .text.DMA2_Stream0_IRQHandler
                0x0000000008003a98       0x14 Core/Src/stm32f7xx_it.o
                0x0000000008003a98                DMA2_Stream0_IRQHandler
 .text._getpid  0x0000000008003aac       0x10 Core/Src/syscalls.o
                0x0000000008003aac                _getpid
 .text._kill    0x0000000008003abc       0x20 Core/Src/syscalls.o
                0x0000000008003abc                _kill
 .text._exit    0x0000000008003adc       0x14 Core/Src/syscalls.o
                0x0000000008003adc                _exit
 .text._read    0x0000000008003af0       0x3a Core/Src/syscalls.o
                0x0000000008003af0                _read
 .text._write   0x0000000008003b2a       0x38 Core/Src/syscalls.o
                0x0000000008003b2a                _write
 .text._close   0x0000000008003b62       0x18 Core/Src/syscalls.o
                0x0000000008003b62                _close
 .text._fstat   0x0000000008003b7a       0x20 Core/Src/syscalls.o
                0x0000000008003b7a                _fstat
 .text._isatty  0x0000000008003b9a       0x16 Core/Src/syscalls.o
                0x0000000008003b9a                _isatty
 .text._lseek   0x0000000008003bb0       0x1a Core/Src/syscalls.o
                0x0000000008003bb0                _lseek
 *fill*         0x0000000008003bca        0x2 
 .text._sbrk    0x0000000008003bcc       0x6c Core/Src/sysmem.o
                0x0000000008003bcc                _sbrk
 .text.SystemInit
                0x0000000008003c38       0x2c Core/Src/system_stm32f7xx.o
                0x0000000008003c38                SystemInit
 .text.Reset_Handler
                0x0000000008003c64       0x50 Core/Startup/startup_stm32f722zetx.o
                0x0000000008003c64                Reset_Handler
 .text.Default_Handler
                0x0000000008003cb4        0x2 Core/Startup/startup_stm32f722zetx.o
                0x0000000008003cb4                DMA1_Stream3_IRQHandler
                0x0000000008003cb4                EXTI2_IRQHandler
                0x0000000008003cb4                TIM8_CC_IRQHandler
                0x0000000008003cb4                UART8_IRQHandler
                0x0000000008003cb4                SPI4_IRQHandler
                0x0000000008003cb4                TIM1_CC_IRQHandler
                0x0000000008003cb4                DMA2_Stream5_IRQHandler
                0x0000000008003cb4                DMA1_Stream5_IRQHandler
                0x0000000008003cb4                PVD_IRQHandler
                0x0000000008003cb4                TAMP_STAMP_IRQHandler
                0x0000000008003cb4                EXTI3_IRQHandler
                0x0000000008003cb4                TIM8_TRG_COM_TIM14_IRQHandler
                0x0000000008003cb4                TIM1_UP_TIM10_IRQHandler
                0x0000000008003cb4                TIM8_UP_TIM13_IRQHandler
                0x0000000008003cb4                I2C3_ER_IRQHandler
                0x0000000008003cb4                EXTI0_IRQHandler
                0x0000000008003cb4                I2C2_EV_IRQHandler
                0x0000000008003cb4                DMA1_Stream2_IRQHandler
                0x0000000008003cb4                CAN1_RX0_IRQHandler
                0x0000000008003cb4                FPU_IRQHandler
                0x0000000008003cb4                OTG_HS_WKUP_IRQHandler
                0x0000000008003cb4                DMA2_Stream2_IRQHandler
                0x0000000008003cb4                SPI1_IRQHandler
                0x0000000008003cb4                TIM1_BRK_TIM9_IRQHandler
                0x0000000008003cb4                DMA2_Stream3_IRQHandler
                0x0000000008003cb4                SAI2_IRQHandler
                0x0000000008003cb4                USART6_IRQHandler
                0x0000000008003cb4                USART3_IRQHandler
                0x0000000008003cb4                CAN1_RX1_IRQHandler
                0x0000000008003cb4                UART5_IRQHandler
                0x0000000008003cb4                TIM4_IRQHandler
                0x0000000008003cb4                QUADSPI_IRQHandler
                0x0000000008003cb4                I2C1_EV_IRQHandler
                0x0000000008003cb4                DMA1_Stream6_IRQHandler
                0x0000000008003cb4                DMA1_Stream1_IRQHandler
                0x0000000008003cb4                UART4_IRQHandler
                0x0000000008003cb4                TIM3_IRQHandler
                0x0000000008003cb4                RCC_IRQHandler
                0x0000000008003cb4                TIM8_BRK_TIM12_IRQHandler
                0x0000000008003cb4                Default_Handler
                0x0000000008003cb4                EXTI15_10_IRQHandler
                0x0000000008003cb4                ADC_IRQHandler
                0x0000000008003cb4                DMA1_Stream7_IRQHandler
                0x0000000008003cb4                SPI5_IRQHandler
                0x0000000008003cb4                TIM7_IRQHandler
                0x0000000008003cb4                SDMMC1_IRQHandler
                0x0000000008003cb4                TIM5_IRQHandler
                0x0000000008003cb4                DMA2_Stream7_IRQHandler
                0x0000000008003cb4                I2C3_EV_IRQHandler
                0x0000000008003cb4                EXTI9_5_IRQHandler
                0x0000000008003cb4                RTC_WKUP_IRQHandler
                0x0000000008003cb4                SPI2_IRQHandler
                0x0000000008003cb4                OTG_HS_EP1_IN_IRQHandler
                0x0000000008003cb4                DMA1_Stream0_IRQHandler
                0x0000000008003cb4                CAN1_TX_IRQHandler
                0x0000000008003cb4                EXTI4_IRQHandler
                0x0000000008003cb4                RNG_IRQHandler
                0x0000000008003cb4                OTG_HS_EP1_OUT_IRQHandler
                0x0000000008003cb4                WWDG_IRQHandler
                0x0000000008003cb4                TIM2_IRQHandler
                0x0000000008003cb4                OTG_FS_WKUP_IRQHandler
                0x0000000008003cb4                TIM1_TRG_COM_TIM11_IRQHandler
                0x0000000008003cb4                OTG_HS_IRQHandler
                0x0000000008003cb4                EXTI1_IRQHandler
                0x0000000008003cb4                SDMMC2_IRQHandler
                0x0000000008003cb4                UART7_IRQHandler
                0x0000000008003cb4                USART2_IRQHandler
                0x0000000008003cb4                I2C2_ER_IRQHandler
                0x0000000008003cb4                DMA2_Stream1_IRQHandler
                0x0000000008003cb4                CAN1_SCE_IRQHandler
                0x0000000008003cb4                FLASH_IRQHandler
                0x0000000008003cb4                DMA2_Stream4_IRQHandler
                0x0000000008003cb4                USART1_IRQHandler
                0x0000000008003cb4                OTG_FS_IRQHandler
                0x0000000008003cb4                SPI3_IRQHandler
                0x0000000008003cb4                DMA1_Stream4_IRQHandler
                0x0000000008003cb4                I2C1_ER_IRQHandler
                0x0000000008003cb4                FMC_IRQHandler
                0x0000000008003cb4                LPTIM1_IRQHandler
                0x0000000008003cb4                DMA2_Stream6_IRQHandler
                0x0000000008003cb4                SAI1_IRQHandler
                0x0000000008003cb4                RTC_Alarm_IRQHandler
 .text.HAL_Init
                0x0000000008003cb6       0x1a Drivers/STM32F7xx_HAL_Driver/Src/stm32f7xx_hal.o
                0x0000000008003cb6                HAL_Init
 .text.HAL_IncTick
                0x0000000008003cd0       0x28 Drivers/STM32F7xx_HAL_Driver/Src/stm32f7xx_hal.o
                0x0000000008003cd0                HAL_IncTick
 .text.HAL_GetTick
                0x0000000008003cf8       0x18 Drivers/STM32F7xx_HAL_Driver/Src/stm32f7xx_hal.o
                0x0000000008003cf8                HAL_GetTick
 .text.HAL_Delay
                0x0000000008003d10       0x44 Drivers/STM32F7xx_HAL_Driver/Src/stm32f7xx_hal.o
                0x0000000008003d10                HAL_Delay
 .text.HAL_ADC_Init
                0x0000000008003d54       0x88 Drivers/STM32F7xx_HAL_Driver/Src/stm32f7xx_hal_adc.o
                0x0000000008003d54                HAL_ADC_Init
 .text.HAL_ADC_Start_DMA
                0x0000000008003ddc      0x1dc Drivers/STM32F7xx_HAL_Driver/Src/stm32f7xx_hal_adc.o
                0x0000000008003ddc                HAL_ADC_Start_DMA
 .text.HAL_ADC_ConvHalfCpltCallback
                0x0000000008003fb8       0x14 Drivers/STM32F7xx_HAL_Driver/Src/stm32f7xx_hal_adc.o
                0x0000000008003fb8                HAL_ADC_ConvHalfCpltCallback
 .text.HAL_ADC_ErrorCallback
                0x0000000008003fcc       0x14 Drivers/STM32F7xx_HAL_Driver/Src/stm32f7xx_hal_adc.o
                0x0000000008003fcc                HAL_ADC_ErrorCallback
 .text.HAL_ADC_ConfigChannel
                0x0000000008003fe0      0x294 Drivers/STM32F7xx_HAL_Driver/Src/stm32f7xx_hal_adc.o
                0x0000000008003fe0                HAL_ADC_ConfigChannel
 .text.ADC_Init
                0x0000000008004274      0x1f4 Drivers/STM32F7xx_HAL_Driver/Src/stm32f7xx_hal_adc.o
 .text.ADC_DMAConvCplt
                0x0000000008004468       0xba Drivers/STM32F7xx_HAL_Driver/Src/stm32f7xx_hal_adc.o
 .text.ADC_DMAHalfConvCplt
                0x0000000008004522       0x1c Drivers/STM32F7xx_HAL_Driver/Src/stm32f7xx_hal_adc.o
 .text.ADC_DMAError
                0x000000000800453e       0x2e Drivers/STM32F7xx_HAL_Driver/Src/stm32f7xx_hal_adc.o
 .text.__NVIC_SetPriorityGrouping
                0x000000000800456c       0x48 Drivers/STM32F7xx_HAL_Driver/Src/stm32f7xx_hal_cortex.o
 .text.__NVIC_GetPriorityGrouping
                0x00000000080045b4       0x1c Drivers/STM32F7xx_HAL_Driver/Src/stm32f7xx_hal_cortex.o
 .text.__NVIC_EnableIRQ
                0x00000000080045d0       0x3c Drivers/STM32F7xx_HAL_Driver/Src/stm32f7xx_hal_cortex.o
 .text.__NVIC_SetPriority
                0x000000000800460c       0x54 Drivers/STM32F7xx_HAL_Driver/Src/stm32f7xx_hal_cortex.o
 .text.NVIC_EncodePriority
                0x0000000008004660       0x66 Drivers/STM32F7xx_HAL_Driver/Src/stm32f7xx_hal_cortex.o
 .text.HAL_NVIC_SetPriorityGrouping
                0x00000000080046c6       0x16 Drivers/STM32F7xx_HAL_Driver/Src/stm32f7xx_hal_cortex.o
                0x00000000080046c6                HAL_NVIC_SetPriorityGrouping
 .text.HAL_NVIC_SetPriority
                0x00000000080046dc       0x38 Drivers/STM32F7xx_HAL_Driver/Src/stm32f7xx_hal_cortex.o
                0x00000000080046dc                HAL_NVIC_SetPriority
 .text.HAL_NVIC_EnableIRQ
                0x0000000008004714       0x1c Drivers/STM32F7xx_HAL_Driver/Src/stm32f7xx_hal_cortex.o
                0x0000000008004714                HAL_NVIC_EnableIRQ
 .text.HAL_DMA_Init
                0x0000000008004730      0x15c Drivers/STM32F7xx_HAL_Driver/Src/stm32f7xx_hal_dma.o
                0x0000000008004730                HAL_DMA_Init
 .text.HAL_DMA_Start_IT
                0x000000000800488c       0xc0 Drivers/STM32F7xx_HAL_Driver/Src/stm32f7xx_hal_dma.o
                0x000000000800488c                HAL_DMA_Start_IT
 .text.HAL_DMA_IRQHandler
                0x000000000800494c      0x314 Drivers/STM32F7xx_HAL_Driver/Src/stm32f7xx_hal_dma.o
                0x000000000800494c                HAL_DMA_IRQHandler
 .text.DMA_SetConfig
                0x0000000008004c60       0x5c Drivers/STM32F7xx_HAL_Driver/Src/stm32f7xx_hal_dma.o
 .text.DMA_CalcBaseAndBitshift
                0x0000000008004cbc       0x6c Drivers/STM32F7xx_HAL_Driver/Src/stm32f7xx_hal_dma.o
 .text.DMA_CheckFifoParam
                0x0000000008004d28       0xf4 Drivers/STM32F7xx_HAL_Driver/Src/stm32f7xx_hal_dma.o
 .text.HAL_GPIO_Init
                0x0000000008004e1c      0x334 Drivers/STM32F7xx_HAL_Driver/Src/stm32f7xx_hal_gpio.o
                0x0000000008004e1c                HAL_GPIO_Init
 .text.HAL_GPIO_WritePin
                0x0000000008005150       0x32 Drivers/STM32F7xx_HAL_Driver/Src/stm32f7xx_hal_gpio.o
                0x0000000008005150                HAL_GPIO_WritePin
 .text.HAL_GPIO_TogglePin
                0x0000000008005182       0x34 Drivers/STM32F7xx_HAL_Driver/Src/stm32f7xx_hal_gpio.o
                0x0000000008005182                HAL_GPIO_TogglePin
 .text.HAL_PCD_Init
                0x00000000080051b6      0x248 Drivers/STM32F7xx_HAL_Driver/Src/stm32f7xx_hal_pcd.o
                0x00000000080051b6                HAL_PCD_Init
 *fill*         0x00000000080053fe        0x2 
 .text.HAL_PCDEx_ActivateLPM
                0x0000000008005400       0x48 Drivers/STM32F7xx_HAL_Driver/Src/stm32f7xx_hal_pcd_ex.o
                0x0000000008005400                HAL_PCDEx_ActivateLPM
 .text.HAL_PWR_EnableBkUpAccess
                0x0000000008005448       0x20 Drivers/STM32F7xx_HAL_Driver/Src/stm32f7xx_hal_pwr.o
                0x0000000008005448                HAL_PWR_EnableBkUpAccess
 .text.HAL_PWREx_EnableOverDrive
                0x0000000008005468       0xa0 Drivers/STM32F7xx_HAL_Driver/Src/stm32f7xx_hal_pwr_ex.o
                0x0000000008005468                HAL_PWREx_EnableOverDrive
 .text.HAL_RCC_OscConfig
                0x0000000008005508      0x548 Drivers/STM32F7xx_HAL_Driver/Src/stm32f7xx_hal_rcc.o
                0x0000000008005508                HAL_RCC_OscConfig
 .text.HAL_RCC_ClockConfig
                0x0000000008005a50      0x1d8 Drivers/STM32F7xx_HAL_Driver/Src/stm32f7xx_hal_rcc.o
                0x0000000008005a50                HAL_RCC_ClockConfig
 .text.HAL_RCC_GetSysClockFreq
                0x0000000008005c28      0x1b0 Drivers/STM32F7xx_HAL_Driver/Src/stm32f7xx_hal_rcc.o
                0x0000000008005c28                HAL_RCC_GetSysClockFreq
 .text.HAL_RCC_GetHCLKFreq
                0x0000000008005dd8       0x18 Drivers/STM32F7xx_HAL_Driver/Src/stm32f7xx_hal_rcc.o
                0x0000000008005dd8                HAL_RCC_GetHCLKFreq
 .text.HAL_RCC_GetPCLK1Freq
                0x0000000008005df0       0x28 Drivers/STM32F7xx_HAL_Driver/Src/stm32f7xx_hal_rcc.o
                0x0000000008005df0                HAL_RCC_GetPCLK1Freq
 .text.HAL_RCC_GetPCLK2Freq
                0x0000000008005e18       0x28 Drivers/STM32F7xx_HAL_Driver/Src/stm32f7xx_hal_rcc.o
                0x0000000008005e18                HAL_RCC_GetPCLK2Freq
 .text.HAL_RCC_GetClockConfig
                0x0000000008005e40       0x64 Drivers/STM32F7xx_HAL_Driver/Src/stm32f7xx_hal_rcc.o
                0x0000000008005e40                HAL_RCC_GetClockConfig
 .text.HAL_RCCEx_PeriphCLKConfig
                0x0000000008005ea4      0x690 Drivers/STM32F7xx_HAL_Driver/Src/stm32f7xx_hal_rcc_ex.o
                0x0000000008005ea4                HAL_RCCEx_PeriphCLKConfig
 .text.HAL_SPI_Init
                0x0000000008006534      0x124 Drivers/STM32F7xx_HAL_Driver/Src/stm32f7xx_hal_spi.o
                0x0000000008006534                HAL_SPI_Init
 .text.HAL_SPI_Transmit
                0x0000000008006658      0x2cc Drivers/STM32F7xx_HAL_Driver/Src/stm32f7xx_hal_spi.o
                0x0000000008006658                HAL_SPI_Transmit
 .text.HAL_SPI_TransmitReceive
                0x0000000008006924      0x426 Drivers/STM32F7xx_HAL_Driver/Src/stm32f7xx_hal_spi.o
                0x0000000008006924                HAL_SPI_TransmitReceive
 .text.SPI_WaitFlagStateUntilTimeout
                0x0000000008006d4a       0xd4 Drivers/STM32F7xx_HAL_Driver/Src/stm32f7xx_hal_spi.o
 .text.SPI_WaitFifoStateUntilTimeout
                0x0000000008006e1e       0xda Drivers/STM32F7xx_HAL_Driver/Src/stm32f7xx_hal_spi.o
 .text.SPI_EndRxTxTransaction
                0x0000000008006ef8       0x8c Drivers/STM32F7xx_HAL_Driver/Src/stm32f7xx_hal_spi.o
 .text.HAL_TIM_Base_Init
                0x0000000008006f84       0x56 Drivers/STM32F7xx_HAL_Driver/Src/stm32f7xx_hal_tim.o
                0x0000000008006f84                HAL_TIM_Base_Init
 *fill*         0x0000000008006fda        0x2 
 .text.HAL_TIM_Base_Start_IT
                0x0000000008006fdc       0x54 Drivers/STM32F7xx_HAL_Driver/Src/stm32f7xx_hal_tim.o
                0x0000000008006fdc                HAL_TIM_Base_Start_IT
 .text.HAL_TIM_OC_Init
                0x0000000008007030       0x56 Drivers/STM32F7xx_HAL_Driver/Src/stm32f7xx_hal_tim.o
                0x0000000008007030                HAL_TIM_OC_Init
 .text.HAL_TIM_OC_MspInit
                0x0000000008007086       0x14 Drivers/STM32F7xx_HAL_Driver/Src/stm32f7xx_hal_tim.o
                0x0000000008007086                HAL_TIM_OC_MspInit
 .text.HAL_TIM_PWM_Init
                0x000000000800709a       0x56 Drivers/STM32F7xx_HAL_Driver/Src/stm32f7xx_hal_tim.o
                0x000000000800709a                HAL_TIM_PWM_Init
 .text.HAL_TIM_PWM_MspInit
                0x00000000080070f0       0x14 Drivers/STM32F7xx_HAL_Driver/Src/stm32f7xx_hal_tim.o
                0x00000000080070f0                HAL_TIM_PWM_MspInit
 .text.HAL_TIM_PWM_Start
                0x0000000008007104       0x88 Drivers/STM32F7xx_HAL_Driver/Src/stm32f7xx_hal_tim.o
                0x0000000008007104                HAL_TIM_PWM_Start
 .text.HAL_TIM_OnePulse_Init
                0x000000000800718c       0x78 Drivers/STM32F7xx_HAL_Driver/Src/stm32f7xx_hal_tim.o
                0x000000000800718c                HAL_TIM_OnePulse_Init
 .text.HAL_TIM_OnePulse_MspInit
                0x0000000008007204       0x14 Drivers/STM32F7xx_HAL_Driver/Src/stm32f7xx_hal_tim.o
                0x0000000008007204                HAL_TIM_OnePulse_MspInit
 .text.HAL_TIM_IRQHandler
                0x0000000008007218      0x23e Drivers/STM32F7xx_HAL_Driver/Src/stm32f7xx_hal_tim.o
                0x0000000008007218                HAL_TIM_IRQHandler
 *fill*         0x0000000008007456        0x2 
 .text.HAL_TIM_OC_ConfigChannel
                0x0000000008007458       0xfc Drivers/STM32F7xx_HAL_Driver/Src/stm32f7xx_hal_tim.o
                0x0000000008007458                HAL_TIM_OC_ConfigChannel
 .text.HAL_TIM_PWM_ConfigChannel
                0x0000000008007554      0x230 Drivers/STM32F7xx_HAL_Driver/Src/stm32f7xx_hal_tim.o
                0x0000000008007554                HAL_TIM_PWM_ConfigChannel
 .text.HAL_TIM_ConfigClockSource
                0x0000000008007784      0x174 Drivers/STM32F7xx_HAL_Driver/Src/stm32f7xx_hal_tim.o
                0x0000000008007784                HAL_TIM_ConfigClockSource
 .text.HAL_TIM_SlaveConfigSynchro
                0x00000000080078f8       0x84 Drivers/STM32F7xx_HAL_Driver/Src/stm32f7xx_hal_tim.o
                0x00000000080078f8                HAL_TIM_SlaveConfigSynchro
 .text.HAL_TIM_OC_DelayElapsedCallback
                0x000000000800797c       0x14 Drivers/STM32F7xx_HAL_Driver/Src/stm32f7xx_hal_tim.o
                0x000000000800797c                HAL_TIM_OC_DelayElapsedCallback
 .text.HAL_TIM_IC_CaptureCallback
                0x0000000008007990       0x14 Drivers/STM32F7xx_HAL_Driver/Src/stm32f7xx_hal_tim.o
                0x0000000008007990                HAL_TIM_IC_CaptureCallback
 .text.HAL_TIM_PWM_PulseFinishedCallback
                0x00000000080079a4       0x14 Drivers/STM32F7xx_HAL_Driver/Src/stm32f7xx_hal_tim.o
                0x00000000080079a4                HAL_TIM_PWM_PulseFinishedCallback
 .text.HAL_TIM_TriggerCallback
                0x00000000080079b8       0x14 Drivers/STM32F7xx_HAL_Driver/Src/stm32f7xx_hal_tim.o
                0x00000000080079b8                HAL_TIM_TriggerCallback
 .text.TIM_Base_SetConfig
                0x00000000080079cc      0x140 Drivers/STM32F7xx_HAL_Driver/Src/stm32f7xx_hal_tim.o
                0x00000000080079cc                TIM_Base_SetConfig
 .text.TIM_OC1_SetConfig
                0x0000000008007b0c       0xe4 Drivers/STM32F7xx_HAL_Driver/Src/stm32f7xx_hal_tim.o
 .text.TIM_OC2_SetConfig
                0x0000000008007bf0       0xf0 Drivers/STM32F7xx_HAL_Driver/Src/stm32f7xx_hal_tim.o
                0x0000000008007bf0                TIM_OC2_SetConfig
 .text.TIM_OC3_SetConfig
                0x0000000008007ce0       0xec Drivers/STM32F7xx_HAL_Driver/Src/stm32f7xx_hal_tim.o
 .text.TIM_OC4_SetConfig
                0x0000000008007dcc       0xb0 Drivers/STM32F7xx_HAL_Driver/Src/stm32f7xx_hal_tim.o
 .text.TIM_OC5_SetConfig
                0x0000000008007e7c       0xa4 Drivers/STM32F7xx_HAL_Driver/Src/stm32f7xx_hal_tim.o
 .text.TIM_OC6_SetConfig
                0x0000000008007f20       0xa8 Drivers/STM32F7xx_HAL_Driver/Src/stm32f7xx_hal_tim.o
 .text.TIM_SlaveTimer_SetConfig
                0x0000000008007fc8      0x110 Drivers/STM32F7xx_HAL_Driver/Src/stm32f7xx_hal_tim.o
 .text.TIM_TI1_ConfigInputStage
                0x00000000080080d8       0x5e Drivers/STM32F7xx_HAL_Driver/Src/stm32f7xx_hal_tim.o
 .text.TIM_TI2_ConfigInputStage
                0x0000000008008136       0x60 Drivers/STM32F7xx_HAL_Driver/Src/stm32f7xx_hal_tim.o
 .text.TIM_ITRx_SetConfig
                0x0000000008008196       0x36 Drivers/STM32F7xx_HAL_Driver/Src/stm32f7xx_hal_tim.o
 .text.TIM_ETR_SetConfig
                0x00000000080081cc       0x40 Drivers/STM32F7xx_HAL_Driver/Src/stm32f7xx_hal_tim.o
                0x00000000080081cc                TIM_ETR_SetConfig
 .text.TIM_CCxChannelCmd
                0x000000000800820c       0x4a Drivers/STM32F7xx_HAL_Driver/Src/stm32f7xx_hal_tim.o
                0x000000000800820c                TIM_CCxChannelCmd
 *fill*         0x0000000008008256        0x2 
 .text.HAL_TIMEx_PWMN_Start
                0x0000000008008258       0x60 Drivers/STM32F7xx_HAL_Driver/Src/stm32f7xx_hal_tim_ex.o
                0x0000000008008258                HAL_TIMEx_PWMN_Start
 .text.HAL_TIMEx_MasterConfigSynchronization
                0x00000000080082b8      0x11c Drivers/STM32F7xx_HAL_Driver/Src/stm32f7xx_hal_tim_ex.o
                0x00000000080082b8                HAL_TIMEx_MasterConfigSynchronization
 .text.HAL_TIMEx_ConfigBreakDeadTime
                0x00000000080083d4       0xfc Drivers/STM32F7xx_HAL_Driver/Src/stm32f7xx_hal_tim_ex.o
                0x00000000080083d4                HAL_TIMEx_ConfigBreakDeadTime
 .text.HAL_TIMEx_CommutCallback
                0x00000000080084d0       0x14 Drivers/STM32F7xx_HAL_Driver/Src/stm32f7xx_hal_tim_ex.o
                0x00000000080084d0                HAL_TIMEx_CommutCallback
 .text.HAL_TIMEx_BreakCallback
                0x00000000080084e4       0x14 Drivers/STM32F7xx_HAL_Driver/Src/stm32f7xx_hal_tim_ex.o
                0x00000000080084e4                HAL_TIMEx_BreakCallback
 .text.HAL_TIMEx_Break2Callback
                0x00000000080084f8       0x14 Drivers/STM32F7xx_HAL_Driver/Src/stm32f7xx_hal_tim_ex.o
                0x00000000080084f8                HAL_TIMEx_Break2Callback
 .text.TIM_CCxNChannelCmd
                0x000000000800850c       0x4a Drivers/STM32F7xx_HAL_Driver/Src/stm32f7xx_hal_tim_ex.o
 .text.HAL_UART_Init
                0x0000000008008556       0x9c Drivers/STM32F7xx_HAL_Driver/Src/stm32f7xx_hal_uart.o
                0x0000000008008556                HAL_UART_Init
 .text.HAL_UART_Transmit
                0x00000000080085f2      0x122 Drivers/STM32F7xx_HAL_Driver/Src/stm32f7xx_hal_uart.o
                0x00000000080085f2                HAL_UART_Transmit
 .text.UART_SetConfig
                0x0000000008008714      0x554 Drivers/STM32F7xx_HAL_Driver/Src/stm32f7xx_hal_uart.o
                0x0000000008008714                UART_SetConfig
 .text.UART_AdvFeatureConfig
                0x0000000008008c68      0x144 Drivers/STM32F7xx_HAL_Driver/Src/stm32f7xx_hal_uart.o
                0x0000000008008c68                UART_AdvFeatureConfig
 .text.UART_CheckIdleState
                0x0000000008008dac       0x5e Drivers/STM32F7xx_HAL_Driver/Src/stm32f7xx_hal_uart.o
                0x0000000008008dac                UART_CheckIdleState
 .text.UART_WaitOnFlagUntilTimeout
                0x0000000008008e0a       0xf6 Drivers/STM32F7xx_HAL_Driver/Src/stm32f7xx_hal_uart.o
                0x0000000008008e0a                UART_WaitOnFlagUntilTimeout
 .text.USB_CoreInit
                0x0000000008008f00       0xbc Drivers/STM32F7xx_HAL_Driver/Src/stm32f7xx_ll_usb.o
                0x0000000008008f00                USB_CoreInit
 .text.USB_DisableGlobalInt
                0x0000000008008fbc       0x22 Drivers/STM32F7xx_HAL_Driver/Src/stm32f7xx_ll_usb.o
                0x0000000008008fbc                USB_DisableGlobalInt
 .text.USB_SetCurrentMode
                0x0000000008008fde       0x54 Drivers/STM32F7xx_HAL_Driver/Src/stm32f7xx_ll_usb.o
                0x0000000008008fde                USB_SetCurrentMode
 *fill*         0x0000000008009032        0x2 
 .text.USB_DevInit
                0x0000000008009034      0x2dc Drivers/STM32F7xx_HAL_Driver/Src/stm32f7xx_ll_usb.o
                0x0000000008009034                USB_DevInit
 .text.USB_FlushTxFifo
                0x0000000008009310       0x4c Drivers/STM32F7xx_HAL_Driver/Src/stm32f7xx_ll_usb.o
                0x0000000008009310                USB_FlushTxFifo
 .text.USB_FlushRxFifo
                0x000000000800935c       0x44 Drivers/STM32F7xx_HAL_Driver/Src/stm32f7xx_ll_usb.o
                0x000000000800935c                USB_FlushRxFifo
 .text.USB_SetDevSpeed
                0x00000000080093a0       0x32 Drivers/STM32F7xx_HAL_Driver/Src/stm32f7xx_ll_usb.o
                0x00000000080093a0                USB_SetDevSpeed
 .text.USB_DevDisconnect
                0x00000000080093d2       0x30 Drivers/STM32F7xx_HAL_Driver/Src/stm32f7xx_ll_usb.o
                0x00000000080093d2                USB_DevDisconnect
 *fill*         0x0000000008009402        0x2 
 .text.USB_CoreReset
                0x0000000008009404       0x68 Drivers/STM32F7xx_HAL_Driver/Src/stm32f7xx_ll_usb.o
 .text.SVC_Setup
                0x000000000800946c        0xe Middlewares/Third_Party/FreeRTOS/Source/CMSIS_RTOS_V2/cmsis_os2.o
 *fill*         0x000000000800947a        0x2 
 .text.osKernelInitialize
                0x000000000800947c       0x68 Middlewares/Third_Party/FreeRTOS/Source/CMSIS_RTOS_V2/cmsis_os2.o
                0x000000000800947c                osKernelInitialize
 .text.osKernelStart
                0x00000000080094e4       0x6c Middlewares/Third_Party/FreeRTOS/Source/CMSIS_RTOS_V2/cmsis_os2.o
                0x00000000080094e4                osKernelStart
 .text.osKernelGetTickCount
                0x0000000008009550       0x50 Middlewares/Third_Party/FreeRTOS/Source/CMSIS_RTOS_V2/cmsis_os2.o
                0x0000000008009550                osKernelGetTickCount
 .text.osKernelGetTickFreq
                0x00000000080095a0       0x12 Middlewares/Third_Party/FreeRTOS/Source/CMSIS_RTOS_V2/cmsis_os2.o
                0x00000000080095a0                osKernelGetTickFreq
 *fill*         0x00000000080095b2        0x2 
 .text.osThreadNew
                0x00000000080095b4      0x14c Middlewares/Third_Party/FreeRTOS/Source/CMSIS_RTOS_V2/cmsis_os2.o
                0x00000000080095b4                osThreadNew
 .text.osDelay  0x0000000008009700       0x5c Middlewares/Third_Party/FreeRTOS/Source/CMSIS_RTOS_V2/cmsis_os2.o
                0x0000000008009700                osDelay
 .text.osDelayUntil
                0x000000000800975c       0x80 Middlewares/Third_Party/FreeRTOS/Source/CMSIS_RTOS_V2/cmsis_os2.o
                0x000000000800975c                osDelayUntil
 .text.vApplicationGetIdleTaskMemory
                0x00000000080097dc       0x34 Middlewares/Third_Party/FreeRTOS/Source/CMSIS_RTOS_V2/cmsis_os2.o
                0x00000000080097dc                vApplicationGetIdleTaskMemory
 .text.vApplicationGetTimerTaskMemory
                0x0000000008009810       0x34 Middlewares/Third_Party/FreeRTOS/Source/CMSIS_RTOS_V2/cmsis_os2.o
                0x0000000008009810                vApplicationGetTimerTaskMemory
 .text.vListInitialise
                0x0000000008009844       0x40 Middlewares/Third_Party/FreeRTOS/Source/list.o
                0x0000000008009844                vListInitialise
 .text.vListInitialiseItem
                0x0000000008009884       0x1a Middlewares/Third_Party/FreeRTOS/Source/list.o
                0x0000000008009884                vListInitialiseItem
 .text.vListInsertEnd
                0x000000000800989e       0x48 Middlewares/Third_Party/FreeRTOS/Source/list.o
                0x000000000800989e                vListInsertEnd
 .text.vListInsert
                0x00000000080098e6       0x72 Middlewares/Third_Party/FreeRTOS/Source/list.o
                0x00000000080098e6                vListInsert
 .text.uxListRemove
                0x0000000008009958       0x54 Middlewares/Third_Party/FreeRTOS/Source/list.o
                0x0000000008009958                uxListRemove
 .text.xQueueGenericReset
                0x00000000080099ac       0xd4 Middlewares/Third_Party/FreeRTOS/Source/queue.o
                0x00000000080099ac                xQueueGenericReset
 .text.xQueueGenericCreateStatic
                0x0000000008009a80       0xfa Middlewares/Third_Party/FreeRTOS/Source/queue.o
                0x0000000008009a80                xQueueGenericCreateStatic
 .text.prvInitialiseNewQueue
                0x0000000008009b7a       0x46 Middlewares/Third_Party/FreeRTOS/Source/queue.o
 .text.xQueueGenericSend
                0x0000000008009bc0      0x204 Middlewares/Third_Party/FreeRTOS/Source/queue.o
                0x0000000008009bc0                xQueueGenericSend
 .text.xQueueGenericSendFromISR
                0x0000000008009dc4      0x138 Middlewares/Third_Party/FreeRTOS/Source/queue.o
                0x0000000008009dc4                xQueueGenericSendFromISR
 .text.xQueueReceive
                0x0000000008009efc      0x1c4 Middlewares/Third_Party/FreeRTOS/Source/queue.o
                0x0000000008009efc                xQueueReceive
 .text.prvCopyDataToQueue
                0x000000000800a0c0       0xd4 Middlewares/Third_Party/FreeRTOS/Source/queue.o
 .text.prvCopyDataFromQueue
                0x000000000800a194       0x4c Middlewares/Third_Party/FreeRTOS/Source/queue.o
 .text.prvUnlockQueue
                0x000000000800a1e0       0xa4 Middlewares/Third_Party/FreeRTOS/Source/queue.o
 .text.prvIsQueueEmpty
                0x000000000800a284       0x2c Middlewares/Third_Party/FreeRTOS/Source/queue.o
 .text.prvIsQueueFull
                0x000000000800a2b0       0x30 Middlewares/Third_Party/FreeRTOS/Source/queue.o
 .text.vQueueAddToRegistry
                0x000000000800a2e0       0x50 Middlewares/Third_Party/FreeRTOS/Source/queue.o
                0x000000000800a2e0                vQueueAddToRegistry
 .text.vQueueWaitForMessageRestricted
                0x000000000800a330       0x68 Middlewares/Third_Party/FreeRTOS/Source/queue.o
                0x000000000800a330                vQueueWaitForMessageRestricted
 .text.xTaskCreateStatic
                0x000000000800a398       0xc0 Middlewares/Third_Party/FreeRTOS/Source/tasks.o
                0x000000000800a398                xTaskCreateStatic
 .text.xTaskCreate
                0x000000000800a458       0x8a Middlewares/Third_Party/FreeRTOS/Source/tasks.o
                0x000000000800a458                xTaskCreate
 .text.prvInitialiseNewTask
                0x000000000800a4e2      0x120 Middlewares/Third_Party/FreeRTOS/Source/tasks.o
 *fill*         0x000000000800a602        0x2 
 .text.prvAddNewTaskToReadyList
                0x000000000800a604       0xe0 Middlewares/Third_Party/FreeRTOS/Source/tasks.o
 .text.vTaskDelayUntil
                0x000000000800a6e4      0x100 Middlewares/Third_Party/FreeRTOS/Source/tasks.o
                0x000000000800a6e4                vTaskDelayUntil
 .text.vTaskDelay
                0x000000000800a7e4       0x6c Middlewares/Third_Party/FreeRTOS/Source/tasks.o
                0x000000000800a7e4                vTaskDelay
 .text.vTaskStartScheduler
                0x000000000800a850       0xd0 Middlewares/Third_Party/FreeRTOS/Source/tasks.o
                0x000000000800a850                vTaskStartScheduler
 .text.vTaskSuspendAll
                0x000000000800a920       0x1c Middlewares/Third_Party/FreeRTOS/Source/tasks.o
                0x000000000800a920                vTaskSuspendAll
 .text.xTaskResumeAll
                0x000000000800a93c      0x13c Middlewares/Third_Party/FreeRTOS/Source/tasks.o
                0x000000000800a93c                xTaskResumeAll
 .text.xTaskGetTickCount
                0x000000000800aa78       0x20 Middlewares/Third_Party/FreeRTOS/Source/tasks.o
                0x000000000800aa78                xTaskGetTickCount
 .text.xTaskGetTickCountFromISR
                0x000000000800aa98       0x24 Middlewares/Third_Party/FreeRTOS/Source/tasks.o
                0x000000000800aa98                xTaskGetTickCountFromISR
 .text.xTaskIncrementTick
                0x000000000800aabc      0x174 Middlewares/Third_Party/FreeRTOS/Source/tasks.o
                0x000000000800aabc                xTaskIncrementTick
 .text.vTaskSwitchContext
                0x000000000800ac30       0xbc Middlewares/Third_Party/FreeRTOS/Source/tasks.o
                0x000000000800ac30                vTaskSwitchContext
 .text.vTaskPlaceOnEventList
                0x000000000800acec       0x4c Middlewares/Third_Party/FreeRTOS/Source/tasks.o
                0x000000000800acec                vTaskPlaceOnEventList
 .text.vTaskPlaceOnEventListRestricted
                0x000000000800ad38       0x58 Middlewares/Third_Party/FreeRTOS/Source/tasks.o
                0x000000000800ad38                vTaskPlaceOnEventListRestricted
 .text.xTaskRemoveFromEventList
                0x000000000800ad90       0xc8 Middlewares/Third_Party/FreeRTOS/Source/tasks.o
                0x000000000800ad90                xTaskRemoveFromEventList
 .text.vTaskInternalSetTimeOutState
                0x000000000800ae58       0x2c Middlewares/Third_Party/FreeRTOS/Source/tasks.o
                0x000000000800ae58                vTaskInternalSetTimeOutState
 .text.xTaskCheckForTimeOut
                0x000000000800ae84       0xc8 Middlewares/Third_Party/FreeRTOS/Source/tasks.o
                0x000000000800ae84                xTaskCheckForTimeOut
 .text.vTaskMissedYield
                0x000000000800af4c       0x18 Middlewares/Third_Party/FreeRTOS/Source/tasks.o
                0x000000000800af4c                vTaskMissedYield
 .text.prvIdleTask
                0x000000000800af64       0x30 Middlewares/Third_Party/FreeRTOS/Source/tasks.o
 .text.prvInitialiseTaskLists
                0x000000000800af94       0x80 Middlewares/Third_Party/FreeRTOS/Source/tasks.o
 .text.prvCheckTasksWaitingTermination
                0x000000000800b014       0x58 Middlewares/Third_Party/FreeRTOS/Source/tasks.o
 .text.prvDeleteTCB
                0x000000000800b06c       0x60 Middlewares/Third_Party/FreeRTOS/Source/tasks.o
 .text.prvResetNextTaskUnblockTime
                0x000000000800b0cc       0x40 Middlewares/Third_Party/FreeRTOS/Source/tasks.o
 .text.xTaskGetSchedulerState
                0x000000000800b10c       0x3c Middlewares/Third_Party/FreeRTOS/Source/tasks.o
                0x000000000800b10c                xTaskGetSchedulerState
 .text.xTaskPriorityDisinherit
                0x000000000800b148       0xe0 Middlewares/Third_Party/FreeRTOS/Source/tasks.o
                0x000000000800b148                xTaskPriorityDisinherit
 .text.ulTaskNotifyTake
                0x000000000800b228       0x90 Middlewares/Third_Party/FreeRTOS/Source/tasks.o
                0x000000000800b228                ulTaskNotifyTake
 .text.vTaskNotifyGiveFromISR
                0x000000000800b2b8      0x12c Middlewares/Third_Party/FreeRTOS/Source/tasks.o
                0x000000000800b2b8                vTaskNotifyGiveFromISR
 .text.prvAddCurrentTaskToDelayedList
                0x000000000800b3e4       0xa8 Middlewares/Third_Party/FreeRTOS/Source/tasks.o
 .text.xTimerCreateTimerTask
                0x000000000800b48c       0x94 Middlewares/Third_Party/FreeRTOS/Source/timers.o
                0x000000000800b48c                xTimerCreateTimerTask
 .text.xTimerGenericCommand
                0x000000000800b520       0x9c Middlewares/Third_Party/FreeRTOS/Source/timers.o
                0x000000000800b520                xTimerGenericCommand
 .text.prvProcessExpiredTimer
                0x000000000800b5bc       0x9c Middlewares/Third_Party/FreeRTOS/Source/timers.o
 .text.prvTimerTask
                0x000000000800b658       0x24 Middlewares/Third_Party/FreeRTOS/Source/timers.o
 .text.prvProcessTimerOrBlockTask
                0x000000000800b67c       0x9c Middlewares/Third_Party/FreeRTOS/Source/timers.o
 .text.prvGetNextExpireTime
                0x000000000800b718       0x48 Middlewares/Third_Party/FreeRTOS/Source/timers.o
 .text.prvSampleTimeNow
                0x000000000800b760       0x40 Middlewares/Third_Party/FreeRTOS/Source/timers.o
 .text.prvInsertTimerInActiveList
                0x000000000800b7a0       0x84 Middlewares/Third_Party/FreeRTOS/Source/timers.o
 .text.prvProcessReceivedCommands
                0x000000000800b824      0x1c4 Middlewares/Third_Party/FreeRTOS/Source/timers.o
 .text.prvSwitchTimerLists
                0x000000000800b9e8       0xcc Middlewares/Third_Party/FreeRTOS/Source/timers.o
 .text.prvCheckForValidListAndQueue
                0x000000000800bab4       0x80 Middlewares/Third_Party/FreeRTOS/Source/timers.o
 .text.pxPortInitialiseStack
                0x000000000800bb34       0x68 Middlewares/Third_Party/FreeRTOS/Source/portable/GCC/ARM_CM7/r0p1/port.o
                0x000000000800bb34                pxPortInitialiseStack
 .text.prvTaskExitError
                0x000000000800bb9c       0x5c Middlewares/Third_Party/FreeRTOS/Source/portable/GCC/ARM_CM7/r0p1/port.o
 *fill*         0x000000000800bbf8        0x8 
 .text.SVC_Handler
                0x000000000800bc00       0x28 Middlewares/Third_Party/FreeRTOS/Source/portable/GCC/ARM_CM7/r0p1/port.o
                0x000000000800bc00                SVC_Handler
 .text.prvPortStartFirstTask
                0x000000000800bc28       0x28 Middlewares/Third_Party/FreeRTOS/Source/portable/GCC/ARM_CM7/r0p1/port.o
 .text.xPortStartScheduler
                0x000000000800bc50       0xf8 Middlewares/Third_Party/FreeRTOS/Source/portable/GCC/ARM_CM7/r0p1/port.o
                0x000000000800bc50                xPortStartScheduler
 .text.vPortEnterCritical
                0x000000000800bd48       0x64 Middlewares/Third_Party/FreeRTOS/Source/portable/GCC/ARM_CM7/r0p1/port.o
                0x000000000800bd48                vPortEnterCritical
 .text.vPortExitCritical
                0x000000000800bdac       0x54 Middlewares/Third_Party/FreeRTOS/Source/portable/GCC/ARM_CM7/r0p1/port.o
                0x000000000800bdac                vPortExitCritical
 .text.PendSV_Handler
                0x000000000800be00       0x68 Middlewares/Third_Party/FreeRTOS/Source/portable/GCC/ARM_CM7/r0p1/port.o
                0x000000000800be00                PendSV_Handler
 .text.SysTick_Handler
                0x000000000800be68       0x44 Middlewares/Third_Party/FreeRTOS/Source/portable/GCC/ARM_CM7/r0p1/port.o
                0x000000000800be68                SysTick_Handler
 .text.vPortSetupTimerInterrupt
                0x000000000800beac       0x48 Middlewares/Third_Party/FreeRTOS/Source/portable/GCC/ARM_CM7/r0p1/port.o
                0x000000000800beac                vPortSetupTimerInterrupt
 .text.vPortEnableVFP
                0x000000000800bef4       0x14 Middlewares/Third_Party/FreeRTOS/Source/portable/GCC/ARM_CM7/r0p1/port.o
 .text.vPortValidateInterruptPriority
                0x000000000800bf08       0x84 Middlewares/Third_Party/FreeRTOS/Source/portable/GCC/ARM_CM7/r0p1/port.o
                0x000000000800bf08                vPortValidateInterruptPriority
 .text.pvPortMalloc
                0x000000000800bf8c      0x190 Middlewares/Third_Party/FreeRTOS/Source/portable/MemMang/heap_4.o
                0x000000000800bf8c                pvPortMalloc
 .text.vPortFree
                0x000000000800c11c       0xb8 Middlewares/Third_Party/FreeRTOS/Source/portable/MemMang/heap_4.o
                0x000000000800c11c                vPortFree
 .text.prvHeapInit
                0x000000000800c1d4       0xc4 Middlewares/Third_Party/FreeRTOS/Source/portable/MemMang/heap_4.o
 .text.prvInsertBlockIntoFreeList
                0x000000000800c298       0xb4 Middlewares/Third_Party/FreeRTOS/Source/portable/MemMang/heap_4.o
 .text.arm_sin_f32
                0x000000000800c34c       0x88 ../CMSIS/Lib/libarm_cortexM7lfsp_math.a(arm_sin_f32.o)
                0x000000000800c34c                arm_sin_f32
 .text.__cxa_guard_acquire
                0x000000000800c3d4       0x18 /Applications/STM32CubeIDE.app/Contents/Eclipse/plugins/com.st.stm32cube.ide.mcu.externaltools.gnu-tools-for-stm32.7-2018-q2-update.macos64_1.5.0.202011040924/tools/bin/../lib/gcc/arm-none-eabi/7.3.1/../../../../arm-none-eabi/lib/thumb/v7e-m/fpv4-sp/hard/libstdc++_nano.a(guard.o)
                0x000000000800c3d4                __cxa_guard_acquire
 .text.__cxa_guard_release
                0x000000000800c3ec        0x6 /Applications/STM32CubeIDE.app/Contents/Eclipse/plugins/com.st.stm32cube.ide.mcu.externaltools.gnu-tools-for-stm32.7-2018-q2-update.macos64_1.5.0.202011040924/tools/bin/../lib/gcc/arm-none-eabi/7.3.1/../../../../arm-none-eabi/lib/thumb/v7e-m/fpv4-sp/hard/libstdc++_nano.a(guard.o)
                0x000000000800c3ec                __cxa_guard_release
 .text.__cxa_pure_virtual
                0x000000000800c3f2        0x6 /Applications/STM32CubeIDE.app/Contents/Eclipse/plugins/com.st.stm32cube.ide.mcu.externaltools.gnu-tools-for-stm32.7-2018-q2-update.macos64_1.5.0.202011040924/tools/bin/../lib/gcc/arm-none-eabi/7.3.1/../../../../arm-none-eabi/lib/thumb/v7e-m/fpv4-sp/hard/libstdc++_nano.a(pure.o)
                0x000000000800c3f2                __cxa_pure_virtual
 .text._ZN10__cxxabiv111__terminateEPFvvE
                0x000000000800c3f8        0x8 /Applications/STM32CubeIDE.app/Contents/Eclipse/plugins/com.st.stm32cube.ide.mcu.externaltools.gnu-tools-for-stm32.7-2018-q2-update.macos64_1.5.0.202011040924/tools/bin/../lib/gcc/arm-none-eabi/7.3.1/../../../../arm-none-eabi/lib/thumb/v7e-m/fpv4-sp/hard/libstdc++_nano.a(eh_terminate.o)
                0x000000000800c3f8                __cxxabiv1::__terminate(void (*)())
 .text._ZSt13get_terminatev
                0x000000000800c400       0x10 /Applications/STM32CubeIDE.app/Contents/Eclipse/plugins/com.st.stm32cube.ide.mcu.externaltools.gnu-tools-for-stm32.7-2018-q2-update.macos64_1.5.0.202011040924/tools/bin/../lib/gcc/arm-none-eabi/7.3.1/../../../../arm-none-eabi/lib/thumb/v7e-m/fpv4-sp/hard/libstdc++_nano.a(eh_terminate.o)
                0x000000000800c400                std::get_terminate()
 .text._ZSt9terminatev
                0x000000000800c410        0xa /Applications/STM32CubeIDE.app/Contents/Eclipse/plugins/com.st.stm32cube.ide.mcu.externaltools.gnu-tools-for-stm32.7-2018-q2-update.macos64_1.5.0.202011040924/tools/bin/../lib/gcc/arm-none-eabi/7.3.1/../../../../arm-none-eabi/lib/thumb/v7e-m/fpv4-sp/hard/libstdc++_nano.a(eh_terminate.o)
                0x000000000800c410                std::terminate()
 *fill*         0x000000000800c41a        0x6 
 .text.floor    0x000000000800c420      0x108 /Applications/STM32CubeIDE.app/Contents/Eclipse/plugins/com.st.stm32cube.ide.mcu.externaltools.gnu-tools-for-stm32.7-2018-q2-update.macos64_1.5.0.202011040924/tools/bin/../lib/gcc/arm-none-eabi/7.3.1/../../../../arm-none-eabi/lib/thumb/v7e-m/fpv4-sp/hard/libm.a(lib_a-s_floor.o)
                0x000000000800c420                floor
 .text.abort    0x000000000800c528        0xe /Applications/STM32CubeIDE.app/Contents/Eclipse/plugins/com.st.stm32cube.ide.mcu.externaltools.gnu-tools-for-stm32.7-2018-q2-update.macos64_1.5.0.202011040924/tools/bin/../lib/gcc/arm-none-eabi/7.3.1/../../../../arm-none-eabi/lib/thumb/v7e-m/fpv4-sp/hard/libc_nano.a(lib_a-abort.o)
                0x000000000800c528                abort
 *fill*         0x000000000800c536        0x2 
 .text.__errno  0x000000000800c538        0xc /Applications/STM32CubeIDE.app/Contents/Eclipse/plugins/com.st.stm32cube.ide.mcu.externaltools.gnu-tools-for-stm32.7-2018-q2-update.macos64_1.5.0.202011040924/tools/bin/../lib/gcc/arm-none-eabi/7.3.1/../../../../arm-none-eabi/lib/thumb/v7e-m/fpv4-sp/hard/libc_nano.a(lib_a-errno.o)
                0x000000000800c538                __errno
 .text.__libc_init_array
                0x000000000800c544       0x48 /Applications/STM32CubeIDE.app/Contents/Eclipse/plugins/com.st.stm32cube.ide.mcu.externaltools.gnu-tools-for-stm32.7-2018-q2-update.macos64_1.5.0.202011040924/tools/bin/../lib/gcc/arm-none-eabi/7.3.1/../../../../arm-none-eabi/lib/thumb/v7e-m/fpv4-sp/hard/libc_nano.a(lib_a-init.o)
                0x000000000800c544                __libc_init_array
 .text.memcpy   0x000000000800c58c       0x16 /Applications/STM32CubeIDE.app/Contents/Eclipse/plugins/com.st.stm32cube.ide.mcu.externaltools.gnu-tools-for-stm32.7-2018-q2-update.macos64_1.5.0.202011040924/tools/bin/../lib/gcc/arm-none-eabi/7.3.1/../../../../arm-none-eabi/lib/thumb/v7e-m/fpv4-sp/hard/libc_nano.a(lib_a-memcpy-stub.o)
                0x000000000800c58c                memcpy
 .text.memset   0x000000000800c5a2       0x10 /Applications/STM32CubeIDE.app/Contents/Eclipse/plugins/com.st.stm32cube.ide.mcu.externaltools.gnu-tools-for-stm32.7-2018-q2-update.macos64_1.5.0.202011040924/tools/bin/../lib/gcc/arm-none-eabi/7.3.1/../../../../arm-none-eabi/lib/thumb/v7e-m/fpv4-sp/hard/libc_nano.a(lib_a-memset.o)
                0x000000000800c5a2                memset
 .text.__cvt    0x000000000800c5b2       0xc2 /Applications/STM32CubeIDE.app/Contents/Eclipse/plugins/com.st.stm32cube.ide.mcu.externaltools.gnu-tools-for-stm32.7-2018-q2-update.macos64_1.5.0.202011040924/tools/bin/../lib/gcc/arm-none-eabi/7.3.1/../../../../arm-none-eabi/lib/thumb/v7e-m/fpv4-sp/hard/libc_nano.a(lib_a-nano-vfprintf_float.o)
                0x000000000800c5b2                __cvt
 .text.__exponent
                0x000000000800c674       0x66 /Applications/STM32CubeIDE.app/Contents/Eclipse/plugins/com.st.stm32cube.ide.mcu.externaltools.gnu-tools-for-stm32.7-2018-q2-update.macos64_1.5.0.202011040924/tools/bin/../lib/gcc/arm-none-eabi/7.3.1/../../../../arm-none-eabi/lib/thumb/v7e-m/fpv4-sp/hard/libc_nano.a(lib_a-nano-vfprintf_float.o)
                0x000000000800c674                __exponent
 *fill*         0x000000000800c6da        0x2 
 .text._printf_float
                0x000000000800c6dc      0x480 /Applications/STM32CubeIDE.app/Contents/Eclipse/plugins/com.st.stm32cube.ide.mcu.externaltools.gnu-tools-for-stm32.7-2018-q2-update.macos64_1.5.0.202011040924/tools/bin/../lib/gcc/arm-none-eabi/7.3.1/../../../../arm-none-eabi/lib/thumb/v7e-m/fpv4-sp/hard/libc_nano.a(lib_a-nano-vfprintf_float.o)
                0x000000000800c6dc                _printf_float
 .text._printf_common
                0x000000000800cb5c       0xea /Applications/STM32CubeIDE.app/Contents/Eclipse/plugins/com.st.stm32cube.ide.mcu.externaltools.gnu-tools-for-stm32.7-2018-q2-update.macos64_1.5.0.202011040924/tools/bin/../lib/gcc/arm-none-eabi/7.3.1/../../../../arm-none-eabi/lib/thumb/v7e-m/fpv4-sp/hard/libc_nano.a(lib_a-nano-vfprintf_i.o)
                0x000000000800cb5c                _printf_common
 *fill*         0x000000000800cc46        0x2 
 .text._printf_i
                0x000000000800cc48      0x224 /Applications/STM32CubeIDE.app/Contents/Eclipse/plugins/com.st.stm32cube.ide.mcu.externaltools.gnu-tools-for-stm32.7-2018-q2-update.macos64_1.5.0.202011040924/tools/bin/../lib/gcc/arm-none-eabi/7.3.1/../../../../arm-none-eabi/lib/thumb/v7e-m/fpv4-sp/hard/libc_nano.a(lib_a-nano-vfprintf_i.o)
                0x000000000800cc48                _printf_i
 .text.printf   0x000000000800ce6c       0x30 /Applications/STM32CubeIDE.app/Contents/Eclipse/plugins/com.st.stm32cube.ide.mcu.externaltools.gnu-tools-for-stm32.7-2018-q2-update.macos64_1.5.0.202011040924/tools/bin/../lib/gcc/arm-none-eabi/7.3.1/../../../../arm-none-eabi/lib/thumb/v7e-m/fpv4-sp/hard/libc_nano.a(lib_a-printf.o)
                0x000000000800ce6c                printf
                0x000000000800ce6c                iprintf
 .text._puts_r  0x000000000800ce9c       0xb8 /Applications/STM32CubeIDE.app/Contents/Eclipse/plugins/com.st.stm32cube.ide.mcu.externaltools.gnu-tools-for-stm32.7-2018-q2-update.macos64_1.5.0.202011040924/tools/bin/../lib/gcc/arm-none-eabi/7.3.1/../../../../arm-none-eabi/lib/thumb/v7e-m/fpv4-sp/hard/libc_nano.a(lib_a-puts.o)
                0x000000000800ce9c                _puts_r
 .text.puts     0x000000000800cf54       0x10 /Applications/STM32CubeIDE.app/Contents/Eclipse/plugins/com.st.stm32cube.ide.mcu.externaltools.gnu-tools-for-stm32.7-2018-q2-update.macos64_1.5.0.202011040924/tools/bin/../lib/gcc/arm-none-eabi/7.3.1/../../../../arm-none-eabi/lib/thumb/v7e-m/fpv4-sp/hard/libc_nano.a(lib_a-puts.o)
                0x000000000800cf54                puts
 .text._raise_r
                0x000000000800cf64       0x50 /Applications/STM32CubeIDE.app/Contents/Eclipse/plugins/com.st.stm32cube.ide.mcu.externaltools.gnu-tools-for-stm32.7-2018-q2-update.macos64_1.5.0.202011040924/tools/bin/../lib/gcc/arm-none-eabi/7.3.1/../../../../arm-none-eabi/lib/thumb/v7e-m/fpv4-sp/hard/libc_nano.a(lib_a-signal.o)
                0x000000000800cf64                _raise_r
 .text.raise    0x000000000800cfb4       0x10 /Applications/STM32CubeIDE.app/Contents/Eclipse/plugins/com.st.stm32cube.ide.mcu.externaltools.gnu-tools-for-stm32.7-2018-q2-update.macos64_1.5.0.202011040924/tools/bin/../lib/gcc/arm-none-eabi/7.3.1/../../../../arm-none-eabi/lib/thumb/v7e-m/fpv4-sp/hard/libc_nano.a(lib_a-signal.o)
                0x000000000800cfb4                raise
 .text._kill_r  0x000000000800cfc4       0x24 /Applications/STM32CubeIDE.app/Contents/Eclipse/plugins/com.st.stm32cube.ide.mcu.externaltools.gnu-tools-for-stm32.7-2018-q2-update.macos64_1.5.0.202011040924/tools/bin/../lib/gcc/arm-none-eabi/7.3.1/../../../../arm-none-eabi/lib/thumb/v7e-m/fpv4-sp/hard/libc_nano.a(lib_a-signalr.o)
                0x000000000800cfc4                _kill_r
 .text._getpid_r
                0x000000000800cfe8        0x4 /Applications/STM32CubeIDE.app/Contents/Eclipse/plugins/com.st.stm32cube.ide.mcu.externaltools.gnu-tools-for-stm32.7-2018-q2-update.macos64_1.5.0.202011040924/tools/bin/../lib/gcc/arm-none-eabi/7.3.1/../../../../arm-none-eabi/lib/thumb/v7e-m/fpv4-sp/hard/libc_nano.a(lib_a-signalr.o)
                0x000000000800cfe8                _getpid_r
 .text.__swbuf_r
                0x000000000800cfec       0xa4 /Applications/STM32CubeIDE.app/Contents/Eclipse/plugins/com.st.stm32cube.ide.mcu.externaltools.gnu-tools-for-stm32.7-2018-q2-update.macos64_1.5.0.202011040924/tools/bin/../lib/gcc/arm-none-eabi/7.3.1/../../../../arm-none-eabi/lib/thumb/v7e-m/fpv4-sp/hard/libc_nano.a(lib_a-wbuf.o)
                0x000000000800cfec                __swbuf_r
 .text.__swsetup_r
                0x000000000800d090       0xdc /Applications/STM32CubeIDE.app/Contents/Eclipse/plugins/com.st.stm32cube.ide.mcu.externaltools.gnu-tools-for-stm32.7-2018-q2-update.macos64_1.5.0.202011040924/tools/bin/../lib/gcc/arm-none-eabi/7.3.1/../../../../arm-none-eabi/lib/thumb/v7e-m/fpv4-sp/hard/libc_nano.a(lib_a-wsetup.o)
                0x000000000800d090                __swsetup_r
 .text.quorem   0x000000000800d16c      0x118 /Applications/STM32CubeIDE.app/Contents/Eclipse/plugins/com.st.stm32cube.ide.mcu.externaltools.gnu-tools-for-stm32.7-2018-q2-update.macos64_1.5.0.202011040924/tools/bin/../lib/gcc/arm-none-eabi/7.3.1/../../../../arm-none-eabi/lib/thumb/v7e-m/fpv4-sp/hard/libc_nano.a(lib_a-dtoa.o)
 *fill*         0x000000000800d284        0x4 
 .text._dtoa_r  0x000000000800d288      0xb70 /Applications/STM32CubeIDE.app/Contents/Eclipse/plugins/com.st.stm32cube.ide.mcu.externaltools.gnu-tools-for-stm32.7-2018-q2-update.macos64_1.5.0.202011040924/tools/bin/../lib/gcc/arm-none-eabi/7.3.1/../../../../arm-none-eabi/lib/thumb/v7e-m/fpv4-sp/hard/libc_nano.a(lib_a-dtoa.o)
                0x000000000800d288                _dtoa_r
 .text.__sflush_r
                0x000000000800ddf8      0x10c /Applications/STM32CubeIDE.app/Contents/Eclipse/plugins/com.st.stm32cube.ide.mcu.externaltools.gnu-tools-for-stm32.7-2018-q2-update.macos64_1.5.0.202011040924/tools/bin/../lib/gcc/arm-none-eabi/7.3.1/../../../../arm-none-eabi/lib/thumb/v7e-m/fpv4-sp/hard/libc_nano.a(lib_a-fflush.o)
                0x000000000800ddf8                __sflush_r
 .text._fflush_r
                0x000000000800df04       0x54 /Applications/STM32CubeIDE.app/Contents/Eclipse/plugins/com.st.stm32cube.ide.mcu.externaltools.gnu-tools-for-stm32.7-2018-q2-update.macos64_1.5.0.202011040924/tools/bin/../lib/gcc/arm-none-eabi/7.3.1/../../../../arm-none-eabi/lib/thumb/v7e-m/fpv4-sp/hard/libc_nano.a(lib_a-fflush.o)
                0x000000000800df04                _fflush_r
 .text.std      0x000000000800df58       0x48 /Applications/STM32CubeIDE.app/Contents/Eclipse/plugins/com.st.stm32cube.ide.mcu.externaltools.gnu-tools-for-stm32.7-2018-q2-update.macos64_1.5.0.202011040924/tools/bin/../lib/gcc/arm-none-eabi/7.3.1/../../../../arm-none-eabi/lib/thumb/v7e-m/fpv4-sp/hard/libc_nano.a(lib_a-findfp.o)
 .text._cleanup_r
                0x000000000800dfa0        0xc /Applications/STM32CubeIDE.app/Contents/Eclipse/plugins/com.st.stm32cube.ide.mcu.externaltools.gnu-tools-for-stm32.7-2018-q2-update.macos64_1.5.0.202011040924/tools/bin/../lib/gcc/arm-none-eabi/7.3.1/../../../../arm-none-eabi/lib/thumb/v7e-m/fpv4-sp/hard/libc_nano.a(lib_a-findfp.o)
                0x000000000800dfa0                _cleanup_r
 .text.__sfmoreglue
                0x000000000800dfac       0x2c /Applications/STM32CubeIDE.app/Contents/Eclipse/plugins/com.st.stm32cube.ide.mcu.externaltools.gnu-tools-for-stm32.7-2018-q2-update.macos64_1.5.0.202011040924/tools/bin/../lib/gcc/arm-none-eabi/7.3.1/../../../../arm-none-eabi/lib/thumb/v7e-m/fpv4-sp/hard/libc_nano.a(lib_a-findfp.o)
                0x000000000800dfac                __sfmoreglue
 .text.__sinit  0x000000000800dfd8       0x60 /Applications/STM32CubeIDE.app/Contents/Eclipse/plugins/com.st.stm32cube.ide.mcu.externaltools.gnu-tools-for-stm32.7-2018-q2-update.macos64_1.5.0.202011040924/tools/bin/../lib/gcc/arm-none-eabi/7.3.1/../../../../arm-none-eabi/lib/thumb/v7e-m/fpv4-sp/hard/libc_nano.a(lib_a-findfp.o)
                0x000000000800dfd8                __sinit
 .text.__sfp    0x000000000800e038       0x78 /Applications/STM32CubeIDE.app/Contents/Eclipse/plugins/com.st.stm32cube.ide.mcu.externaltools.gnu-tools-for-stm32.7-2018-q2-update.macos64_1.5.0.202011040924/tools/bin/../lib/gcc/arm-none-eabi/7.3.1/../../../../arm-none-eabi/lib/thumb/v7e-m/fpv4-sp/hard/libc_nano.a(lib_a-findfp.o)
                0x000000000800e038                __sfp
 .text._fwalk_reent
                0x000000000800e0b0       0x3c /Applications/STM32CubeIDE.app/Contents/Eclipse/plugins/com.st.stm32cube.ide.mcu.externaltools.gnu-tools-for-stm32.7-2018-q2-update.macos64_1.5.0.202011040924/tools/bin/../lib/gcc/arm-none-eabi/7.3.1/../../../../arm-none-eabi/lib/thumb/v7e-m/fpv4-sp/hard/libc_nano.a(lib_a-fwalk.o)
                0x000000000800e0b0                _fwalk_reent
 .text._localeconv_r
                0x000000000800e0ec       0x1c /Applications/STM32CubeIDE.app/Contents/Eclipse/plugins/com.st.stm32cube.ide.mcu.externaltools.gnu-tools-for-stm32.7-2018-q2-update.macos64_1.5.0.202011040924/tools/bin/../lib/gcc/arm-none-eabi/7.3.1/../../../../arm-none-eabi/lib/thumb/v7e-m/fpv4-sp/hard/libc_nano.a(lib_a-localeconv.o)
                0x000000000800e0ec                _localeconv_r
 .text.__swhatbuf_r
                0x000000000800e108       0x48 /Applications/STM32CubeIDE.app/Contents/Eclipse/plugins/com.st.stm32cube.ide.mcu.externaltools.gnu-tools-for-stm32.7-2018-q2-update.macos64_1.5.0.202011040924/tools/bin/../lib/gcc/arm-none-eabi/7.3.1/../../../../arm-none-eabi/lib/thumb/v7e-m/fpv4-sp/hard/libc_nano.a(lib_a-makebuf.o)
                0x000000000800e108                __swhatbuf_r
 .text.__smakebuf_r
                0x000000000800e150       0x80 /Applications/STM32CubeIDE.app/Contents/Eclipse/plugins/com.st.stm32cube.ide.mcu.externaltools.gnu-tools-for-stm32.7-2018-q2-update.macos64_1.5.0.202011040924/tools/bin/../lib/gcc/arm-none-eabi/7.3.1/../../../../arm-none-eabi/lib/thumb/v7e-m/fpv4-sp/hard/libc_nano.a(lib_a-makebuf.o)
                0x000000000800e150                __smakebuf_r
 .text.malloc   0x000000000800e1d0       0x10 /Applications/STM32CubeIDE.app/Contents/Eclipse/plugins/com.st.stm32cube.ide.mcu.externaltools.gnu-tools-for-stm32.7-2018-q2-update.macos64_1.5.0.202011040924/tools/bin/../lib/gcc/arm-none-eabi/7.3.1/../../../../arm-none-eabi/lib/thumb/v7e-m/fpv4-sp/hard/libc_nano.a(lib_a-malloc.o)
                0x000000000800e1d0                malloc
 .text._Balloc  0x000000000800e1e0       0x68 /Applications/STM32CubeIDE.app/Contents/Eclipse/plugins/com.st.stm32cube.ide.mcu.externaltools.gnu-tools-for-stm32.7-2018-q2-update.macos64_1.5.0.202011040924/tools/bin/../lib/gcc/arm-none-eabi/7.3.1/../../../../arm-none-eabi/lib/thumb/v7e-m/fpv4-sp/hard/libc_nano.a(lib_a-mprec.o)
                0x000000000800e1e0                _Balloc
 .text._Bfree   0x000000000800e248       0x2e /Applications/STM32CubeIDE.app/Contents/Eclipse/plugins/com.st.stm32cube.ide.mcu.externaltools.gnu-tools-for-stm32.7-2018-q2-update.macos64_1.5.0.202011040924/tools/bin/../lib/gcc/arm-none-eabi/7.3.1/../../../../arm-none-eabi/lib/thumb/v7e-m/fpv4-sp/hard/libc_nano.a(lib_a-mprec.o)
                0x000000000800e248                _Bfree
 .text.__multadd
                0x000000000800e276       0x76 /Applications/STM32CubeIDE.app/Contents/Eclipse/plugins/com.st.stm32cube.ide.mcu.externaltools.gnu-tools-for-stm32.7-2018-q2-update.macos64_1.5.0.202011040924/tools/bin/../lib/gcc/arm-none-eabi/7.3.1/../../../../arm-none-eabi/lib/thumb/v7e-m/fpv4-sp/hard/libc_nano.a(lib_a-mprec.o)
                0x000000000800e276                __multadd
 .text.__hi0bits
                0x000000000800e2ec       0x3e /Applications/STM32CubeIDE.app/Contents/Eclipse/plugins/com.st.stm32cube.ide.mcu.externaltools.gnu-tools-for-stm32.7-2018-q2-update.macos64_1.5.0.202011040924/tools/bin/../lib/gcc/arm-none-eabi/7.3.1/../../../../arm-none-eabi/lib/thumb/v7e-m/fpv4-sp/hard/libc_nano.a(lib_a-mprec.o)
                0x000000000800e2ec                __hi0bits
 .text.__lo0bits
                0x000000000800e32a       0x5e /Applications/STM32CubeIDE.app/Contents/Eclipse/plugins/com.st.stm32cube.ide.mcu.externaltools.gnu-tools-for-stm32.7-2018-q2-update.macos64_1.5.0.202011040924/tools/bin/../lib/gcc/arm-none-eabi/7.3.1/../../../../arm-none-eabi/lib/thumb/v7e-m/fpv4-sp/hard/libc_nano.a(lib_a-mprec.o)
                0x000000000800e32a                __lo0bits
 .text.__i2b    0x000000000800e388       0x12 /Applications/STM32CubeIDE.app/Contents/Eclipse/plugins/com.st.stm32cube.ide.mcu.externaltools.gnu-tools-for-stm32.7-2018-q2-update.macos64_1.5.0.202011040924/tools/bin/../lib/gcc/arm-none-eabi/7.3.1/../../../../arm-none-eabi/lib/thumb/v7e-m/fpv4-sp/hard/libc_nano.a(lib_a-mprec.o)
                0x000000000800e388                __i2b
 .text.__multiply
                0x000000000800e39a      0x12c /Applications/STM32CubeIDE.app/Contents/Eclipse/plugins/com.st.stm32cube.ide.mcu.externaltools.gnu-tools-for-stm32.7-2018-q2-update.macos64_1.5.0.202011040924/tools/bin/../lib/gcc/arm-none-eabi/7.3.1/../../../../arm-none-eabi/lib/thumb/v7e-m/fpv4-sp/hard/libc_nano.a(lib_a-mprec.o)
                0x000000000800e39a                __multiply
 *fill*         0x000000000800e4c6        0x2 
 .text.__pow5mult
                0x000000000800e4c8       0x9c /Applications/STM32CubeIDE.app/Contents/Eclipse/plugins/com.st.stm32cube.ide.mcu.externaltools.gnu-tools-for-stm32.7-2018-q2-update.macos64_1.5.0.202011040924/tools/bin/../lib/gcc/arm-none-eabi/7.3.1/../../../../arm-none-eabi/lib/thumb/v7e-m/fpv4-sp/hard/libc_nano.a(lib_a-mprec.o)
                0x000000000800e4c8                __pow5mult
 .text.__lshift
                0x000000000800e564       0xa8 /Applications/STM32CubeIDE.app/Contents/Eclipse/plugins/com.st.stm32cube.ide.mcu.externaltools.gnu-tools-for-stm32.7-2018-q2-update.macos64_1.5.0.202011040924/tools/bin/../lib/gcc/arm-none-eabi/7.3.1/../../../../arm-none-eabi/lib/thumb/v7e-m/fpv4-sp/hard/libc_nano.a(lib_a-mprec.o)
                0x000000000800e564                __lshift
 .text.__mcmp   0x000000000800e60c       0x34 /Applications/STM32CubeIDE.app/Contents/Eclipse/plugins/com.st.stm32cube.ide.mcu.externaltools.gnu-tools-for-stm32.7-2018-q2-update.macos64_1.5.0.202011040924/tools/bin/../lib/gcc/arm-none-eabi/7.3.1/../../../../arm-none-eabi/lib/thumb/v7e-m/fpv4-sp/hard/libc_nano.a(lib_a-mprec.o)
                0x000000000800e60c                __mcmp
 .text.__mdiff  0x000000000800e640       0xba /Applications/STM32CubeIDE.app/Contents/Eclipse/plugins/com.st.stm32cube.ide.mcu.externaltools.gnu-tools-for-stm32.7-2018-q2-update.macos64_1.5.0.202011040924/tools/bin/../lib/gcc/arm-none-eabi/7.3.1/../../../../arm-none-eabi/lib/thumb/v7e-m/fpv4-sp/hard/libc_nano.a(lib_a-mprec.o)
                0x000000000800e640                __mdiff
 .text.__d2b    0x000000000800e6fa       0x9e /Applications/STM32CubeIDE.app/Contents/Eclipse/plugins/com.st.stm32cube.ide.mcu.externaltools.gnu-tools-for-stm32.7-2018-q2-update.macos64_1.5.0.202011040924/tools/bin/../lib/gcc/arm-none-eabi/7.3.1/../../../../arm-none-eabi/lib/thumb/v7e-m/fpv4-sp/hard/libc_nano.a(lib_a-mprec.o)
                0x000000000800e6fa                __d2b
 .text._calloc_r
                0x000000000800e798       0x1c /Applications/STM32CubeIDE.app/Contents/Eclipse/plugins/com.st.stm32cube.ide.mcu.externaltools.gnu-tools-for-stm32.7-2018-q2-update.macos64_1.5.0.202011040924/tools/bin/../lib/gcc/arm-none-eabi/7.3.1/../../../../arm-none-eabi/lib/thumb/v7e-m/fpv4-sp/hard/libc_nano.a(lib_a-nano-callocr.o)
                0x000000000800e798                _calloc_r
 .text._free_r  0x000000000800e7b4       0x9c /Applications/STM32CubeIDE.app/Contents/Eclipse/plugins/com.st.stm32cube.ide.mcu.externaltools.gnu-tools-for-stm32.7-2018-q2-update.macos64_1.5.0.202011040924/tools/bin/../lib/gcc/arm-none-eabi/7.3.1/../../../../arm-none-eabi/lib/thumb/v7e-m/fpv4-sp/hard/libc_nano.a(lib_a-nano-freer.o)
                0x000000000800e7b4                _free_r
 .text._malloc_r
                0x000000000800e850       0xb4 /Applications/STM32CubeIDE.app/Contents/Eclipse/plugins/com.st.stm32cube.ide.mcu.externaltools.gnu-tools-for-stm32.7-2018-q2-update.macos64_1.5.0.202011040924/tools/bin/../lib/gcc/arm-none-eabi/7.3.1/../../../../arm-none-eabi/lib/thumb/v7e-m/fpv4-sp/hard/libc_nano.a(lib_a-nano-mallocr.o)
                0x000000000800e850                _malloc_r
 .text.__sfputc_r
                0x000000000800e904       0x2e /Applications/STM32CubeIDE.app/Contents/Eclipse/plugins/com.st.stm32cube.ide.mcu.externaltools.gnu-tools-for-stm32.7-2018-q2-update.macos64_1.5.0.202011040924/tools/bin/../lib/gcc/arm-none-eabi/7.3.1/../../../../arm-none-eabi/lib/thumb/v7e-m/fpv4-sp/hard/libc_nano.a(lib_a-nano-vfprintf.o)
 .text.__sfputs_r
                0x000000000800e932       0x24 /Applications/STM32CubeIDE.app/Contents/Eclipse/plugins/com.st.stm32cube.ide.mcu.externaltools.gnu-tools-for-stm32.7-2018-q2-update.macos64_1.5.0.202011040924/tools/bin/../lib/gcc/arm-none-eabi/7.3.1/../../../../arm-none-eabi/lib/thumb/v7e-m/fpv4-sp/hard/libc_nano.a(lib_a-nano-vfprintf.o)
                0x000000000800e932                __sfputs_r
 *fill*         0x000000000800e956        0x2 
 .text._vfprintf_r
                0x000000000800e958      0x22c /Applications/STM32CubeIDE.app/Contents/Eclipse/plugins/com.st.stm32cube.ide.mcu.externaltools.gnu-tools-for-stm32.7-2018-q2-update.macos64_1.5.0.202011040924/tools/bin/../lib/gcc/arm-none-eabi/7.3.1/../../../../arm-none-eabi/lib/thumb/v7e-m/fpv4-sp/hard/libc_nano.a(lib_a-nano-vfprintf.o)
                0x000000000800e958                _vfiprintf_r
                0x000000000800e958                _vfprintf_r
 .text._sbrk_r  0x000000000800eb84       0x20 /Applications/STM32CubeIDE.app/Contents/Eclipse/plugins/com.st.stm32cube.ide.mcu.externaltools.gnu-tools-for-stm32.7-2018-q2-update.macos64_1.5.0.202011040924/tools/bin/../lib/gcc/arm-none-eabi/7.3.1/../../../../arm-none-eabi/lib/thumb/v7e-m/fpv4-sp/hard/libc_nano.a(lib_a-sbrkr.o)
                0x000000000800eb84                _sbrk_r
 .text.__sread  0x000000000800eba4       0x22 /Applications/STM32CubeIDE.app/Contents/Eclipse/plugins/com.st.stm32cube.ide.mcu.externaltools.gnu-tools-for-stm32.7-2018-q2-update.macos64_1.5.0.202011040924/tools/bin/../lib/gcc/arm-none-eabi/7.3.1/../../../../arm-none-eabi/lib/thumb/v7e-m/fpv4-sp/hard/libc_nano.a(lib_a-stdio.o)
                0x000000000800eba4                __sread
 .text.__swrite
                0x000000000800ebc6       0x38 /Applications/STM32CubeIDE.app/Contents/Eclipse/plugins/com.st.stm32cube.ide.mcu.externaltools.gnu-tools-for-stm32.7-2018-q2-update.macos64_1.5.0.202011040924/tools/bin/../lib/gcc/arm-none-eabi/7.3.1/../../../../arm-none-eabi/lib/thumb/v7e-m/fpv4-sp/hard/libc_nano.a(lib_a-stdio.o)
                0x000000000800ebc6                __swrite
 .text.__sseek  0x000000000800ebfe       0x24 /Applications/STM32CubeIDE.app/Contents/Eclipse/plugins/com.st.stm32cube.ide.mcu.externaltools.gnu-tools-for-stm32.7-2018-q2-update.macos64_1.5.0.202011040924/tools/bin/../lib/gcc/arm-none-eabi/7.3.1/../../../../arm-none-eabi/lib/thumb/v7e-m/fpv4-sp/hard/libc_nano.a(lib_a-stdio.o)
                0x000000000800ebfe                __sseek
 .text.__sclose
                0x000000000800ec22        0x8 /Applications/STM32CubeIDE.app/Contents/Eclipse/plugins/com.st.stm32cube.ide.mcu.externaltools.gnu-tools-for-stm32.7-2018-q2-update.macos64_1.5.0.202011040924/tools/bin/../lib/gcc/arm-none-eabi/7.3.1/../../../../arm-none-eabi/lib/thumb/v7e-m/fpv4-sp/hard/libc_nano.a(lib_a-stdio.o)
                0x000000000800ec22                __sclose
 *fill*         0x000000000800ec2a        0x2 
 .text._write_r